iwmap 4
"script_startingnumber" 0
"000_Global" flags  active
"The Map" flags expanded 
// entity 0
{
guid "{DDF51374-9666-11E6-9E90-D43D7E9F9DAB}"
"classname" "worldspawn"
"lightingquality" "1024"
"samplescale" "1"
"skyboxmodel" "skybox_default_day"
"ssi" "default_day"
"wsi" "default_day"
"fsi" "default"
"gravity" "800"
"lodbias" "default"
"lutmaterial" "luts_t7_default"
"numOmniShadowSlices" "24"
"numSpotShadowSlices" "64"
"sky_intensity_factor0" "1"
"sky_intensity_factor1" "1"
"state_alias_1" "State 1"
"state_alias_2" "State 2"
"state_alias_3" "State 3"
"state_alias_4" "State 4"
}
// entity 1
{
guid "{43C548AC-98B1-11E6-9C47-14DDA9E204AF}"
"classname" "trigger_use"
"targetname" "gameroom_trigger"
"_color" "0.3 0.5 0.8"
"cursorhint" "HINT_ACTIVATE"
// brush 0
{
 guid "{43C548AB-98B1-11E6-9C47-14DDA9E204AF}"
 ( 4 12 0 ) ( -8 12 0 ) ( -8 0 0 ) trigger 64 64 -8 0 0 0 lightmap_gray 16384 16384 -8 0 0 0
 ( 12 0 104 ) ( 12 12 104 ) ( 24 12 104 ) trigger 64 64 12 0 0 0 lightmap_gray 16384 16384 12 0 0 0
 ( -16 -120 48 ) ( -4 -120 48 ) ( -4 -120 0 ) trigger 64 64 -16 0 0 0 lightmap_gray 16384 16384 -16 0 0 0
 ( 40 52 48 ) ( 40 64 48 ) ( 40 64 0 ) trigger 64 64 52 0 0 0 lightmap_gray 16384 16384 52 0 0 0
 ( 8 120 48 ) ( -4 120 48 ) ( -4 120 0 ) trigger 64 64 -4 0 0 0 lightmap_gray 16384 16384 -4 0 0 0
 ( -40 12 48 ) ( -40 0 48 ) ( -40 0 0 ) trigger 64 64 0 0 0 0 lightmap_gray 16384 16384 0 0 0 0
}
}
// entity 2
{
guid "{E6806097-98B1-11E6-9C47-14DDA9E204AF}"
"classname" "script_brushmodel"
"targetname" "gameroom_door_clip"
"_color" "0 0.5 0.8"
"lightingstate1" "1"
"lightingstate2" "1"
"lightingstate3" "1"
"lightingstate4" "1"
"shadow_casting" "1"
// brush 0
{
 guid "{CDBAA662-98B1-11E6-9C47-14DDA9E204AF}"
 ( 4 60 0 ) ( -4 60 0 ) ( -4 -60 0 ) clip 64 64 0 0 0 0 lightmap_gray 16384 16384 0 0 0 0
 ( -4 -52 104 ) ( -4 68 104 ) ( 4 68 104 ) clip 64 64 0 -8 0 0 lightmap_gray 16384 16384 0 -8 0 0
 ( -4 -120 48 ) ( 4 -120 48 ) ( 4 -120 0 ) clip 64 64 0 0 0 0 lightmap_gray 16384 16384 0 0 0 0
 ( 4 -60 48 ) ( 4 60 48 ) ( 4 60 0 ) clip 64 64 0 0 0 0 lightmap_gray 16384 16384 0 0 0 0
 ( 4 120 44 ) ( -4 120 44 ) ( -4 120 -4 ) clip 64 64 0 4 0 0 lightmap_gray 16384 16384 0 4 0 0
 ( -4 60 48 ) ( -4 -60 48 ) ( -4 -60 0 ) clip 64 64 0 0 0 0 lightmap_gray 16384 16384 0 0 0 0
}
}
// entity 3
{
guid "{BA3A21A9-365D-11E7-A533-14DDA9E204AF}"
"classname" "script_model"
"angles" "4.50301e-006 90.0977 89.9997"
"model" "graffiti_powerdoor"
"modelscale" "0.600000023841858"
"origin" "1.25 -12 49.5"
"targetname" "gameroom_door_graffiti"
"_color" "1 0 0"
"client_server" "ServerSide"
"lightingstate1" "1"
"lightingstate2" "1"
"lightingstate3" "1"
"lightingstate4" "1"
"shadow_casting" "1"
}
// entity 4
{
guid "{E03C81CB-98B0-11E6-9C47-14DDA9E204AF}"
"classname" "script_model"
"angles" "180 90 90"
"model" "shopping_door_blind"
"modelscale" "2"
"targetname" "gameroom_door"
"_color" "1 0 0"
"client_server" "ServerSide"
"lightingstate1" "1"
"lightingstate2" "1"
"lightingstate3" "1"
"lightingstate4" "1"
"shadow_casting" "1"
}
