iwmap 4
"script_startingnumber" 0
"000_Global" flags  active
"The Map" flags expanded 
// entity 0
{
guid "{01390E78-90A8-11E6-9C42-14DDA9E204AF}"
"classname" "worldspawn"
"lightingquality" "1024"
"samplescale" "1"
"skyboxmodel" "skybox_default_day"
"ssi" "default_day"
"wsi" "default_day"
"fsi" "default"
"gravity" "800"
"lodbias" "default"
"lutmaterial" "luts_t7_default"
"numOmniShadowSlices" "24"
"numSpotShadowSlices" "64"
"sky_intensity_factor0" "1"
"sky_intensity_factor1" "1"
"state_alias_1" "State 1"
"state_alias_2" "State 2"
"state_alias_3" "State 3"
"state_alias_4" "State 4"
}
// entity 1
{
guid "{9AAF6118-90A4-11E6-9C42-14DDA9E204AF}"
"classname" "light"
"PRIMARY_TYPE" "PRIMARY_SPOT"
"_color" "0.7098 0.7098 0.7098"
"animmode" "loop"
"animscale" "1"
"bulbRadius" "0.00999999977648258"
"cut_on" "6"
"def" "white_light"
"dirSpan" "100 100 100"
"falloffdistance" "5"
"fov_outer" "100"
"name" "light_sleight_003"
"origin" "255.02 -413.949 89.2889"
"ortho_effect" "0.109999999403954"
"penumbraRadius" "3"
"roundness" "0"
"stops" "20.3000000044703"
"superellipse" "0.05 0.5 0.05 0.5"
"ENABLE_FALLOFF" "1"
"PRIMARY_NOSHADOWMAP" "1"
"bake_intensity_scale" "1"
"client_server" "ClientSide"
"def_tile" "1 1"
"excludeDedicated" "Off"
"far_edge" "0.949999988079071"
"lightingstate1" "1"
"lightingstate2" "1"
"lightingstate3" "1"
"lightingstate4" "1"
"radius" "100"
"shadowUpdate" "Never"
"shadowmapScale" "1"
"volumetricSampleCount" "8"
"spawnflags" "84"
}
// entity 2
{
guid "{6113FFFE-90A7-11E6-9C42-14DDA9E204AF}"
"classname" "misc_model"
"angles" "0 0 180"
"model" "lights_poster"
"modelscale" "0.5"
"origin" "255 -414 84"
"lightingstate1" "1"
"lightingstate2" "1"
"lightingstate3" "1"
"lightingstate4" "1"
"static" "1"
}
