iwmap 4
"script_startingnumber" 0
"000_Global" flags  active
"The Map" flags expanded 
// entity 0
{
guid "{DC9C5F9F-2F62-11E7-A533-14DDA9E204AF}"
"classname" "worldspawn"
"lightingquality" "4096"
"lutmaterial" "luts_ayz"
"samplescale" "1"
"skyboxmodel" "skybox_default_day"
"ssi" "default_day"
"wsi" "default_day"
"fsi" "default"
"gravity" "800"
"lodbias" "default"
"numOmniShadowSlices" "24"
"numSpotShadowSlices" "64"
"sky_intensity_factor0" "1"
"sky_intensity_factor1" "1"
"state_alias_1" "State 1"
"state_alias_2" "State 2"
"state_alias_3" "State 3"
"state_alias_4" "State 4"
}
// entity 1
{
guid "{DC9C5FA9-2F62-11E7-A533-14DDA9E204AF}"
"classname" "script_struct"
"angles" "0 60 0"
"model" "p7_zm_vending_doubletap2"
"origin" "176.75 -672.25 0"
"script_noteworthy" "specialty_doubletap2"
"targetname" "zm_perk_machine"
"_color" "1 0 0"
}
// entity 2
{
guid "{DC9C5FAC-2F62-11E7-A533-14DDA9E204AF}"
"classname" "info_null"
"angles" "0 60 0"
"origin" "241.881 -709.922 73.4137"
"target" "auto1"
"targetname" "auto2"
"_color" "0 0.5 0"
}
// entity 3
{
guid "{DC9C5FB2-2F62-11E7-A533-14DDA9E204AF}"
"classname" "light"
"PRIMARY_TYPE" "PRIMARY_SPOT"
"_color" "0.9725 0.9631 0.8118"
"angles" "0 240 90"
"animmode" "loop"
"animscale" "1"
"bulbRadius" "0.00999999977648258"
"def" "white_light"
"dirSpan" "100 100 100"
"fov_outer" "62"
"lightingstate1" "0"
"lightingstate2" "0"
"lightingstate4" "0"
"name" "light_perk_doubletap_002"
"origin" "168.59 -667.605 76.9821"
"penumbraRadius" "3"
"radius" "27"
"roundness" "1"
"stops" "13.3400000089407"
"target" "auto2"
"targetname" "auto1"
"ENABLE_FALLOFF" "1"
"PRIMARY_NOSHADOWMAP" "1"
"bake_intensity_scale" "1"
"client_server" "ClientSide"
"def_tile" "1 1"
"excludeDedicated" "Off"
"falloffdistance" "12"
"far_edge" "0.949999988079071"
"lightingstate3" "1"
"shadowUpdate" "Never"
"shadowmapScale" "1"
"superellipse" "0.75 1 0.75 1"
"volumetricSampleCount" "8"
"spawnflags" "84"
}
// entity 4
{
guid "{DC9C5FB8-2F62-11E7-A533-14DDA9E204AF}"
"classname" "light"
"PRIMARY_NOSHADOWMAP" "0"
"PRIMARY_TYPE" "PRIMARY_SPOT"
"_color" "0.3922 0.372 0.3691"
"angles" "0 60 2.89423"
"animmode" "loop"
"animscale" "1"
"bulbRadius" "0.00999999977648258"
"cut_on" "19"
"def" "white_light"
"dirSpan" "100 100 100"
"fov_outer" "78"
"lightingstate1" "0"
"lightingstate2" "0"
"lightingstate4" "0"
"name" "light_perk_doubletap_002"
"near_edge" "0.11"
"origin" "195.631 -683.53 111.737"
"pcss_max" "0.00999999977648258"
"penumbraRadius" "3"
"roundness" "1"
"stops" "18.1400000447035"
"superellipse" "0.2 1 0.2 1"
"ENABLE_FALLOFF" "1"
"bake_intensity_scale" "1"
"client_server" "ClientSide"
"def_tile" "1 1"
"excludeDedicated" "Off"
"falloffdistance" "12"
"far_edge" "0.949999988079071"
"lightingstate3" "1"
"radius" "100"
"shadowUpdate" "Never"
"shadowmapScale" "1"
"volumetricSampleCount" "8"
"spawnflags" "68"
}
// entity 5
{
guid "{DC9C5FAF-2F62-11E7-A533-14DDA9E204AF}"
"classname" "light"
"PRIMARY_NOSHADOWMAP" "0"
"PRIMARY_TYPE" "PRIMARY_SPOT"
"_color" "0.3922 0.372 0.3691"
"angles" "0 60 90"
"animmode" "loop"
"animscale" "1"
"bulbRadius" "0.00999999977648258"
"cut_on" "68"
"def" "white_light"
"dirSpan" "100 100 100"
"fov_outer" "78"
"lightingstate1" "0"
"lightingstate2" "0"
"lightingstate4" "0"
"name" "light_perk_doubletap_002"
"origin" "252.344 -716.273 74.7576"
"pcss_max" "0.00999999977648258"
"penumbraRadius" "3"
"roundness" "1"
"stops" "11.0399999731779"
"superellipse" "0.2 1 0.2 1"
"ENABLE_FALLOFF" "1"
"bake_intensity_scale" "1"
"client_server" "ClientSide"
"def_tile" "1 1"
"excludeDedicated" "Off"
"falloffdistance" "12"
"far_edge" "0.949999988079071"
"lightingstate3" "1"
"radius" "100"
"shadowUpdate" "Never"
"shadowmapScale" "1"
"volumetricSampleCount" "8"
"spawnflags" "68"
}
// entity 6
{
guid "{DC9C5FB5-2F62-11E7-A533-14DDA9E204AF}"
"classname" "light"
"PRIMARY_TYPE" "PRIMARY_SPOT"
"_color" "0.9961 0.6375 0.3476"
"angles" "89.9999 61.5911 91.5911"
"animmode" "loop"
"animscale" "1"
"bulbRadius" "0.00999999977648258"
"cut_on" "55"
"def" "white_light"
"dirSpan" "100 100 100"
"falloffdistance" "7"
"far_edge" "0.749999997019768"
"fov_outer" "73"
"lightingstate1" "0"
"lightingstate2" "0"
"lightingstate4" "0"
"name" "light_perk_doubletap_002"
"near_edge" "0.699999988079071"
"origin" "225.182 -699.382 45.6548"
"penumbraRadius" "3"
"radius" "122"
"stops" "9.43999996125698"
"superellipse" "0.1 0.75 0.1 1"
"ENABLE_FALLOFF" "1"
"PRIMARY_NOSHADOWMAP" "1"
"bake_intensity_scale" "1"
"client_server" "ClientSide"
"def_tile" "1 1"
"excludeDedicated" "Off"
"lightingstate3" "1"
"roundness" "0.5"
"shadowUpdate" "Never"
"shadowmapScale" "1"
"volumetricSampleCount" "8"
"spawnflags" "84"
}
