iwmap 4
"script_startingnumber" 0
"000_Global" flags  active
"The Map" flags expanded 
// entity 0
{
guid "{7357BD66-2F63-11E7-A533-14DDA9E204AF}"
"classname" "worldspawn"
"lightingquality" "4096"
"lutmaterial" "luts_ayz"
"samplescale" "1"
"skyboxmodel" "skybox_default_day"
"ssi" "default_day"
"wsi" "default_day"
"fsi" "default"
"gravity" "800"
"lodbias" "default"
"numOmniShadowSlices" "24"
"numSpotShadowSlices" "64"
"sky_intensity_factor0" "1"
"sky_intensity_factor1" "1"
"state_alias_1" "State 1"
"state_alias_2" "State 2"
"state_alias_3" "State 3"
"state_alias_4" "State 4"
}
// entity 1
{
guid "{7357BD70-2F63-11E7-A533-14DDA9E204AF}"
"classname" "script_struct"
"angles" "0 79.7978 0"
"model" "p7_zm_vending_three_gun"
"origin" "-3564.82 481.7 47.5"
"script_noteworthy" "specialty_additionalprimaryweapon"
"targetname" "zm_perk_machine"
"_color" "1 0 0"
}
// entity 2
{
guid "{7357BD73-2F63-11E7-A533-14DDA9E204AF}"
"classname" "light"
"angles" "0 79.7978 0"
"animmode" "loop"
"animscale" "1"
"bulbRadius" "0.00999999977648258"
"culling_cutoff" "2"
"culling_falloff" "5"
"def" "white_light"
"dirSpan" "100 100 100"
"exploderFade" "1"
"exploder_count" "1"
"exploder_index_0" "ver=1 don=0 doff=0 fin=0 fout=0 off=1 name=lgt_vending_mulekick_on"
"falloffdistance" "1"
"far_edge" "0.5"
"lightingstate1" "0"
"lightingstate2" "0"
"lightingstate4" "0"
"name" "light_perk_mulekick_001"
"origin" "-3552.34 467.769 75.75"
"penumbraRadius" "3"
"radius" "4.5"
"stops" "20.0700001505017"
"ENABLE_FALLOFF" "1"
"PRIMARY_NOSHADOWMAP" "1"
"PRIMARY_TYPE" "PRIMARY_OMNI"
"_color" "1 1 1"
"bake_intensity_scale" "1"
"client_server" "ClientSide"
"def_tile" "1 1"
"excludeDedicated" "Off"
"fov_outer" "90"
"lightingstate3" "1"
"roundness" "0.5"
"shadowUpdate" "Never"
"shadowmapScale" "1"
"superellipse" "0.75 1 0.75 1"
"volumetricSampleCount" "8"
"spawnflags" "82"
}
// entity 3
{
guid "{7357BD76-2F63-11E7-A533-14DDA9E204AF}"
"classname" "light"
"angles" "0 79.7978 0"
"animmode" "loop"
"animscale" "1"
"bulbRadius" "0.00999999977648258"
"culling_cutoff" "2"
"culling_falloff" "5"
"def" "white_light"
"dirSpan" "100 100 100"
"exploderFade" "1"
"exploder_count" "1"
"exploder_index_0" "ver=1 don=0 doff=0 fin=0 fout=0 off=1 name=lgt_vending_mulekick_on"
"falloffdistance" "1"
"far_edge" "0.5"
"lightingstate1" "0"
"lightingstate2" "0"
"lightingstate4" "0"
"name" "light_perk_mulekick_001"
"origin" "-3552.34 467.769 81.75"
"penumbraRadius" "3"
"radius" "4.5"
"stops" "20.0700001505017"
"ENABLE_FALLOFF" "1"
"PRIMARY_NOSHADOWMAP" "1"
"PRIMARY_TYPE" "PRIMARY_OMNI"
"_color" "1 1 1"
"bake_intensity_scale" "1"
"client_server" "ClientSide"
"def_tile" "1 1"
"excludeDedicated" "Off"
"fov_outer" "90"
"lightingstate3" "1"
"roundness" "0.5"
"shadowUpdate" "Never"
"shadowmapScale" "1"
"superellipse" "0.75 1 0.75 1"
"volumetricSampleCount" "8"
"spawnflags" "82"
}
// entity 4
{
guid "{7357BD79-2F63-11E7-A533-14DDA9E204AF}"
"classname" "light"
"angles" "0 79.7978 0"
"animmode" "loop"
"animscale" "1"
"bulbRadius" "0.00999999977648258"
"culling_cutoff" "2"
"culling_falloff" "5"
"def" "white_light"
"dirSpan" "100 100 100"
"exploderFade" "1"
"exploder_count" "1"
"exploder_index_0" "ver=1 don=0 doff=0 fin=0 fout=0 off=1 name=lgt_vending_mulekick_on"
"falloffdistance" "1"
"far_edge" "0.5"
"lightingstate1" "0"
"lightingstate2" "0"
"lightingstate4" "0"
"name" "light_perk_mulekick_001"
"origin" "-3552.34 467.769 88.25"
"penumbraRadius" "3"
"radius" "4.5"
"stops" "20.0700001505017"
"ENABLE_FALLOFF" "1"
"PRIMARY_NOSHADOWMAP" "1"
"PRIMARY_TYPE" "PRIMARY_OMNI"
"_color" "1 1 1"
"bake_intensity_scale" "1"
"client_server" "ClientSide"
"def_tile" "1 1"
"excludeDedicated" "Off"
"fov_outer" "90"
"lightingstate3" "1"
"roundness" "0.5"
"shadowUpdate" "Never"
"shadowmapScale" "1"
"superellipse" "0.75 1 0.75 1"
"volumetricSampleCount" "8"
"spawnflags" "82"
}
// entity 5
{
guid "{7357BD7C-2F63-11E7-A533-14DDA9E204AF}"
"classname" "light"
"angles" "0 79.7978 0"
"animmode" "loop"
"animscale" "1"
"bulbRadius" "0.00999999977648258"
"culling_cutoff" "2"
"culling_falloff" "5"
"def" "white_light"
"dirSpan" "100 100 100"
"exploderFade" "1"
"exploder_count" "1"
"exploder_index_0" "ver=1 don=0 doff=0 fin=0 fout=0 off=1 name=lgt_vending_mulekick_on"
"falloffdistance" "1"
"far_edge" "0.5"
"lightingstate1" "0"
"lightingstate2" "0"
"lightingstate4" "0"
"name" "light_perk_mulekick_001"
"origin" "-3552.34 467.769 97.5"
"penumbraRadius" "3"
"radius" "4.5"
"stops" "20.0700001505017"
"ENABLE_FALLOFF" "1"
"PRIMARY_NOSHADOWMAP" "1"
"PRIMARY_TYPE" "PRIMARY_OMNI"
"_color" "1 1 1"
"bake_intensity_scale" "1"
"client_server" "ClientSide"
"def_tile" "1 1"
"excludeDedicated" "Off"
"fov_outer" "90"
"lightingstate3" "1"
"roundness" "0.5"
"shadowUpdate" "Never"
"shadowmapScale" "1"
"superellipse" "0.75 1 0.75 1"
"volumetricSampleCount" "8"
"spawnflags" "82"
}
// entity 6
{
guid "{7357BD7F-2F63-11E7-A533-14DDA9E204AF}"
"classname" "light"
"angles" "0 79.7978 0"
"animmode" "loop"
"animscale" "1"
"bulbRadius" "0.00999999977648258"
"culling_cutoff" "2"
"culling_falloff" "5"
"def" "white_light"
"dirSpan" "100 100 100"
"exploderFade" "1"
"exploder_count" "1"
"exploder_index_0" "ver=1 don=0 doff=0 fin=0 fout=0 off=1 name=lgt_vending_mulekick_on"
"falloffdistance" "1"
"far_edge" "0.5"
"lightingstate1" "0"
"lightingstate2" "0"
"lightingstate4" "0"
"name" "light_perk_mulekick_001"
"origin" "-3552.34 467.769 103.75"
"penumbraRadius" "3"
"radius" "4.5"
"stops" "20.0700001505017"
"ENABLE_FALLOFF" "1"
"PRIMARY_NOSHADOWMAP" "1"
"PRIMARY_TYPE" "PRIMARY_OMNI"
"_color" "1 1 1"
"bake_intensity_scale" "1"
"client_server" "ClientSide"
"def_tile" "1 1"
"excludeDedicated" "Off"
"fov_outer" "90"
"lightingstate3" "1"
"roundness" "0.5"
"shadowUpdate" "Never"
"shadowmapScale" "1"
"superellipse" "0.75 1 0.75 1"
"volumetricSampleCount" "8"
"spawnflags" "82"
}
// entity 7
{
guid "{7357BD82-2F63-11E7-A533-14DDA9E204AF}"
"classname" "light"
"angles" "0 79.7978 0"
"animmode" "loop"
"animscale" "1"
"bulbRadius" "0.00999999977648258"
"culling_cutoff" "2"
"culling_falloff" "5"
"def" "white_light"
"dirSpan" "100 100 100"
"exploderFade" "1"
"exploder_count" "1"
"exploder_index_0" "ver=1 don=0 doff=0 fin=0 fout=0 off=1 name=lgt_vending_mulekick_on"
"falloffdistance" "1"
"far_edge" "0.5"
"lightingstate1" "0"
"lightingstate2" "0"
"lightingstate4" "0"
"name" "light_perk_mulekick_001"
"origin" "-3552.34 467.769 110"
"penumbraRadius" "3"
"radius" "4.5"
"stops" "20.0700001505017"
"ENABLE_FALLOFF" "1"
"PRIMARY_NOSHADOWMAP" "1"
"PRIMARY_TYPE" "PRIMARY_OMNI"
"_color" "1 1 1"
"bake_intensity_scale" "1"
"client_server" "ClientSide"
"def_tile" "1 1"
"excludeDedicated" "Off"
"fov_outer" "90"
"lightingstate3" "1"
"roundness" "0.5"
"shadowUpdate" "Never"
"shadowmapScale" "1"
"superellipse" "0.75 1 0.75 1"
"volumetricSampleCount" "8"
"spawnflags" "82"
}
// entity 8
{
guid "{7357BD88-2F63-11E7-A533-14DDA9E204AF}"
"classname" "light"
"PRIMARY_NOSHADOWMAP" "0"
"PRIMARY_TYPE" "PRIMARY_SPOT"
"_color" "0.8569 1 0.7333"
"angles" "0 79.7978 26"
"animmode" "loop"
"animscale" "1"
"bulbRadius" "0.00999999977648258"
"def" "white_light"
"dirSpan" "100 100 100"
"exploderFade" "1"
"exploder_count" "1"
"exploder_index_0" "ver=1 don=0 doff=0 fin=0 fout=0 off=1 name=lgt_vending_mulekick_on"
"falloffdistance" "1.5"
"far_edge" "0"
"fov_outer" "55"
"lightingstate1" "0"
"lightingstate2" "0"
"lightingstate4" "0"
"name" "light_perk_mulekick_001"
"near_edge" "0.400000005960464"
"origin" "-3521.92 474.487 144"
"ortho_effect" "0.250000000745058"
"penumbraRadius" "3"
"radius" "80"
"roundness" "1"
"spec_comp" "-14"
"stops" "21.5499999895692"
"superellipse" "0.05 1 0.05 1"
"ENABLE_FALLOFF" "1"
"bake_intensity_scale" "1"
"client_server" "ClientSide"
"def_tile" "1 1"
"excludeDedicated" "Off"
"lightingstate3" "1"
"shadowUpdate" "Never"
"shadowmapScale" "1"
"volumetricSampleCount" "8"
"spawnflags" "68"
}
// entity 9
{
guid "{7357BD85-2F63-11E7-A533-14DDA9E204AF}"
"classname" "light"
"PRIMARY_TYPE" "PRIMARY_SPOT"
"_color" "0.8569 1 0.7333"
"angles" "89.9999 336.557 -13.2409"
"animmode" "loop"
"animscale" "1"
"bulbRadius" "0.00999999977648258"
"cull_dist" "10"
"def" "white_light"
"dirSpan" "100 100 100"
"exploderFade" "1"
"exploder_count" "1"
"exploder_index_0" "ver=1 don=0 doff=0 fin=0 fout=0 off=1 name=lgt_vending_mulekick_on"
"falloffdistance" "1.5"
"fov_outer" "51"
"lightingstate1" "0"
"lightingstate2" "0"
"lightingstate4" "0"
"min_light_cutoff" "20"
"name" "light_perk_mulekick_001"
"origin" "-3534.31 476.209 149.5"
"penumbraRadius" "3"
"radius" "40"
"roundness" "1"
"spec_comp" "-14"
"stops" "20.4499999523163"
"superellipse" "0.05 1 0.05 1"
"ENABLE_FALLOFF" "1"
"PRIMARY_NOSHADOWMAP" "1"
"bake_intensity_scale" "1"
"client_server" "ClientSide"
"def_tile" "1 1"
"excludeDedicated" "Off"
"far_edge" "0.949999988079071"
"lightingstate3" "1"
"shadowUpdate" "Never"
"shadowmapScale" "1"
"volumetricSampleCount" "8"
"spawnflags" "84"
}
