iwmap 4
"script_startingnumber" 0
"000_Global" flags  active
"The Map" flags expanded 
// entity 0
{
guid "{5C077680-A5EA-11E6-9C49-14DDA9E204AF}"
"classname" "worldspawn"
"lightingquality" "1024"
"samplescale" "1"
"skyboxmodel" "skybox_default_day"
"ssi" "default_day"
"wsi" "default_day"
"fsi" "default"
"gravity" "800"
"lodbias" "default"
"lutmaterial" "luts_t7_default"
"numOmniShadowSlices" "24"
"numSpotShadowSlices" "64"
"sky_intensity_factor0" "1"
"sky_intensity_factor1" "1"
"state_alias_1" "State 1"
"state_alias_2" "State 2"
"state_alias_3" "State 3"
"state_alias_4" "State 4"
// brush 0
{
 guid "{5C077689-A5EA-11E6-9C49-14DDA9E204AF}"
 ( -167 2094.25 -6 ) ( -173 2090.75 -6 ) ( -170.5 2086.5 -6 ) shadowcaster 16 16 900.81091 -1880.25 30 0 lightmap_gray 16384 16384 900.81091 -1882.0811 30 0
 ( -168.5 2087.75 42.75 ) ( -171 2092 42.75 ) ( -165 2095.5 42.75 ) shadowcaster 16 16 900.81091 -1880.25 30 0 lightmap_gray 16384 16384 900.81091 -1882.0811 30 0
 ( -169.5 2087.25 44 ) ( -163.5 2090.75 44 ) ( -163.5 2090.75 7.25 ) shadowcaster 13.856407 16 -166 0 0 0 lightmap_gray 14188.961 16384 -166 0 0 0
 ( -149.25 2097.75 44 ) ( -151.75 2101.75 44 ) ( -151.75 2101.75 7.25 ) shadowcaster 13.856407 16 2088.125 0 0 0 lightmap_gray 14188.961 16384 2089.7104 0 0 0
 ( -166 2095 44 ) ( -172 2091.5 44 ) ( -172 2091.5 7.25 ) shadowcaster 13.856407 16 -168.5 0 0 0 lightmap_gray 14188.961 16384 -168.5 0 0 0
 ( -184.75 2083.25 44 ) ( -182.25 2078.75 44 ) ( -182.25 2078.75 7.25 ) shadowcaster 13.856405 16 2069.125 0 0 0 lightmap_gray 14188.959 16384 2070.7104 0 0 0
}
}
// entity 1
{
guid "{5C07768D-A5EA-11E6-9C49-14DDA9E204AF}"
"classname" "script_struct"
"angles" "0 30 0"
"model" "quickrevive_machine"
"origin" "-160 2078.75 0"
"script_noteworthy" "specialty_quickrevive"
"targetname" "zm_perk_machine"
"_color" "1 0 0"
}
// entity 2
{
guid "{5C077690-A5EA-11E6-9C49-14DDA9E204AF}"
"classname" "light"
"PRIMARY_NOSHADOWMAP" "0"
"PRIMARY_TYPE" "PRIMARY_SPOT"
"_color" "0.8118 0.9215 0.9725"
"angles" "57.5 30 0"
"animmode" "loop"
"animscale" "1"
"bulbRadius" "0.00999999977648258"
"def" "white_light"
"dirSpan" "100 100 100"
"exploderDisabled" "1"
"exploder_count" "1"
"exploder_index_0" "0 0 quick_revive_lgts"
"falloffdistance" "1.5"
"fov_outer" "75"
"lightingstate1" "0"
"lightingstate2" "0"
"lightingstate3" "0"
"lightingstate4" "0"
"name" "light_perk_revive_002"
"origin" "-176.363 2066.31 27.1558"
"pcss_max" "0.009"
"penumbraRadius" "3"
"radius" "58"
"roundness" "0"
"stops" "7.96578428466209"
"ENABLE_FALLOFF" "1"
"bake_intensity_scale" "1"
"client_server" "ClientSide"
"def_tile" "1 1"
"excludeDedicated" "Off"
"far_edge" "0.949999988079071"
"shadowUpdate" "Never"
"shadowmapScale" "1"
"superellipse" "0.75 1 0.75 1"
"volumetricSampleCount" "8"
"spawnflags" "68"
}
// entity 3
{
guid "{5C077693-A5EA-11E6-9C49-14DDA9E204AF}"
"classname" "light"
"PRIMARY_NOSHADOWMAP" "0"
"PRIMARY_TYPE" "PRIMARY_SPOT"
"_color" "0.8118 0.9215 0.9725"
"angles" "34.1206 210 0"
"animmode" "loop"
"animscale" "1"
"bulbRadius" "0.00999999977648258"
"def" "white_light"
"dirSpan" "100 100 100"
"exploderDisabled" "1"
"exploder_count" "1"
"exploder_index_0" "0 0 quick_revive_lgts"
"falloffdistance" "1.5"
"fov_outer" "75"
"lightingstate1" "0"
"lightingstate2" "0"
"lightingstate3" "0"
"lightingstate4" "0"
"name" "light_perk_revive_002"
"origin" "-142.869 2085.17 29.279"
"pcss_max" "0.009"
"penumbraRadius" "3"
"radius" "54"
"roundness" "0"
"stops" "7.96578428466209"
"ENABLE_FALLOFF" "1"
"bake_intensity_scale" "1"
"client_server" "ClientSide"
"def_tile" "1 1"
"excludeDedicated" "Off"
"far_edge" "0.949999988079071"
"shadowUpdate" "Never"
"shadowmapScale" "1"
"superellipse" "0.75 1 0.75 1"
"volumetricSampleCount" "8"
"spawnflags" "68"
}
// entity 4
{
guid "{5C077696-A5EA-11E6-9C49-14DDA9E204AF}"
"classname" "light"
"PRIMARY_NOSHADOWMAP" "0"
"PRIMARY_TYPE" "PRIMARY_SPOT"
"_color" "0.7765 0.9297 1"
"angles" "51.3367 300 3.99992e-006"
"animmode" "loop"
"animscale" "1"
"bulbRadius" "0.00999999977648258"
"cut_on" "6"
"def" "white_light"
"dirSpan" "100 100 100"
"exploderDisabled" "1"
"exploder_count" "1"
"exploder_index_0" "0 0 quick_revive_lgts"
"falloffdistance" "1.5"
"far_edge" "0.600000001490116"
"fov_outer" "78"
"lightingstate1" "0"
"lightingstate2" "0"
"lightingstate3" "0"
"lightingstate4" "0"
"name" "light_perk_revive_002"
"origin" "-126.688 2020.01 100.688"
"pcss_max" "0.1"
"penumbraRadius" "3"
"radius" "94"
"roundness" "1"
"stops" "8.96578428466209"
"superellipse" "0.5 1 0.5 1"
"ENABLE_FALLOFF" "1"
"bake_intensity_scale" "1"
"client_server" "ClientSide"
"def_tile" "1 1"
"excludeDedicated" "Off"
"shadowUpdate" "Never"
"shadowmapScale" "1"
"volumetricSampleCount" "8"
"spawnflags" "68"
}
// entity 5
{
guid "{5C077699-A5EA-11E6-9C49-14DDA9E204AF}"
"classname" "light"
"PRIMARY_TYPE" "PRIMARY_SPOT"
"_color" "0.451 0.8258 1"
"angles" "90 300 1.19528e-005"
"animmode" "loop"
"animscale" "1"
"bulbRadius" "0.00999999977648258"
"cut_on" "56"
"def" "white_light"
"dirSpan" "100 100 100"
"exploderDisabled" "1"
"exploder_count" "1"
"exploder_index_0" "0 0 quick_revive_lgts"
"falloffdistance" "1.5"
"fov_outer" "78"
"lightingstate1" "0"
"lightingstate2" "0"
"lightingstate3" "0"
"lightingstate4" "0"
"name" "light_perk_revive_002"
"origin" "-137.9 2039.43 27.394"
"pcss_max" "0.1"
"penumbraRadius" "3"
"radius" "75"
"roundness" "0"
"stops" "12.2877123795495"
"superellipse" "0.1 1 0.1 1"
"ENABLE_FALLOFF" "1"
"PRIMARY_NOSHADOWMAP" "1"
"bake_intensity_scale" "1"
"client_server" "ClientSide"
"def_tile" "1 1"
"excludeDedicated" "Off"
"far_edge" "0.949999988079071"
"shadowUpdate" "Never"
"shadowmapScale" "1"
"volumetricSampleCount" "8"
"spawnflags" "84"
}
// entity 6
{
guid "{5C07769C-A5EA-11E6-9C49-14DDA9E204AF}"
"classname" "light"
"PRIMARY_TYPE" "PRIMARY_SPOT"
"_color" "0.8118 0.9215 0.9725"
"angles" "90 54.6236 -65.3764"
"animmode" "loop"
"animscale" "1"
"bulbRadius" "0.00999999977648258"
"cut_on" "9"
"def" "white_light"
"dirSpan" "100 100 100"
"exploderDisabled" "1"
"exploder_count" "1"
"exploder_index_0" "0 0 quick_revive_lgts"
"falloffdistance" "1.5"
"far_edge" "0.75"
"fov_outer" "100"
"lightingstate1" "0"
"lightingstate2" "0"
"lightingstate3" "0"
"lightingstate4" "0"
"name" "light_perk_revive_002"
"origin" "-167.913 2092.14 74.1532"
"pcss_max" "0.1"
"penumbraRadius" "3"
"radius" "33"
"roundness" "1"
"shadowUpdate" "Always"
"stops" "8.96578428466209"
"ENABLE_FALLOFF" "1"
"PRIMARY_NOSHADOWMAP" "1"
"bake_intensity_scale" "1"
"client_server" "ClientSide"
"def_tile" "1 1"
"excludeDedicated" "Off"
"shadowmapScale" "1"
"superellipse" "0.75 1 0.75 1"
"volumetricSampleCount" "8"
"spawnflags" "84"
}
