iwmap 4
"script_startingnumber" 0
"000_Global" flags  active
"The Map" flags expanded 
// entity 0
{
guid "{E16AED5B-5F34-11E8-A590-14DDA9E204AF}"
"classname" "worldspawn"
"lightingquality" "4096"
"lutmaterial" "luts_ayz"
"message" "There's a new threat on Sevastopol."
"samplescale" "1"
"skyboxmodel" "skybox_default_day"
"ssi" "default_day"
"umbra_prime_depth" "1"
"wsi" "default_day"
"fsi" "default"
"gravity" "800"
"lodbias" "default"
"numOmniShadowSlices" "24"
"numSpotShadowSlices" "64"
"sky_intensity_factor0" "1"
"sky_intensity_factor1" "1"
"state_alias_1" "State 1"
"state_alias_2" "State 2"
"state_alias_3" "State 3"
"state_alias_4" "State 4"
}
// entity 1
{
guid "{644C76CF-5F34-11E8-A590-14DDA9E204AF}"
"classname" "misc_model"
"angles" "0 30 0"
"model" "lights_door_backlit"
"modelscale" "2.62999999150634"
"origin" "-139.558 2133.13 100.45"
"lightingstate1" "1"
"lightingstate2" "1"
"lightingstate3" "1"
"lightingstate4" "1"
"static" "1"
}
// entity 2
{
guid "{644C76D2-5F34-11E8-A590-14DDA9E204AF}"
"classname" "light"
"PRIMARY_TYPE" "PRIMARY_SPOT"
"_color" "0.7098 0.7098 0.7098"
"angles" "0 29.59 0"
"animmode" "loop"
"animscale" "1"
"bulbRadius" "0.00999999977648258"
"cut_on" "6"
"def" "white_light"
"dirSpan" "100 100 100"
"falloffdistance" "3"
"far_edge" "0.299999994039535"
"fov_outer" "111"
"lightingstate1" "1"
"lightingstate2" "0"
"name" "light_sleight_008"
"origin" "-139.629 2133 109.989"
"ortho_effect" "0.0999999992549419"
"penumbraRadius" "4"
"roundness" "0"
"stops" "19.1000003814697"
"superellipse" "0.09 0.18 0.19 0.5"
"volumetric" "1"
"ENABLE_FALLOFF" "1"
"PRIMARY_NOSHADOWMAP" "1"
"bake_intensity_scale" "1"
"client_server" "ClientSide"
"def_tile" "1 1"
"excludeDedicated" "Off"
"lightingstate3" "1"
"lightingstate4" "1"
"radius" "100"
"shadowUpdate" "Never"
"shadowmapScale" "1"
"volumetricSampleCount" "8"
"spawnflags" "84"
}
// entity 3
{
guid "{C9718C16-5F34-11E8-A590-14DDA9E204AF}"
"classname" "misc_model"
"angles" "0 30 0"
"model" "lights_door_backlit"
"modelscale" "2.62999999150634"
"origin" "-241.808 2074.13 100.45"
"lightingstate1" "1"
"lightingstate2" "1"
"lightingstate3" "1"
"lightingstate4" "1"
"static" "1"
}
// entity 4
{
guid "{C9718C19-5F34-11E8-A590-14DDA9E204AF}"
"classname" "light"
"PRIMARY_TYPE" "PRIMARY_SPOT"
"_color" "0.7098 0.7098 0.7098"
"angles" "0 29.59 0"
"animmode" "loop"
"animscale" "1"
"bulbRadius" "0.00999999977648258"
"cut_on" "6"
"def" "white_light"
"dirSpan" "100 100 100"
"falloffdistance" "3"
"far_edge" "0.299999994039535"
"fov_outer" "111"
"lightingstate1" "1"
"lightingstate2" "0"
"name" "light_sleight_009"
"origin" "-241.879 2074 109.989"
"ortho_effect" "0.0999999992549419"
"penumbraRadius" "4"
"roundness" "0"
"stops" "19.1000003814697"
"superellipse" "0.09 0.18 0.19 0.5"
"volumetric" "1"
"ENABLE_FALLOFF" "1"
"PRIMARY_NOSHADOWMAP" "1"
"bake_intensity_scale" "1"
"client_server" "ClientSide"
"def_tile" "1 1"
"excludeDedicated" "Off"
"lightingstate3" "1"
"lightingstate4" "1"
"radius" "100"
"shadowUpdate" "Never"
"shadowmapScale" "1"
"volumetricSampleCount" "8"
"spawnflags" "84"
}
