iwmap 4
"script_startingnumber" 0
"000_Global" flags  active
"The Map" flags expanded 
// entity 0
{
guid "{6A03B340-5E90-11E8-A590-14DDA9E204AF}"
"classname" "worldspawn"
"lightingquality" "4096"
"lutmaterial" "luts_ayz"
"message" "There's a new threat on Sevastopol."
"samplescale" "1"
"skyboxmodel" "skybox_default_day"
"ssi" "default_day"
"umbra_prime_depth" "1"
"wsi" "default_day"
"fsi" "default"
"gravity" "800"
"lodbias" "default"
"numOmniShadowSlices" "24"
"numSpotShadowSlices" "64"
"sky_intensity_factor0" "1"
"sky_intensity_factor1" "1"
"state_alias_1" "State 1"
"state_alias_2" "State 2"
"state_alias_3" "State 3"
"state_alias_4" "State 4"
}
// entity 1
{
guid "{770F6494-5E1A-11E8-8398-14DDA9E204AF}"
"classname" "misc_prefab"
"model" "_prefabs/zm_alien_isolation/pre_airport/floor_1row.map"
"origin" "-272.25 499.25 -119.5"
}
// entity 2
{
guid "{A948107E-5E1A-11E8-8398-14DDA9E204AF}"
"classname" "misc_prefab"
"model" "_prefabs/zm_alien_isolation/pre_airport/floor_1row.map"
"origin" "-372.25 672.5 -119.5"
}
// entity 3
{
guid "{A9481095-5E1A-11E8-8398-14DDA9E204AF}"
"classname" "misc_prefab"
"model" "_prefabs/zm_alien_isolation/pre_airport/floor_1row.map"
"origin" "-472.25 845.75 -119.5"
}
// entity 4
{
guid "{AF49B8EC-5E1A-11E8-8398-14DDA9E204AF}"
"classname" "misc_prefab"
"model" "_prefabs/zm_alien_isolation/pre_airport/floor_1row.map"
"origin" "-572.25 1019 -119.5"
}
// entity 5
{
guid "{B614C6E6-5E1A-11E8-8398-14DDA9E204AF}"
"classname" "misc_prefab"
"model" "_prefabs/zm_alien_isolation/pre_airport/floor_1row.map"
"origin" "-672.25 1192.5 -119.5"
}
// entity 6
{
guid "{F520C11D-5E1F-11E8-A590-14DDA9E204AF}"
"classname" "misc_model"
"angles" "0 120 0"
"model" "pre_airport_sevastopol_model_stand"
"modelscale" "2.5"
"origin" "-777 3115.5 -118.75"
"lightingstate1" "1"
"lightingstate2" "1"
"lightingstate3" "1"
"lightingstate4" "1"
"static" "1"
}
// entity 7
{
guid "{250734BE-5E20-11E8-A590-14DDA9E204AF}"
"classname" "misc_model"
"angles" "5.91653 119.005 80.4487"
"model" "pre_airport_sevastopol_model"
"modelscale" "6"
"origin" "-792.545 3105.39 -31.6372"
"lightingstate1" "1"
"lightingstate2" "1"
"lightingstate3" "1"
"lightingstate4" "1"
"static" "1"
}
// entity 8
{
guid "{93F59B30-5E21-11E8-A590-14DDA9E204AF}"
"classname" "misc_model"
"angles" "0 -60 -90"
"model" "seats_wall"
"modelscale" "2.5"
"origin" "-872.75 2716 -139.25"
"lightingstate1" "1"
"lightingstate2" "1"
"lightingstate3" "1"
"lightingstate4" "1"
"static" "1"
}
// entity 9
{
guid "{C1409E31-5E21-11E8-A590-14DDA9E204AF}"
"classname" "misc_model"
"angles" "0 -60 -90"
"model" "seats_wall"
"modelscale" "2.5"
"origin" "-974.5 2892.75 -139.25"
"lightingstate1" "1"
"lightingstate2" "1"
"lightingstate3" "1"
"lightingstate4" "1"
"static" "1"
}
// entity 10
{
guid "{8E5618AD-5E22-11E8-A590-14DDA9E204AF}"
"classname" "misc_model"
"angles" "0 -60 -17"
"model" "large_poster_seegson"
"modelscale" "2.5"
"origin" "-985.5 2886 -26.5"
"lightingstate1" "1"
"lightingstate2" "1"
"lightingstate3" "1"
"lightingstate4" "1"
"static" "1"
}
// entity 11
{
guid "{AD69DB03-5E22-11E8-A590-14DDA9E204AF}"
"classname" "misc_model"
"angles" "0 -60 -17"
"model" "large_poster_sightseer"
"modelscale" "2.5"
"origin" "-781 2531.75 -26.5"
"lightingstate1" "1"
"lightingstate2" "1"
"lightingstate3" "1"
"lightingstate4" "1"
"static" "1"
}
// entity 12
{
guid "{BF80B12E-5E22-11E8-A590-14DDA9E204AF}"
"classname" "misc_model"
"angles" "-17 -150 0"
"model" "poster_drink"
"modelscale" "3.5"
"origin" "-861.5 2675 -26.75"
"lightingstate1" "1"
"lightingstate2" "1"
"lightingstate3" "1"
"lightingstate4" "1"
"static" "1"
}
// entity 13
{
guid "{1612A28A-5E23-11E8-A590-14DDA9E204AF}"
"classname" "misc_model"
"angles" "-17 -150 0"
"model" "poster_lager"
"modelscale" "3.5"
"origin" "-902.5 2745.75 -26.75"
"lightingstate1" "1"
"lightingstate2" "1"
"lightingstate3" "1"
"lightingstate4" "1"
"static" "1"
}
// entity 14
{
guid "{8DCE6D59-5E26-11E8-A590-14DDA9E204AF}"
"classname" "misc_model"
"angles" "0 -60 0"
"model" "top_coridoor_wall_chairs"
"modelscale" "2.5"
"origin" "-868.25 2718.5 -120"
"lightingstate1" "1"
"lightingstate2" "1"
"lightingstate3" "1"
"lightingstate4" "1"
"static" "1"
}
// entity 15
{
guid "{8DCE6D5C-5E26-11E8-A590-14DDA9E204AF}"
"classname" "misc_model"
"angles" "0 -60 0"
"model" "top_coridoor_wall_chairs"
"modelscale" "2.5"
"origin" "-970 2895.25 -120"
"lightingstate1" "1"
"lightingstate2" "1"
"lightingstate3" "1"
"lightingstate4" "1"
"static" "1"
}
// entity 16
{
guid "{8DCE6D5F-5E26-11E8-A590-14DDA9E204AF}"
"classname" "misc_model"
"angles" "0 -60 0"
"model" "top_coridoor_wall_pillar"
"modelscale" "2.5"
"origin" "-817.5 2629.5 -120"
"lightingstate1" "1"
"lightingstate2" "1"
"lightingstate3" "1"
"lightingstate4" "1"
"static" "1"
}
// entity 17
{
guid "{8DCE6D62-5E26-11E8-A590-14DDA9E204AF}"
"classname" "misc_model"
"angles" "0 -60 0"
"model" "top_coridoor_wall"
"modelscale" "2.5"
"origin" "-766 2540.5 -120"
"lightingstate1" "1"
"lightingstate2" "1"
"lightingstate3" "1"
"lightingstate4" "1"
"static" "1"
}
// entity 18
{
guid "{8DCE6D65-5E26-11E8-A590-14DDA9E204AF}"
"classname" "misc_model"
"angles" "0 -60 0"
"model" "top_coridoor_wall_pillar"
"modelscale" "2.5"
"origin" "-919.75 2806.5 -120"
"lightingstate1" "1"
"lightingstate2" "1"
"lightingstate3" "1"
"lightingstate4" "1"
"static" "1"
}
// entity 19
{
guid "{8DCE6D68-5E26-11E8-A590-14DDA9E204AF}"
"classname" "misc_model"
"angles" "0 -60 0"
"model" "top_coridoor_wall_pillar"
"modelscale" "2.5"
"origin" "-1021.75 2983.25 -120"
"lightingstate1" "1"
"lightingstate2" "1"
"lightingstate3" "1"
"lightingstate4" "1"
"static" "1"
}
// entity 20
{
guid "{8DCE6D6B-5E26-11E8-A590-14DDA9E204AF}"
"classname" "misc_model"
"angles" "0 -60 0"
"model" "top_coridoor_wall_pillar"
"modelscale" "2.5"
"origin" "-715 2452.25 -120"
"lightingstate1" "1"
"lightingstate2" "1"
"lightingstate3" "1"
"lightingstate4" "1"
"static" "1"
}
// entity 21
{
guid "{8DCE6D6E-5E26-11E8-A590-14DDA9E204AF}"
"classname" "misc_model"
"angles" "0 -60 0"
"model" "adverts_pillar_corner"
"modelscale" "2.5"
"origin" "-1246.25 3293.25 -120"
"lightingstate1" "1"
"lightingstate2" "1"
"lightingstate3" "1"
"lightingstate4" "1"
"static" "1"
}
// entity 22
{
guid "{8DCE6D71-5E26-11E8-A590-14DDA9E204AF}"
"classname" "misc_model"
"angles" "0 30 0"
"model" "adverts_pillar_corner"
"modelscale" "2.5"
"origin" "-1066.5 2982 -120"
"lightingstate1" "1"
"lightingstate2" "1"
"lightingstate3" "1"
"lightingstate4" "1"
"static" "1"
}
// entity 23
{
guid "{8DCE6D74-5E26-11E8-A590-14DDA9E204AF}"
"classname" "misc_model"
"angles" "0 30 0"
"model" "top_coridoor_ceiling_beam"
"modelscale" "2.5"
"origin" "-1144.75 3153.5 59.5"
"lightingstate1" "1"
"lightingstate2" "1"
"lightingstate3" "1"
"lightingstate4" "1"
"static" "1"
}
// entity 24
{
guid "{8DCE6D77-5E26-11E8-A590-14DDA9E204AF}"
"classname" "misc_model"
"angles" "0 -60 0"
"model" "airport_door"
"modelscale" "2.5"
"origin" "-1169.75 3131 -141.5"
"lightingstate1" "1"
"lightingstate2" "1"
"lightingstate3" "1"
"lightingstate4" "1"
"static" "1"
}
// entity 25
{
guid "{8DCE6D7A-5E26-11E8-A590-14DDA9E204AF}"
"classname" "misc_model"
"angles" "0 -60 0"
"model" "top_coridoor_door"
"modelscale" "2.5"
"origin" "-1165 3132.25 -120"
"lightingstate1" "1"
"lightingstate2" "1"
"lightingstate3" "1"
"lightingstate4" "1"
"static" "1"
}
// entity 26
{
guid "{8DCE6D7D-5E26-11E8-A590-14DDA9E204AF}"
"classname" "misc_model"
"angles" "0 -60 0"
"model" "pre_airport_wall_extension"
"modelscale" "2.5"
"origin" "-868.25 2718.5 60"
"lightingstate1" "1"
"lightingstate2" "1"
"lightingstate3" "1"
"lightingstate4" "1"
"static" "1"
}
// entity 27
{
guid "{8DCE6D80-5E26-11E8-A590-14DDA9E204AF}"
"classname" "misc_model"
"angles" "0 -60 0"
"model" "pre_airport_wall_extension"
"modelscale" "2.5"
"origin" "-970 2895.25 60"
"lightingstate1" "1"
"lightingstate2" "1"
"lightingstate3" "1"
"lightingstate4" "1"
"static" "1"
}
// entity 28
{
guid "{8DCE6D83-5E26-11E8-A590-14DDA9E204AF}"
"classname" "misc_model"
"angles" "0 -60 0"
"model" "pre_airport_wall_extension"
"modelscale" "2.5"
"origin" "-766 2540.5 60"
"lightingstate1" "1"
"lightingstate2" "1"
"lightingstate3" "1"
"lightingstate4" "1"
"static" "1"
}
// entity 29
{
guid "{8DCE6D86-5E26-11E8-A590-14DDA9E204AF}"
"classname" "misc_model"
"angles" "0 -60 0"
"model" "pre_airport_pillar_extension"
"modelscale" "2.5"
"origin" "-799.75 2639.75 59"
"lightingstate1" "1"
"lightingstate2" "1"
"lightingstate3" "1"
"lightingstate4" "1"
"static" "1"
}
// entity 30
{
guid "{8DCE6D89-5E26-11E8-A590-14DDA9E204AF}"
"classname" "misc_model"
"angles" "0 -60 0"
"model" "pre_airport_pillar_extension"
"modelscale" "2.5"
"origin" "-901.75 2816.5 59"
"lightingstate1" "1"
"lightingstate2" "1"
"lightingstate3" "1"
"lightingstate4" "1"
"static" "1"
}
// entity 31
{
guid "{8DCE6D8C-5E26-11E8-A590-14DDA9E204AF}"
"classname" "misc_model"
"angles" "0 -60 0"
"model" "pre_airport_pillar_extension"
"modelscale" "2.5"
"origin" "-1003.75 2993.5 59"
"lightingstate1" "1"
"lightingstate2" "1"
"lightingstate3" "1"
"lightingstate4" "1"
"static" "1"
}
// entity 32
{
guid "{8DCE6D8F-5E26-11E8-A590-14DDA9E204AF}"
"classname" "misc_model"
"angles" "0 -60 0"
"model" "pre_airport_pillar_extension"
"modelscale" "2.5"
"origin" "-697.25 2462.25 59"
"lightingstate1" "1"
"lightingstate2" "1"
"lightingstate3" "1"
"lightingstate4" "1"
"static" "1"
}
// entity 33
{
guid "{8DCE6D92-5E26-11E8-A590-14DDA9E204AF}"
"classname" "misc_model"
"angles" "0 -60 0"
"model" "pre_airport_wall_extension_large"
"modelscale" "2.5"
"origin" "-1120.25 3155.5 60"
"lightingstate1" "1"
"lightingstate2" "1"
"lightingstate3" "1"
"lightingstate4" "1"
"static" "1"
}
// entity 34
{
guid "{8DCE6D9A-5E26-11E8-A590-14DDA9E204AF}"
"classname" "misc_model"
"angles" "0 120 0"
"model" "top_coridoor_wall"
"modelscale" "2.5"
"origin" "-281.75 2819.5 -120"
"lightingstate1" "1"
"lightingstate2" "1"
"lightingstate3" "1"
"lightingstate4" "1"
"static" "1"
}
// entity 35
{
guid "{9B28F43F-5E26-11E8-A590-14DDA9E204AF}"
"classname" "misc_model"
"angles" "0 120 0"
"model" "top_coridoor_wall_pillar"
"modelscale" "2.5"
"origin" "-231.25 2731.75 -120"
"lightingstate1" "1"
"lightingstate2" "1"
"lightingstate3" "1"
"lightingstate4" "1"
"static" "1"
}
// entity 36
{
guid "{BAAC662C-5E26-11E8-A590-14DDA9E204AF}"
"classname" "misc_model"
"angles" "0 120 0"
"model" "top_coridoor_wall_chairs"
"modelscale" "2.5"
"origin" "-383.75 2995.75 -120"
"lightingstate1" "1"
"lightingstate2" "1"
"lightingstate3" "1"
"lightingstate4" "1"
"static" "1"
}
// entity 37
{
guid "{BAAC6637-5E26-11E8-A590-14DDA9E204AF}"
"classname" "misc_model"
"angles" "0 120 0"
"model" "top_coridoor_wall_pillar"
"modelscale" "2.5"
"origin" "-332.75 2907.75 -120"
"lightingstate1" "1"
"lightingstate2" "1"
"lightingstate3" "1"
"lightingstate4" "1"
"static" "1"
}
// entity 38
{
guid "{C1DF7FD5-5E26-11E8-A590-14DDA9E204AF}"
"classname" "misc_model"
"angles" "0 120 0"
"model" "top_coridoor_wall_chairs"
"modelscale" "2.5"
"origin" "-485.5 3172 -120"
"lightingstate1" "1"
"lightingstate2" "1"
"lightingstate3" "1"
"lightingstate4" "1"
"static" "1"
}
// entity 39
{
guid "{C7FD58ED-5E26-11E8-A590-14DDA9E204AF}"
"classname" "misc_model"
"angles" "0 120 0"
"model" "top_coridoor_wall_pillar"
"modelscale" "2.5"
"origin" "-434.25 3084.25 -120"
"lightingstate1" "1"
"lightingstate2" "1"
"lightingstate3" "1"
"lightingstate4" "1"
"static" "1"
}
// entity 40
{
guid "{D720B9F8-5E26-11E8-A590-14DDA9E204AF}"
"classname" "misc_model"
"angles" "0 120 0"
"model" "top_coridoor_wall_pillar"
"modelscale" "2.5"
"origin" "-536 3260.75 -120"
"lightingstate1" "1"
"lightingstate2" "1"
"lightingstate3" "1"
"lightingstate4" "1"
"static" "1"
}
// entity 41
{
guid "{E07913B2-5E26-11E8-A590-14DDA9E204AF}"
"classname" "misc_model"
"angles" "0 120 0"
"model" "adverts_pillar_corner"
"modelscale" "2.5"
"origin" "-511.75 3299.5 -120"
"lightingstate1" "1"
"lightingstate2" "1"
"lightingstate3" "1"
"lightingstate4" "1"
"static" "1"
}
// entity 42
{
guid "{F4B941C6-5E26-11E8-A590-14DDA9E204AF}"
"classname" "misc_model"
"angles" "0 120 0"
"model" "top_coridoor_door"
"modelscale" "2.5"
"origin" "-593 3459 -120"
"lightingstate1" "1"
"lightingstate2" "1"
"lightingstate3" "1"
"lightingstate4" "1"
"static" "1"
}
// entity 43
{
guid "{1446C7B0-5E27-11E8-A590-14DDA9E204AF}"
"classname" "misc_model"
"angles" "0 -60 0"
"model" "airport_door"
"modelscale" "2.5"
"origin" "-589.25 3461.25 -141.5"
"lightingstate1" "1"
"lightingstate2" "1"
"lightingstate3" "1"
"lightingstate4" "1"
"static" "1"
}
// entity 44
{
guid "{22BCFDA2-5E27-11E8-A590-14DDA9E204AF}"
"classname" "misc_model"
"angles" "0 210 0"
"model" "adverts_pillar_corner"
"modelscale" "2.5"
"origin" "-692.5 3612 -120"
"lightingstate1" "1"
"lightingstate2" "1"
"lightingstate3" "1"
"lightingstate4" "1"
"static" "1"
}
// entity 45
{
guid "{35BC1B24-5E27-11E8-A590-14DDA9E204AF}"
"classname" "misc_model"
"angles" "0 30 0"
"model" "top_coridoor_ceiling_beam"
"modelscale" "2.5"
"origin" "-622.75 3454.5 59.5"
"lightingstate1" "1"
"lightingstate2" "1"
"lightingstate3" "1"
"lightingstate4" "1"
"static" "1"
}
// entity 46
{
guid "{50A5DEBD-5E27-11E8-A590-14DDA9E204AF}"
"classname" "misc_model"
"angles" "0 120 0"
"model" "pre_airport_wall_extension"
"modelscale" "2.5"
"origin" "-485.5 3172 60"
"lightingstate1" "1"
"lightingstate2" "1"
"lightingstate3" "1"
"lightingstate4" "1"
"static" "1"
}
// entity 47
{
guid "{58036C70-5E27-11E8-A590-14DDA9E204AF}"
"classname" "misc_model"
"angles" "0 120 0"
"model" "pre_airport_wall_extension"
"modelscale" "2.5"
"origin" "-383.75 2995.75 60"
"lightingstate1" "1"
"lightingstate2" "1"
"lightingstate3" "1"
"lightingstate4" "1"
"static" "1"
}
// entity 48
{
guid "{58036C7E-5E27-11E8-A590-14DDA9E204AF}"
"classname" "misc_model"
"angles" "0 120 0"
"model" "pre_airport_wall_extension"
"modelscale" "2.5"
"origin" "-281.75 2819.5 60"
"lightingstate1" "1"
"lightingstate2" "1"
"lightingstate3" "1"
"lightingstate4" "1"
"static" "1"
}
// entity 49
{
guid "{5EDAAFB0-5E27-11E8-A590-14DDA9E204AF}"
"classname" "misc_model"
"angles" "0 120 0"
"model" "pre_airport_pillar_extension"
"modelscale" "2.5"
"origin" "-249.5 2721.5 59"
"lightingstate1" "1"
"lightingstate2" "1"
"lightingstate3" "1"
"lightingstate4" "1"
"static" "1"
}
// entity 50
{
guid "{6E8C0176-5E27-11E8-A590-14DDA9E204AF}"
"classname" "misc_model"
"angles" "0 120 0"
"model" "pre_airport_pillar_extension"
"modelscale" "2.5"
"origin" "-351 2897.25 59"
"lightingstate1" "1"
"lightingstate2" "1"
"lightingstate3" "1"
"lightingstate4" "1"
"static" "1"
}
// entity 51
{
guid "{752EB2CE-5E27-11E8-A590-14DDA9E204AF}"
"classname" "misc_model"
"angles" "0 120 0"
"model" "pre_airport_pillar_extension"
"modelscale" "2.5"
"origin" "-452.5 3073.5 59"
"lightingstate1" "1"
"lightingstate2" "1"
"lightingstate3" "1"
"lightingstate4" "1"
"static" "1"
}
// entity 52
{
guid "{7D34F7B6-5E27-11E8-A590-14DDA9E204AF}"
"classname" "misc_model"
"angles" "0 120 0"
"model" "pre_airport_pillar_extension"
"modelscale" "2.5"
"origin" "-554.5 3250 59"
"lightingstate1" "1"
"lightingstate2" "1"
"lightingstate3" "1"
"lightingstate4" "1"
"static" "1"
}
// entity 53
{
guid "{84126C49-5E27-11E8-A590-14DDA9E204AF}"
"classname" "misc_model"
"angles" "0 120 0"
"model" "pre_airport_wall_extension_large"
"modelscale" "2.5"
"origin" "-637.75 3435.75 60"
"lightingstate1" "1"
"lightingstate2" "1"
"lightingstate3" "1"
"lightingstate4" "1"
"static" "1"
}
// entity 54
{
guid "{A0CFC362-5E27-11E8-A590-14DDA9E204AF}"
"classname" "misc_model"
"angles" "360 120 -90.0001"
"model" "seats_wall"
"modelscale" "2.5"
"origin" "-375.375 3000.78 -140.5"
"lightingstate1" "1"
"lightingstate2" "1"
"lightingstate3" "1"
"lightingstate4" "1"
"static" "1"
}
// entity 55
{
guid "{B3FA46A8-5E27-11E8-A590-14DDA9E204AF}"
"classname" "misc_model"
"angles" "360 120 -90.0001"
"model" "seats_wall"
"modelscale" "2.5"
"origin" "-477.125 3177.03 -140.5"
"lightingstate1" "1"
"lightingstate2" "1"
"lightingstate3" "1"
"lightingstate4" "1"
"static" "1"
}
// entity 56
{
guid "{C4B157E0-5E27-11E8-A590-14DDA9E204AF}"
"classname" "misc_model"
"angles" "0 120 -17"
"model" "large_poster_theft"
"modelscale" "2.5"
"origin" "-266 2828.75 -26.5"
"lightingstate1" "1"
"lightingstate2" "1"
"lightingstate3" "1"
"lightingstate4" "1"
"static" "1"
}
// entity 57
{
guid "{D9091A0A-5E27-11E8-A590-14DDA9E204AF}"
"classname" "misc_model"
"angles" "0 120 -17"
"model" "large_poster_postcards"
"modelscale" "2.5"
"origin" "-470 3181 -26.5"
"lightingstate1" "1"
"lightingstate2" "1"
"lightingstate3" "1"
"lightingstate4" "1"
"static" "1"
}
// entity 58
{
guid "{F3AD70BA-5E27-11E8-A590-14DDA9E204AF}"
"classname" "misc_model"
"angles" "-17 30 0"
"model" "poster_watch"
"modelscale" "3.5"
"origin" "-389.5 3038.5 -27"
"lightingstate1" "1"
"lightingstate2" "1"
"lightingstate3" "1"
"lightingstate4" "1"
"static" "1"
}
// entity 59
{
guid "{2865454B-5E28-11E8-A590-14DDA9E204AF}"
"classname" "misc_model"
"angles" "-17 30 0"
"model" "poster_smile"
"modelscale" "3.5"
"origin" "-349.75 2969.75 -27"
"lightingstate1" "1"
"lightingstate2" "1"
"lightingstate3" "1"
"lightingstate4" "1"
"static" "1"
}
// entity 60
{
guid "{E33001D8-5E2A-11E8-A590-14DDA9E204AF}"
"classname" "misc_model"
"angles" "0 120 0"
"model" "top_coridoor_ceiling_beam"
"modelscale" "2.5"
"origin" "-1040.75 3201.75 177"
"lightingstate1" "1"
"lightingstate2" "1"
"lightingstate3" "1"
"lightingstate4" "1"
"static" "1"
}
// entity 61
{
guid "{01C6365C-5E2B-11E8-A590-14DDA9E204AF}"
"classname" "misc_model"
"angles" "0 120 0"
"model" "top_coridoor_ceiling_beam"
"modelscale" "2.5"
"origin" "-948.5 3026 177"
"lightingstate1" "1"
"lightingstate2" "1"
"lightingstate3" "1"
"lightingstate4" "1"
"static" "1"
}
// entity 62
{
guid "{01C6366A-5E2B-11E8-A590-14DDA9E204AF}"
"classname" "misc_model"
"angles" "0 120 0"
"model" "top_coridoor_ceiling_beam"
"modelscale" "2.5"
"origin" "-840.25 2852.75 177"
"lightingstate1" "1"
"lightingstate2" "1"
"lightingstate3" "1"
"lightingstate4" "1"
"static" "1"
}
// entity 63
{
guid "{097C84DE-5E2B-11E8-A590-14DDA9E204AF}"
"classname" "misc_model"
"angles" "0 120 0"
"model" "top_coridoor_ceiling_beam"
"modelscale" "2.5"
"origin" "-739 2675 177"
"lightingstate1" "1"
"lightingstate2" "1"
"lightingstate3" "1"
"lightingstate4" "1"
"static" "1"
}
// entity 64
{
guid "{097C84EC-5E2B-11E8-A590-14DDA9E204AF}"
"classname" "misc_model"
"angles" "0 120 0"
"model" "top_coridoor_ceiling_beam"
"modelscale" "2.5"
"origin" "-627.75 2503 177"
"lightingstate1" "1"
"lightingstate2" "1"
"lightingstate3" "1"
"lightingstate4" "1"
"static" "1"
}
// entity 65
{
guid "{D0E7CDA9-5E75-11E8-A590-14DDA9E204AF}"
"classname" "misc_model"
"angles" "0 -60 0"
"model" "pre_airport_ceiling3"
"modelscale" "2.5"
"origin" "-764.25 2777.5 155.25"
"lightingstate1" "1"
"lightingstate2" "1"
"lightingstate3" "1"
"lightingstate4" "1"
"static" "1"
}
// entity 66
{
guid "{399F665A-5E76-11E8-A590-14DDA9E204AF}"
"classname" "misc_model"
"angles" "0 30 0"
"model" "pre_airport_ceiling_middle"
"modelscale" "2.5"
"origin" "-903.25 3337.75 162.75"
"lightingstate1" "1"
"lightingstate2" "1"
"lightingstate3" "1"
"lightingstate4" "1"
"static" "1"
}
// entity 67
{
guid "{543ABDA2-5E76-11E8-A590-14DDA9E204AF}"
"classname" "misc_model"
"angles" "0 30 0"
"model" "pre_airport_ceiling_middle"
"modelscale" "2.5"
"origin" "-804 3165.5 162.75"
"lightingstate1" "1"
"lightingstate2" "1"
"lightingstate3" "1"
"lightingstate4" "1"
"static" "1"
}
// entity 68
{
guid "{5C20B9F8-5E76-11E8-A590-14DDA9E204AF}"
"classname" "misc_model"
"angles" "0 30 0"
"model" "pre_airport_ceiling_middle"
"modelscale" "2.5"
"origin" "-704.75 2993.75 162.75"
"lightingstate1" "1"
"lightingstate2" "1"
"lightingstate3" "1"
"lightingstate4" "1"
"static" "1"
}
// entity 69
{
guid "{65E26578-5E76-11E8-A590-14DDA9E204AF}"
"classname" "misc_model"
"angles" "0 30 0"
"model" "pre_airport_ceiling_middle"
"modelscale" "2.5"
"origin" "-605 2821 162.75"
"lightingstate1" "1"
"lightingstate2" "1"
"lightingstate3" "1"
"lightingstate4" "1"
"static" "1"
}
// entity 70
{
guid "{65E26586-5E76-11E8-A590-14DDA9E204AF}"
"classname" "misc_model"
"angles" "0 30 0"
"model" "pre_airport_ceiling_middle"
"modelscale" "2.5"
"origin" "-505.25 2648 162.75"
"lightingstate1" "1"
"lightingstate2" "1"
"lightingstate3" "1"
"lightingstate4" "1"
"static" "1"
}
// entity 71
{
guid "{F793932E-5E75-11E8-A590-14DDA9E204AF}"
"classname" "misc_model"
"angles" "0 120 -90"
"model" "pre_airport_ceiling_junction"
"modelscale" "2.5"
"origin" "-729.5 2916.5 153.25"
"lightingstate1" "1"
"lightingstate2" "1"
"lightingstate3" "1"
"lightingstate4" "1"
"static" "1"
}
// entity 72
{
guid "{CA2433AF-5E76-11E8-A590-14DDA9E204AF}"
"classname" "misc_model"
"angles" "0 120 -90"
"model" "pre_airport_ceiling_junction"
"modelscale" "2.5"
"origin" "-627.5 2739.5 153.25"
"lightingstate1" "1"
"lightingstate2" "1"
"lightingstate3" "1"
"lightingstate4" "1"
"static" "1"
}
// entity 73
{
guid "{D83FE433-5E76-11E8-A590-14DDA9E204AF}"
"classname" "misc_model"
"angles" "0 120 -90"
"model" "pre_airport_ceiling_junction"
"modelscale" "2.5"
"origin" "-831.25 3093.25 153.25"
"lightingstate1" "1"
"lightingstate2" "1"
"lightingstate3" "1"
"lightingstate4" "1"
"static" "1"
}
// entity 74
{
guid "{D83FE441-5E76-11E8-A590-14DDA9E204AF}"
"classname" "misc_model"
"angles" "0 120 -90"
"model" "pre_airport_ceiling_junction"
"modelscale" "2.5"
"origin" "-930.25 3264.75 153.25"
"lightingstate1" "1"
"lightingstate2" "1"
"lightingstate3" "1"
"lightingstate4" "1"
"static" "1"
}
// entity 75
{
guid "{DE411EAE-5E76-11E8-A590-14DDA9E204AF}"
"classname" "misc_model"
"angles" "0 30 0"
"model" "top_coridoor_ceiling_beam"
"modelscale" "2.5"
"origin" "-1007.5 3395.25 177"
"lightingstate1" "1"
"lightingstate2" "1"
"lightingstate3" "1"
"lightingstate4" "1"
"static" "1"
}
// entity 76
{
guid "{FDA1C600-5E76-11E8-A590-14DDA9E204AF}"
"classname" "misc_model"
"angles" "0 30 0"
"model" "top_coridoor_ceiling_beam"
"modelscale" "2.5"
"origin" "-853 3127.75 177"
"lightingstate1" "1"
"lightingstate2" "1"
"lightingstate3" "1"
"lightingstate4" "1"
"static" "1"
}
// entity 77
{
guid "{FDA1C60B-5E76-11E8-A590-14DDA9E204AF}"
"classname" "misc_model"
"angles" "0 30 0"
"model" "top_coridoor_ceiling_beam"
"modelscale" "2.5"
"origin" "-714.75 2888.5 177"
"lightingstate1" "1"
"lightingstate2" "1"
"lightingstate3" "1"
"lightingstate4" "1"
"static" "1"
}
// entity 78
{
guid "{1540DD51-5E77-11E8-A590-14DDA9E204AF}"
"classname" "misc_model"
"angles" "0 30 0"
"model" "top_coridoor_ceiling_beam"
"modelscale" "2.5"
"origin" "-587.25 2667.75 177"
"lightingstate1" "1"
"lightingstate2" "1"
"lightingstate3" "1"
"lightingstate4" "1"
"static" "1"
}
// entity 79
{
guid "{234DEA6D-5E77-11E8-A590-14DDA9E204AF}"
"classname" "misc_model"
"angles" "0 -60 0"
"model" "pre_airport_ceiling2"
"modelscale" "2.5"
"origin" "-662 2600.5 155.25"
"lightingstate1" "1"
"lightingstate2" "1"
"lightingstate3" "1"
"lightingstate4" "1"
"static" "1"
}
// entity 80
{
guid "{2A0174D8-5E77-11E8-A590-14DDA9E204AF}"
"classname" "misc_model"
"angles" "0 -60 0"
"model" "pre_airport_ceiling"
"modelscale" "2.5"
"origin" "-866 2954.25 155.25"
"lightingstate1" "1"
"lightingstate2" "1"
"lightingstate3" "1"
"lightingstate4" "1"
"static" "1"
}
// entity 81
{
guid "{2A0174E6-5E77-11E8-A590-14DDA9E204AF}"
"classname" "misc_model"
"angles" "0 -60 0"
"model" "pre_airport_ceiling3"
"modelscale" "2.5"
"origin" "-966.75 3129.5 155.25"
"lightingstate1" "1"
"lightingstate2" "1"
"lightingstate3" "1"
"lightingstate4" "1"
"static" "1"
}
// entity 82
{
guid "{3728140C-5E77-11E8-A590-14DDA9E204AF}"
"classname" "misc_model"
"angles" "0 -60 0"
"model" "pre_airport_ceiling2"
"modelscale" "2.5"
"origin" "-1066.5 3302.5 155.25"
"lightingstate1" "1"
"lightingstate2" "1"
"lightingstate3" "1"
"lightingstate4" "1"
"static" "1"
}
// entity 83
{
guid "{47A54149-5E77-11E8-A590-14DDA9E204AF}"
"classname" "misc_model"
"angles" "0 -60 0"
"model" "adverts_ceiling_light_insert"
"modelscale" "2.5"
"origin" "-1066.5 3302.5 147"
"lightingstate1" "1"
"lightingstate2" "1"
"lightingstate3" "1"
"lightingstate4" "1"
"static" "1"
}
// entity 84
{
guid "{6BA15096-5E77-11E8-A590-14DDA9E204AF}"
"classname" "misc_model"
"angles" "0 -60 0"
"model" "adverts_ceiling_light_insert"
"modelscale" "2.5"
"origin" "-966.75 3129.5 147"
"lightingstate1" "1"
"lightingstate2" "1"
"lightingstate3" "1"
"lightingstate4" "1"
"static" "1"
}
// entity 85
{
guid "{735F18F5-5E77-11E8-A590-14DDA9E204AF}"
"classname" "misc_model"
"angles" "0 -60 0"
"model" "adverts_ceiling_light_insert"
"modelscale" "2.5"
"origin" "-865.5 2954.5 147"
"lightingstate1" "1"
"lightingstate2" "1"
"lightingstate3" "1"
"lightingstate4" "1"
"static" "1"
}
// entity 86
{
guid "{735F1903-5E77-11E8-A590-14DDA9E204AF}"
"classname" "misc_model"
"angles" "0 -60 0"
"model" "adverts_ceiling_light_insert"
"modelscale" "2.5"
"origin" "-763.5 2777.75 147"
"lightingstate1" "1"
"lightingstate2" "1"
"lightingstate3" "1"
"lightingstate4" "1"
"static" "1"
}
// entity 87
{
guid "{7A61099C-5E77-11E8-A590-14DDA9E204AF}"
"classname" "misc_model"
"angles" "0 -60 0"
"model" "adverts_ceiling_light_insert"
"modelscale" "2.5"
"origin" "-661.25 2600.75 147"
"lightingstate1" "1"
"lightingstate2" "1"
"lightingstate3" "1"
"lightingstate4" "1"
"static" "1"
}
// entity 88
{
guid "{9A6BF731-5E77-11E8-A590-14DDA9E204AF}"
"classname" "misc_model"
"angles" "0 300 0"
"model" "top_coridoor_ceiling_beam"
"modelscale" "2.5"
"origin" "-415 2860 177"
"lightingstate1" "1"
"lightingstate2" "1"
"lightingstate3" "1"
"lightingstate4" "1"
"static" "1"
}
// entity 89
{
guid "{9A6BF734-5E77-11E8-A590-14DDA9E204AF}"
"classname" "misc_model"
"angles" "0 300 0"
"model" "top_coridoor_ceiling_beam"
"modelscale" "2.5"
"origin" "-510 3040.25 177"
"lightingstate1" "1"
"lightingstate2" "1"
"lightingstate3" "1"
"lightingstate4" "1"
"static" "1"
}
// entity 90
{
guid "{9A6BF737-5E77-11E8-A590-14DDA9E204AF}"
"classname" "misc_model"
"angles" "0 300 0"
"model" "top_coridoor_ceiling_beam"
"modelscale" "2.5"
"origin" "-618 3213.5 177"
"lightingstate1" "1"
"lightingstate2" "1"
"lightingstate3" "1"
"lightingstate4" "1"
"static" "1"
}
// entity 91
{
guid "{9A6BF73A-5E77-11E8-A590-14DDA9E204AF}"
"classname" "misc_model"
"angles" "0 300 0"
"model" "top_coridoor_ceiling_beam"
"modelscale" "2.5"
"origin" "-718 3389 177"
"lightingstate1" "1"
"lightingstate2" "1"
"lightingstate3" "1"
"lightingstate4" "1"
"static" "1"
}
// entity 92
{
guid "{9A6BF743-5E77-11E8-A590-14DDA9E204AF}"
"classname" "misc_model"
"angles" "8.53774e-007 300 -90"
"model" "pre_airport_ceiling_junction"
"modelscale" "2.5"
"origin" "-726.75 3150.5 153.25"
"lightingstate1" "1"
"lightingstate2" "1"
"lightingstate3" "1"
"lightingstate4" "1"
"static" "1"
}
// entity 93
{
guid "{9A6BF746-5E77-11E8-A590-14DDA9E204AF}"
"classname" "misc_model"
"angles" "8.53774e-007 300 -90"
"model" "pre_airport_ceiling_junction"
"modelscale" "2.5"
"origin" "-828.25 3324.75 153.25"
"lightingstate1" "1"
"lightingstate2" "1"
"lightingstate3" "1"
"lightingstate4" "1"
"static" "1"
}
// entity 94
{
guid "{9A6BF74C-5E77-11E8-A590-14DDA9E204AF}"
"classname" "misc_model"
"angles" "8.53774e-007 300 -90"
"model" "pre_airport_ceiling_junction"
"modelscale" "2.5"
"origin" "-624.75 2973.75 153.25"
"lightingstate1" "1"
"lightingstate2" "1"
"lightingstate3" "1"
"lightingstate4" "1"
"static" "1"
}
// entity 95
{
guid "{9A6BF74F-5E77-11E8-A590-14DDA9E204AF}"
"classname" "misc_model"
"angles" "8.53774e-007 300 -90"
"model" "pre_airport_ceiling_junction"
"modelscale" "2.5"
"origin" "-523 2797.5 153.25"
"lightingstate1" "1"
"lightingstate2" "1"
"lightingstate3" "1"
"lightingstate4" "1"
"static" "1"
}
// entity 96
{
guid "{9A6BF75B-5E77-11E8-A590-14DDA9E204AF}"
"classname" "misc_model"
"angles" "0 210 0"
"model" "top_coridoor_ceiling_beam"
"modelscale" "2.5"
"origin" "-902.75 3456 177"
"lightingstate1" "1"
"lightingstate2" "1"
"lightingstate3" "1"
"lightingstate4" "1"
"static" "1"
}
// entity 97
{
guid "{9A6BF764-5E77-11E8-A590-14DDA9E204AF}"
"classname" "misc_model"
"angles" "0 120 0"
"model" "pre_airport_ceiling3"
"modelscale" "2.5"
"origin" "-487.25 2937.5 155.25"
"lightingstate1" "1"
"lightingstate2" "1"
"lightingstate3" "1"
"lightingstate4" "1"
"static" "1"
}
// entity 98
{
guid "{9A6BF76D-5E77-11E8-A590-14DDA9E204AF}"
"classname" "misc_model"
"angles" "0 120 0"
"model" "adverts_ceiling_light_insert"
"modelscale" "2.5"
"origin" "-487.5 2937.25 147"
"lightingstate1" "1"
"lightingstate2" "1"
"lightingstate3" "1"
"lightingstate4" "1"
"static" "1"
}
// entity 99
{
guid "{D6AE1052-5E77-11E8-A590-14DDA9E204AF}"
"classname" "misc_model"
"angles" "0 300 0"
"model" "top_coridoor_ceiling_beam"
"modelscale" "2.5"
"origin" "-313.5 2684.25 177"
"lightingstate1" "1"
"lightingstate2" "1"
"lightingstate3" "1"
"lightingstate4" "1"
"static" "1"
}
// entity 100
{
guid "{F8239536-5E77-11E8-A590-14DDA9E204AF}"
"classname" "misc_model"
"angles" "0 210 0"
"model" "top_coridoor_ceiling_beam"
"modelscale" "2.5"
"origin" "-752.25 3195 177"
"lightingstate1" "1"
"lightingstate2" "1"
"lightingstate3" "1"
"lightingstate4" "1"
"static" "1"
}
// entity 101
{
guid "{FE671998-5E77-11E8-A590-14DDA9E204AF}"
"classname" "misc_model"
"angles" "0 210 0"
"model" "top_coridoor_ceiling_beam"
"modelscale" "2.5"
"origin" "-614.25 2955.75 177"
"lightingstate1" "1"
"lightingstate2" "1"
"lightingstate3" "1"
"lightingstate4" "1"
"static" "1"
}
// entity 102
{
guid "{08B3631E-5E78-11E8-A590-14DDA9E204AF}"
"classname" "misc_model"
"angles" "0 210 0"
"model" "top_coridoor_ceiling_beam"
"modelscale" "2.5"
"origin" "-483 2728.75 177"
"lightingstate1" "1"
"lightingstate2" "1"
"lightingstate3" "1"
"lightingstate4" "1"
"static" "1"
}
// entity 103
{
guid "{2BCE2F68-5E78-11E8-A590-14DDA9E204AF}"
"classname" "misc_model"
"angles" "0 120 0"
"model" "pre_airport_ceiling3"
"modelscale" "2.5"
"origin" "-385 2760 155.25"
"lightingstate1" "1"
"lightingstate2" "1"
"lightingstate3" "1"
"lightingstate4" "1"
"static" "1"
}
// entity 104
{
guid "{3216832B-5E78-11E8-A590-14DDA9E204AF}"
"classname" "misc_model"
"angles" "0 120 0"
"model" "pre_airport_ceiling2"
"modelscale" "2.5"
"origin" "-588.75 3113.5 155.25"
"lightingstate1" "1"
"lightingstate2" "1"
"lightingstate3" "1"
"lightingstate4" "1"
"static" "1"
}
// entity 105
{
guid "{390A13B3-5E78-11E8-A590-14DDA9E204AF}"
"classname" "misc_model"
"angles" "0 120 0"
"model" "pre_airport_ceiling"
"modelscale" "2.5"
"origin" "-689 3287.5 155.25"
"lightingstate1" "1"
"lightingstate2" "1"
"lightingstate3" "1"
"lightingstate4" "1"
"static" "1"
}
// entity 106
{
guid "{390A13BE-5E78-11E8-A590-14DDA9E204AF}"
"classname" "misc_model"
"angles" "0 120 0"
"model" "pre_airport_ceiling3"
"modelscale" "2.5"
"origin" "-789.5 3461.75 155.25"
"lightingstate1" "1"
"lightingstate2" "1"
"lightingstate3" "1"
"lightingstate4" "1"
"static" "1"
}
// entity 107
{
guid "{3F08CDF8-5E78-11E8-A590-14DDA9E204AF}"
"classname" "misc_model"
"angles" "0 120 0"
"model" "adverts_ceiling_light_insert"
"modelscale" "2.5"
"origin" "-385.25 2760.25 147"
"lightingstate1" "1"
"lightingstate2" "1"
"lightingstate3" "1"
"lightingstate4" "1"
"static" "1"
}
// entity 108
{
guid "{4942C3C6-5E78-11E8-A590-14DDA9E204AF}"
"classname" "misc_model"
"angles" "0 120 0"
"model" "adverts_ceiling_light_insert"
"modelscale" "2.5"
"origin" "-589 3113.25 147"
"lightingstate1" "1"
"lightingstate2" "1"
"lightingstate3" "1"
"lightingstate4" "1"
"static" "1"
}
// entity 109
{
guid "{4942C3D4-5E78-11E8-A590-14DDA9E204AF}"
"classname" "misc_model"
"angles" "0 120 0"
"model" "adverts_ceiling_light_insert"
"modelscale" "2.5"
"origin" "-689.5 3287.5 147"
"lightingstate1" "1"
"lightingstate2" "1"
"lightingstate3" "1"
"lightingstate4" "1"
"static" "1"
}
// entity 110
{
guid "{4FACCACB-5E78-11E8-A590-14DDA9E204AF}"
"classname" "misc_model"
"angles" "0 120 0"
"model" "adverts_ceiling_light_insert"
"modelscale" "2.5"
"origin" "-789.75 3461.5 147"
"lightingstate1" "1"
"lightingstate2" "1"
"lightingstate3" "1"
"lightingstate4" "1"
"static" "1"
}
// entity 111
{
guid "{5AA6818B-5E78-11E8-A590-14DDA9E204AF}"
"classname" "misc_model"
"angles" "0 -150 0"
"model" "pre_airport_wall_extension"
"modelscale" "2.5"
"origin" "-1127.75 3410.75 60"
"lightingstate1" "1"
"lightingstate2" "1"
"lightingstate3" "1"
"lightingstate4" "1"
"static" "1"
}
// entity 112
{
guid "{7B995757-5E78-11E8-A590-14DDA9E204AF}"
"classname" "misc_model"
"angles" "0 -60 0"
"model" "pre_airport_pillar_extension_corner"
"modelscale" "2.5"
"origin" "-1194.5 3346 59"
"lightingstate1" "1"
"lightingstate2" "1"
"lightingstate3" "1"
"lightingstate4" "1"
"static" "1"
}
// entity 113
{
guid "{937EB7AC-5E78-11E8-A590-14DDA9E204AF}"
"classname" "misc_model"
"angles" "0 -150 0"
"model" "pre_airport_wall_extension"
"modelscale" "2.5"
"origin" "-853.5 3565 60"
"lightingstate1" "1"
"lightingstate2" "1"
"lightingstate3" "1"
"lightingstate4" "1"
"static" "1"
}
// entity 114
{
guid "{CAC57E81-5E78-11E8-A590-14DDA9E204AF}"
"classname" "misc_model"
"angles" "0 -60 -90"
"model" "pre_airport_ceiling_cables"
"modelscale" "2.5"
"origin" "-665 2596.5 133.5"
"lightingstate1" "1"
"lightingstate2" "1"
"lightingstate3" "1"
"lightingstate4" "1"
"static" "1"
}
// entity 115
{
guid "{1426430D-5E79-11E8-A590-14DDA9E204AF}"
"classname" "misc_model"
"angles" "0 -16 -90"
"model" "pre_airport_ceiling_cables"
"modelscale" "2.5"
"origin" "-622.5 3076 144.25"
"lightingstate1" "1"
"lightingstate2" "1"
"lightingstate3" "1"
"lightingstate4" "1"
"static" "1"
}
// entity 116
{
guid "{296617A0-5E79-11E8-A590-14DDA9E204AF}"
"classname" "misc_model"
"angles" "360 79.9995 -90.0001"
"model" "pre_airport_ceiling_cables"
"modelscale" "2.5"
"origin" "-794.422 3460.01 144.25"
"lightingstate1" "1"
"lightingstate2" "1"
"lightingstate3" "1"
"lightingstate4" "1"
"static" "1"
}
// entity 117
{
guid "{4277E169-5E79-11E8-A590-14DDA9E204AF}"
"classname" "misc_model"
"angles" "1.33147e-005 14.9991 -90.0002"
"model" "pre_airport_ceiling_cables2"
"modelscale" "2.5"
"origin" "-1102.27 3302.83 154.25"
"lightingstate1" "1"
"lightingstate2" "1"
"lightingstate3" "1"
"lightingstate4" "1"
"static" "1"
}
// entity 118
{
guid "{5CAF8C07-5E79-11E8-A590-14DDA9E204AF}"
"classname" "misc_model"
"angles" "1.07592e-005 164.998 -90.0004"
"model" "pre_airport_ceiling_cables2"
"modelscale" "2.5"
"origin" "-550.668 3121.06 158.25"
"lightingstate1" "1"
"lightingstate2" "1"
"lightingstate3" "1"
"lightingstate4" "1"
"static" "1"
}
// entity 119
{
guid "{8612183F-5E79-11E8-A590-14DDA9E204AF}"
"classname" "misc_model"
"angles" "8.62311e-005 334.997 -89.9997"
"model" "pre_airport_ceiling_cables2"
"modelscale" "2.5"
"origin" "-775.993 2774.93 136.25"
"lightingstate1" "1"
"lightingstate2" "1"
"lightingstate3" "1"
"lightingstate4" "1"
"static" "1"
}
// entity 120
{
guid "{8CD1053A-5E78-11E8-A590-14DDA9E204AF}"
"classname" "misc_model"
"angles" "0 -150 0"
"model" "pre_airport_pillar_extension_corner"
"modelscale" "2.5"
"origin" "-764 3595 59"
"lightingstate1" "1"
"lightingstate2" "1"
"lightingstate3" "1"
"lightingstate4" "1"
"static" "1"
}
// entity 121
{
guid "{7166A4D7-5E7A-11E8-A590-14DDA9E204AF}"
"classname" "misc_model"
"angles" "0 -150 0"
"model" "pre_airport_wall_m"
"modelscale" "2.5"
"origin" "-991 3484.75 -120"
"lightingstate1" "1"
"lightingstate2" "1"
"lightingstate3" "1"
"lightingstate4" "1"
"static" "1"
}
// entity 122
{
guid "{5A8B67C2-5E7B-11E8-A590-14DDA9E204AF}"
"classname" "misc_model"
"angles" "0 -150 0"
"model" "pre_airport_wall_door"
"modelscale" "2.5"
"origin" "-1128.5 3416.75 -119.25"
"lightingstate1" "1"
"lightingstate2" "1"
"lightingstate3" "1"
"lightingstate4" "1"
"static" "1"
}
// entity 123
{
guid "{A0A239AF-5E79-11E8-A590-14DDA9E204AF}"
"classname" "misc_model"
"angles" "0 -150 0"
"model" "top_coridoor_wall_pillar"
"modelscale" "2.5"
"origin" "-1044 3457.25 -120"
"lightingstate1" "1"
"lightingstate2" "1"
"lightingstate3" "1"
"lightingstate4" "1"
"static" "1"
}
// entity 124
{
guid "{CE48EEB7-5E79-11E8-A590-14DDA9E204AF}"
"classname" "misc_model"
"angles" "0 -150 0"
"model" "pre_airport_pillar_extension"
"modelscale" "2.5"
"origin" "-1033.25 3438.75 59"
"lightingstate1" "1"
"lightingstate2" "1"
"lightingstate3" "1"
"lightingstate4" "1"
"static" "1"
}
// entity 125
{
guid "{B9748C77-5E79-11E8-A590-14DDA9E204AF}"
"classname" "misc_model"
"angles" "0 -150 0"
"model" "pre_airport_pillar_extension"
"modelscale" "2.5"
"origin" "-928.5 3499.5 59"
"lightingstate1" "1"
"lightingstate2" "1"
"lightingstate3" "1"
"lightingstate4" "1"
"static" "1"
}
// entity 126
{
guid "{AF3040B3-5E79-11E8-A590-14DDA9E204AF}"
"classname" "misc_model"
"angles" "0 -150 0"
"model" "top_coridoor_wall_pillar"
"modelscale" "2.5"
"origin" "-938.75 3517.5 -120"
"lightingstate1" "1"
"lightingstate2" "1"
"lightingstate3" "1"
"lightingstate4" "1"
"static" "1"
}
// entity 127
{
guid "{554DE2F1-5E7C-11E8-A590-14DDA9E204AF}"
"classname" "misc_model"
"angles" "0 -60 0"
"model" "pre_airport_pillar_corner"
"modelscale" "2.5"
"origin" "-1235.75 3356.75 -119.75"
"lightingstate1" "1"
"lightingstate2" "1"
"lightingstate3" "1"
"lightingstate4" "1"
"static" "1"
}
// entity 128
{
guid "{030696C3-5E7D-11E8-A590-14DDA9E204AF}"
"classname" "misc_model"
"angles" "0 210 0"
"model" "pre_airport_pillar_corner"
"modelscale" "2.5"
"origin" "-753 3634.75 -119.75"
"lightingstate1" "1"
"lightingstate2" "1"
"lightingstate3" "1"
"lightingstate4" "1"
"static" "1"
}
// entity 129
{
guid "{3940BC56-5E7D-11E8-A590-14DDA9E204AF}"
"classname" "misc_model"
"angles" "0 -150 0"
"model" "pre_airport_wall_door"
"modelscale" "2.5"
"origin" "-859.25 3568 -119.25"
"lightingstate1" "1"
"lightingstate2" "1"
"lightingstate3" "1"
"lightingstate4" "1"
"static" "1"
}
// entity 130
{
guid "{418A9208-5E7D-11E8-A590-14DDA9E204AF}"
"classname" "misc_prefab"
"model" "_prefabs/zm_alien_isolation/pre_airport/floor_1row.map"
"origin" "-772.25 1365.75 -119.5"
}
// entity 131
{
guid "{BADEC560-5E7D-11E8-A590-14DDA9E204AF}"
"classname" "misc_model"
"angles" "0 -150 0"
"model" "pre_airport_wall_extension_m"
"modelscale" "2.5"
"origin" "-991 3486.25 60"
"lightingstate1" "1"
"lightingstate2" "1"
"lightingstate3" "1"
"lightingstate4" "1"
"static" "1"
}
// entity 132
{
guid "{F4AD1486-5E7D-11E8-A590-14DDA9E204AF}"
"classname" "misc_model"
"angles" "0 -150 0"
"model" "door"
"modelscale" "2.5"
"origin" "-1148 3451.25 -139.75"
"lightingstate1" "1"
"lightingstate2" "1"
"lightingstate3" "1"
"lightingstate4" "1"
"static" "1"
}
// entity 133
{
guid "{04DF68C3-5E7E-11E8-A590-14DDA9E204AF}"
"classname" "misc_model"
"angles" "0 -150 0"
"model" "door"
"modelscale" "2.5"
"origin" "-879 3602 -139.75"
"lightingstate1" "1"
"lightingstate2" "1"
"lightingstate3" "1"
"lightingstate4" "1"
"static" "1"
}
// entity 134
{
guid "{61EAD3D5-5E7F-11E8-A590-14DDA9E204AF}"
"classname" "misc_model"
"angles" "0 30 0"
"model" "pre_airport_ceiling_middle"
"modelscale" "2.5"
"origin" "-1002 3509 162.75"
"lightingstate1" "1"
"lightingstate2" "1"
"lightingstate3" "1"
"lightingstate4" "1"
"static" "1"
}
// entity 135
{
guid "{63D4B63F-5E80-11E8-A590-14DDA9E204AF}"
"classname" "misc_volume_decal"
"angles" "19.9999 29.9997 6.09961"
"decalsize" "5 73 34"
"modeloverridematerial" "graffitti_03"
"origin" "-778.5 2525.5 -29"
"decalEditorSortEnum" "-1"
"decalLayerSortEnum" "-1"
"model" "vol_decal_cube"
"revealDataSize" "revealAll"
"textureTiling" "1 1"
"uvBaseAndScale" "0 0 1 1"
}
// entity 136
{
guid "{997037DF-5E80-11E8-A590-14DDA9E204AF}"
"classname" "misc_volume_decal"
"angles" "19.9999 29.9997 -21.9011"
"decalsize" "5 41 34"
"modeloverridematerial" "graffitti_05"
"origin" "-869.25 2691 -11.5"
"decalEditorSortEnum" "-1"
"decalLayerSortEnum" "-1"
"model" "vol_decal_cube"
"revealDataSize" "revealAll"
"textureTiling" "1 1"
"uvBaseAndScale" "0 0 1 1"
}
// entity 137
{
guid "{A119CE1A-5E80-11E8-A590-14DDA9E204AF}"
"classname" "misc_volume_decal"
"angles" "360 29.9999 -26.2043"
"decalsize" "5 43 30"
"modeloverridematerial" "graffitti_07"
"origin" "-1143 3090.5 -56.25"
"decalEditorSortEnum" "-1"
"decalLayerSortEnum" "-1"
"model" "vol_decal_cube"
"revealDataSize" "revealAll"
"textureTiling" "1 1"
"uvBaseAndScale" "0 0 1 1"
}
// entity 138
{
guid "{D87D8928-5E80-11E8-A590-14DDA9E204AF}"
"classname" "misc_volume_decal"
"angles" "8.53774e-007 29.9997 28.0943"
"decalsize" "5 70 27"
"modeloverridematerial" "graffitti_19"
"origin" "-1178 3150.75 -83"
"decalEditorSortEnum" "-1"
"decalLayerSortEnum" "-1"
"model" "vol_decal_cube"
"revealDataSize" "revealAll"
"textureTiling" "1 1"
"uvBaseAndScale" "0 0 1 1"
}
// entity 139
{
guid "{024A941A-5E81-11E8-A590-14DDA9E204AF}"
"classname" "misc_volume_decal"
"angles" "19.9999 29.9997 45.8973"
"decalsize" "5 41 34"
"modeloverridematerial" "graffitti_random04"
"origin" "-906.5 2739.25 -34.5"
"decalEditorSortEnum" "-1"
"decalLayerSortEnum" "-1"
"model" "vol_decal_cube"
"revealDataSize" "revealAll"
"textureTiling" "1 1"
"uvBaseAndScale" "0 0 1 1"
}
// entity 140
{
guid "{08E68599-5E81-11E8-A590-14DDA9E204AF}"
"classname" "misc_volume_decal"
"angles" "19.9999 29.9997 35.4949"
"decalsize" "5 41 34"
"modeloverridematerial" "graffitti_random07"
"origin" "-965.75 2852.75 -19.5"
"decalEditorSortEnum" "-1"
"decalLayerSortEnum" "-1"
"model" "vol_decal_cube"
"revealDataSize" "revealAll"
"textureTiling" "1 1"
"uvBaseAndScale" "0 0 1 1"
}
// entity 141
{
guid "{0FE4083E-5E81-11E8-A590-14DDA9E204AF}"
"classname" "misc_volume_decal"
"angles" "19.9999 29.9997 -5.40558"
"decalsize" "5 41 34"
"modeloverridematerial" "graffitti_random09"
"origin" "-1015 2909.25 -59.25"
"decalEditorSortEnum" "-1"
"decalLayerSortEnum" "-1"
"model" "vol_decal_cube"
"revealDataSize" "revealAll"
"textureTiling" "1 1"
"uvBaseAndScale" "0 0 1 1"
}
// entity 142
{
guid "{238ED726-5E81-11E8-A590-14DDA9E204AF}"
"classname" "misc_volume_decal"
"angles" "350 29.9997 26.9987"
"decalsize" "2 31 20"
"modeloverridematerial" "graffitti_04"
"origin" "-783.25 2582.75 -88.25"
"decalEditorSortEnum" "-1"
"decalLayerSortEnum" "-1"
"model" "vol_decal_cube"
"revealDataSize" "revealAll"
"textureTiling" "1 1"
"uvBaseAndScale" "0 0 1 1"
}
// entity 143
{
guid "{4DAFF051-5E81-11E8-A590-14DDA9E204AF}"
"classname" "misc_volume_decal"
"angles" "1.70755e-006 300 72.296"
"decalsize" "2 30 16"
"modeloverridematerial" "graffitti_random13"
"origin" "-1008.25 2969.5 -30.5"
"decalEditorSortEnum" "-1"
"decalLayerSortEnum" "-1"
"model" "vol_decal_cube"
"revealDataSize" "revealAll"
"textureTiling" "1 1"
"uvBaseAndScale" "0 0 1 1"
}
// entity 144
{
guid "{91F7C9D1-5E81-11E8-A590-14DDA9E204AF}"
"classname" "misc_volume_decal"
"angles" "19.9999 300 -8.00068"
"decalsize" "16 34 19"
"modeloverridematerial" "graffitti_25"
"origin" "-1106.75 3460 -5"
"decalEditorSortEnum" "-1"
"decalLayerSortEnum" "-1"
"model" "vol_decal_cube"
"revealDataSize" "revealAll"
"textureTiling" "1 1"
"uvBaseAndScale" "0 0 1 1"
}
// entity 145
{
guid "{B384B31E-5E81-11E8-A590-14DDA9E204AF}"
"classname" "misc_volume_decal"
"angles" "19.9999 300 22.2989"
"decalsize" "16 27 29"
"modeloverridematerial" "graffitti_37"
"origin" "-1167.5 3424.5 -8"
"decalEditorSortEnum" "-1"
"decalLayerSortEnum" "-1"
"model" "vol_decal_cube"
"revealDataSize" "revealAll"
"textureTiling" "1 1"
"uvBaseAndScale" "0 0 1 1"
}
// entity 146
{
guid "{DB288C89-5E81-11E8-A590-14DDA9E204AF}"
"classname" "misc_volume_decal"
"angles" "19.9999 300 18.6983"
"decalsize" "16 34 31"
"modeloverridematerial" "graffitti_35"
"origin" "-1005 3513 -33.75"
"decalEditorSortEnum" "-1"
"decalLayerSortEnum" "-1"
"model" "vol_decal_cube"
"revealDataSize" "revealAll"
"textureTiling" "1 1"
"uvBaseAndScale" "0 0 1 1"
}
// entity 147
{
guid "{F03D968E-5E81-11E8-A590-14DDA9E204AF}"
"classname" "misc_volume_decal"
"angles" "19.9999 300 18.6983"
"decalsize" "16 34 31"
"modeloverridematerial" "graffitti_random05"
"origin" "-894.25 3575.25 -2"
"decalEditorSortEnum" "-1"
"decalLayerSortEnum" "-1"
"model" "vol_decal_cube"
"revealDataSize" "revealAll"
"textureTiling" "1 1"
"uvBaseAndScale" "0 0 1 1"
}
// entity 148
{
guid "{FD870000-5E81-11E8-A590-14DDA9E204AF}"
"classname" "misc_volume_decal"
"angles" "19.9999 300 18.6983"
"decalsize" "16 34 31"
"modeloverridematerial" "graffitti_random06"
"origin" "-833.75 3612.25 -4.25"
"decalEditorSortEnum" "-1"
"decalLayerSortEnum" "-1"
"model" "vol_decal_cube"
"revealDataSize" "revealAll"
"textureTiling" "1 1"
"uvBaseAndScale" "0 0 1 1"
}
// entity 149
{
guid "{0467A77D-5E82-11E8-A590-14DDA9E204AF}"
"classname" "misc_volume_decal"
"angles" "0 300 18.698"
"decalsize" "16 25 24"
"modeloverridematerial" "graffitti_36"
"origin" "-882.75 3611.5 -79"
"decalEditorSortEnum" "-1"
"decalLayerSortEnum" "-1"
"model" "vol_decal_cube"
"revealDataSize" "revealAll"
"textureTiling" "1 1"
"uvBaseAndScale" "0 0 1 1"
}
// entity 150
{
guid "{20A8DFB7-5E82-11E8-A590-14DDA9E204AF}"
"classname" "misc_volume_decal"
"angles" "360 300 -6.30305"
"decalsize" "16 25 24"
"modeloverridematerial" "graffitti_27"
"origin" "-1153.25 3460.75 -79.5"
"decalEditorSortEnum" "-1"
"decalLayerSortEnum" "-1"
"model" "vol_decal_cube"
"revealDataSize" "revealAll"
"textureTiling" "1 1"
"uvBaseAndScale" "0 0 1 1"
}
// entity 151
{
guid "{4ECF3EBE-5E82-11E8-A590-14DDA9E204AF}"
"classname" "misc_volume_decal"
"angles" "17.0058 286.813 -38.6831"
"decalsize" "16 19 16"
"modeloverridematerial" "graffitti_random26"
"origin" "-778 3611 -85.5"
"decalEditorSortEnum" "-1"
"decalLayerSortEnum" "-1"
"model" "vol_decal_cube"
"revealDataSize" "revealAll"
"textureTiling" "1 1"
"uvBaseAndScale" "0 0 1 1"
}
// entity 152
{
guid "{A55C2089-5E82-11E8-A590-14DDA9E204AF}"
"classname" "misc_volume_decal"
"angles" "1.33402e-008 210 13.5992"
"decalsize" "16 57 14"
"modeloverridematerial" "graffitti_26"
"origin" "-598 3495 -62.75"
"decalEditorSortEnum" "-1"
"decalLayerSortEnum" "-1"
"model" "vol_decal_cube"
"revealDataSize" "revealAll"
"textureTiling" "1 1"
"uvBaseAndScale" "0 0 1 1"
}
// entity 153
{
guid "{C0150A26-5E82-11E8-A590-14DDA9E204AF}"
"classname" "misc_volume_decal"
"angles" "360 210 -10.8017"
"decalsize" "16 22 24"
"modeloverridematerial" "graffitti_31"
"origin" "-554.25 3419.25 -78"
"decalEditorSortEnum" "-1"
"decalLayerSortEnum" "-1"
"model" "vol_decal_cube"
"revealDataSize" "revealAll"
"textureTiling" "1 1"
"uvBaseAndScale" "0 0 1 1"
}
// entity 154
{
guid "{E57EFE78-5E82-11E8-A590-14DDA9E204AF}"
"classname" "misc_model"
"model" "papers1"
"modelscale" "2.5"
"origin" "-835.25 3165.25 -120"
"lightingstate1" "1"
"lightingstate2" "1"
"lightingstate3" "1"
"lightingstate4" "1"
"static" "1"
}
// entity 155
{
guid "{F261CE14-5E82-11E8-A590-14DDA9E204AF}"
"classname" "misc_model"
"angles" "0 17.9915 0"
"model" "papers2"
"modelscale" "2.5"
"origin" "-781.773 3210.27 -120"
"lightingstate1" "1"
"lightingstate2" "1"
"lightingstate3" "1"
"lightingstate4" "1"
"static" "1"
}
// entity 156
{
guid "{FAE05CEF-5E82-11E8-A590-14DDA9E204AF}"
"classname" "misc_model"
"angles" "0 -60 0"
"model" "papers_corner2"
"modelscale" "2.5"
"origin" "-802.928 3202.6 -120"
"lightingstate1" "1"
"lightingstate2" "1"
"lightingstate3" "1"
"lightingstate4" "1"
"static" "1"
}
// entity 157
{
guid "{12C3C3E4-5E83-11E8-A590-14DDA9E204AF}"
"classname" "misc_model"
"model" "papers6"
"modelscale" "2.5"
"origin" "-681 3253.25 -120"
"lightingstate1" "1"
"lightingstate2" "1"
"lightingstate3" "1"
"lightingstate4" "1"
"static" "1"
}
// entity 158
{
guid "{12C3C3F3-5E83-11E8-A590-14DDA9E204AF}"
"classname" "misc_model"
"angles" "0 296.798 0"
"model" "papers6"
"modelscale" "2.5"
"origin" "-946.64 3243.55 -120"
"lightingstate1" "1"
"lightingstate2" "1"
"lightingstate3" "1"
"lightingstate4" "1"
"static" "1"
}
// entity 159
{
guid "{18C6F267-5E83-11E8-A590-14DDA9E204AF}"
"classname" "misc_model"
"angles" "0 226.697 0"
"model" "papers6"
"modelscale" "2.5"
"origin" "-794.073 3400.72 -120"
"lightingstate1" "1"
"lightingstate2" "1"
"lightingstate3" "1"
"lightingstate4" "1"
"static" "1"
}
// entity 160
{
guid "{2834528C-5E83-11E8-A590-14DDA9E204AF}"
"classname" "misc_model"
"angles" "0 120 0"
"model" "papers_corner2"
"modelscale" "2.5"
"origin" "-973.75 3449.25 -119.75"
"lightingstate1" "1"
"lightingstate2" "1"
"lightingstate3" "1"
"lightingstate4" "1"
"static" "1"
}
// entity 161
{
guid "{377332F1-5E83-11E8-A590-14DDA9E204AF}"
"classname" "misc_model"
"model" "papers5"
"modelscale" "2.5"
"origin" "-1124.25 3370.75 -119.75"
"lightingstate1" "1"
"lightingstate2" "1"
"lightingstate3" "1"
"lightingstate4" "1"
"static" "1"
}
// entity 162
{
guid "{3D763063-5E83-11E8-A590-14DDA9E204AF}"
"classname" "misc_model"
"angles" "0 319.897 0"
"model" "papers6"
"modelscale" "2.5"
"origin" "-774.354 2910.01 -120"
"lightingstate1" "1"
"lightingstate2" "1"
"lightingstate3" "1"
"lightingstate4" "1"
"static" "1"
}
// entity 163
{
guid "{46943418-5E83-11E8-A590-14DDA9E204AF}"
"classname" "misc_model"
"angles" "0 240.996 0"
"model" "papers6"
"modelscale" "2.5"
"origin" "-610.023 3112.47 -120"
"lightingstate1" "1"
"lightingstate2" "1"
"lightingstate3" "1"
"lightingstate4" "1"
"static" "1"
}
// entity 164
{
guid "{46943429-5E83-11E8-A590-14DDA9E204AF}"
"classname" "misc_model"
"angles" "0 137.395 0"
"model" "papers6"
"modelscale" "2.5"
"origin" "-488.684 2844.58 -120"
"lightingstate1" "1"
"lightingstate2" "1"
"lightingstate3" "1"
"lightingstate4" "1"
"static" "1"
}
// entity 165
{
guid "{4C9F1A09-5E83-11E8-A590-14DDA9E204AF}"
"classname" "misc_model"
"angles" "0 36.694 0"
"model" "papers6"
"modelscale" "2.5"
"origin" "-664.705 2658.46 -120"
"lightingstate1" "1"
"lightingstate2" "1"
"lightingstate3" "1"
"lightingstate4" "1"
"static" "1"
}
// entity 166
{
guid "{52D0C25F-5E83-11E8-A590-14DDA9E204AF}"
"classname" "misc_model"
"angles" "0 30 0"
"model" "papers_corner1"
"modelscale" "2.5"
"origin" "-328.75 2822.5 -120"
"lightingstate1" "1"
"lightingstate2" "1"
"lightingstate3" "1"
"lightingstate4" "1"
"static" "1"
}
// entity 167
{
guid "{62FEAF12-5E83-11E8-A590-14DDA9E204AF}"
"classname" "misc_model"
"model" "papers4"
"modelscale" "2.5"
"origin" "-796.25 2719 -119.75"
"lightingstate1" "1"
"lightingstate2" "1"
"lightingstate3" "1"
"lightingstate4" "1"
"static" "1"
}
// entity 168
{
guid "{6CA2AD02-5E83-11E8-A590-14DDA9E204AF}"
"classname" "misc_model"
"angles" "0 302.797 0"
"model" "prop_bin"
"modelscale" "2.5"
"origin" "-814.25 2670.5 -120"
"lightingstate1" "1"
"lightingstate2" "1"
"lightingstate3" "1"
"lightingstate4" "1"
"static" "1"
}
// entity 169
{
guid "{79014109-5E83-11E8-A590-14DDA9E204AF}"
"classname" "misc_model"
"angles" "0 137.298 0"
"model" "prop_bin"
"modelscale" "2.5"
"origin" "-536 3219 -120"
"lightingstate1" "1"
"lightingstate2" "1"
"lightingstate3" "1"
"lightingstate4" "1"
"static" "1"
}
// entity 170
{
guid "{875710E8-5E83-11E8-A590-14DDA9E204AF}"
"classname" "misc_model"
"model" "prop_bladerunner_unicorn"
"modelscale" "2.5"
"origin" "-944.5 2828.75 -70"
"lightingstate1" "1"
"lightingstate2" "1"
"lightingstate3" "1"
"lightingstate4" "1"
"static" "1"
}
// entity 171
{
guid "{8E98EA0E-5E83-11E8-A590-14DDA9E204AF}"
"classname" "misc_model"
"model" "prop_box3"
"modelscale" "2.5"
"origin" "-946.5 2867 -100.75"
"lightingstate1" "1"
"lightingstate2" "1"
"lightingstate3" "1"
"lightingstate4" "1"
"static" "1"
}
// entity 172
{
guid "{B06E4019-5E83-11E8-A590-14DDA9E204AF}"
"classname" "misc_model"
"angles" "0 286.999 0"
"model" "prop_box2"
"modelscale" "2.5"
"origin" "-970.62 2904.59 -100.5"
"lightingstate1" "1"
"lightingstate2" "1"
"lightingstate3" "1"
"lightingstate4" "1"
"static" "1"
}
// entity 173
{
guid "{B8185DB6-5E83-11E8-A590-14DDA9E204AF}"
"classname" "misc_model"
"angles" "0 54.4987 0"
"model" "prop_can_crushed"
"modelscale" "2.5"
"origin" "-956.355 2893.95 -101"
"lightingstate1" "1"
"lightingstate2" "1"
"lightingstate3" "1"
"lightingstate4" "1"
"static" "1"
}
// entity 174
{
guid "{BF91A7FC-5E83-11E8-A590-14DDA9E204AF}"
"classname" "misc_model"
"angles" "337.198 30.999 1.3358e-006"
"model" "prop_briefcase"
"modelscale" "2.5"
"origin" "-856.802 2710.67 -100.248"
"lightingstate1" "1"
"lightingstate2" "1"
"lightingstate3" "1"
"lightingstate4" "1"
"static" "1"
}
// entity 175
{
guid "{07C95705-5E84-11E8-A590-14DDA9E204AF}"
"classname" "misc_model"
"angles" "0 115.697 0"
"model" "prop_luggage3"
"modelscale" "2.5"
"origin" "-485.75 3161.75 -102.25"
"lightingstate1" "1"
"lightingstate2" "1"
"lightingstate3" "1"
"lightingstate4" "1"
"static" "1"
}
// entity 176
{
guid "{1B062EDA-5E84-11E8-A590-14DDA9E204AF}"
"classname" "misc_model"
"model" "prop_can_crushed"
"modelscale" "2.5"
"origin" "-407 3033.25 -101.75"
"lightingstate1" "1"
"lightingstate2" "1"
"lightingstate3" "1"
"lightingstate4" "1"
"static" "1"
}
// entity 177
{
guid "{1B062EE6-5E84-11E8-A590-14DDA9E204AF}"
"classname" "misc_model"
"angles" "0 330.099 0"
"model" "prop_can_crushed"
"modelscale" "2.5"
"origin" "-406.783 3027.38 -101.75"
"lightingstate1" "1"
"lightingstate2" "1"
"lightingstate3" "1"
"lightingstate4" "1"
"static" "1"
}
// entity 178
{
guid "{21DF71E5-5E84-11E8-A590-14DDA9E204AF}"
"classname" "misc_model"
"angles" "0 18.3993 0"
"model" "prop_box5"
"modelscale" "2.5"
"origin" "-371.494 2967.46 -102"
"lightingstate1" "1"
"lightingstate2" "1"
"lightingstate3" "1"
"lightingstate4" "1"
"static" "1"
}
// entity 179
{
guid "{28092D9A-5E84-11E8-A590-14DDA9E204AF}"
"classname" "misc_model"
"model" "prop_can_crushed"
"modelscale" "2.5"
"origin" "-768.25 3046.75 -120"
"lightingstate1" "1"
"lightingstate2" "1"
"lightingstate3" "1"
"lightingstate4" "1"
"static" "1"
}
// entity 180
{
guid "{35FE7645-5E84-11E8-A590-14DDA9E204AF}"
"classname" "misc_prefab"
"model" "_prefabs/zm_alien_isolation/noddingbird.map"
"origin" "-688 3107 -78.25"
}
// entity 181
{
guid "{5429D4F4-5E84-11E8-A590-14DDA9E204AF}"
"classname" "misc_volume_decal"
"angles" "19.9999 210 10.8994"
"decalsize" "5 52 26"
"modeloverridematerial" "graffitti_20"
"origin" "-483 3191.5 -20.5"
"decalEditorSortEnum" "-1"
"decalLayerSortEnum" "-1"
"model" "vol_decal_cube"
"revealDataSize" "revealAll"
"textureTiling" "1 1"
"uvBaseAndScale" "0 0 1 1"
}
// entity 182
{
guid "{8FCB7E35-5E84-11E8-A590-14DDA9E204AF}"
"classname" "misc_volume_decal"
"angles" "19.9999 210 -14.1009"
"decalsize" "5 27 26"
"modeloverridematerial" "graffitti_random20"
"origin" "-448.25 3145.75 -39.5"
"decalEditorSortEnum" "-1"
"decalLayerSortEnum" "-1"
"model" "vol_decal_cube"
"revealDataSize" "revealAll"
"textureTiling" "1 1"
"uvBaseAndScale" "0 0 1 1"
}
// entity 183
{
guid "{9D2A54D0-5E84-11E8-A590-14DDA9E204AF}"
"classname" "misc_volume_decal"
"angles" "19.9999 210 -4.30149"
"decalsize" "5 37 43"
"modeloverridematerial" "graffitti_random22"
"origin" "-348.5 2973.25 -25.75"
"decalEditorSortEnum" "-1"
"decalLayerSortEnum" "-1"
"model" "vol_decal_cube"
"revealDataSize" "revealAll"
"textureTiling" "1 1"
"uvBaseAndScale" "0 0 1 1"
}
// entity 184
{
guid "{B10090EE-5E84-11E8-A590-14DDA9E204AF}"
"classname" "misc_volume_decal"
"angles" "19.9999 210 24.4974"
"decalsize" "5 37 19"
"modeloverridematerial" "graffitti_random12"
"origin" "-394.75 3041 -8.75"
"decalEditorSortEnum" "-1"
"decalLayerSortEnum" "-1"
"model" "vol_decal_cube"
"revealDataSize" "revealAll"
"textureTiling" "1 1"
"uvBaseAndScale" "0 0 1 1"
}
// entity 185
{
guid "{BE396ACF-5E84-11E8-A590-14DDA9E204AF}"
"classname" "misc_volume_decal"
"angles" "19.9999 210 -25.0036"
"decalsize" "5 37 19"
"modeloverridematerial" "graffitti_random13"
"origin" "-376 3033 -42"
"decalEditorSortEnum" "-1"
"decalLayerSortEnum" "-1"
"model" "vol_decal_cube"
"revealDataSize" "revealAll"
"textureTiling" "1 1"
"uvBaseAndScale" "0 0 1 1"
}
// entity 186
{
guid "{C4FC427D-5E84-11E8-A590-14DDA9E204AF}"
"classname" "misc_volume_decal"
"angles" "19.9999 210 -4.30149"
"decalsize" "5 81 35"
"modeloverridematerial" "graffitti_23"
"origin" "-264.5 2830 -27.75"
"decalEditorSortEnum" "-1"
"decalLayerSortEnum" "-1"
"model" "vol_decal_cube"
"revealDataSize" "revealAll"
"textureTiling" "1 1"
"uvBaseAndScale" "0 0 1 1"
}
// entity 187
{
guid "{EC0E379B-5E84-11E8-A590-14DDA9E204AF}"
"classname" "misc_volume_decal"
"angles" "345 210 -8.60065"
"decalsize" "5 33 16"
"modeloverridematerial" "graffitti_random08"
"origin" "-304 2847 -88.5"
"decalEditorSortEnum" "-1"
"decalLayerSortEnum" "-1"
"model" "vol_decal_cube"
"revealDataSize" "revealAll"
"textureTiling" "1 1"
"uvBaseAndScale" "0 0 1 1"
}
// entity 188
{
guid "{4167BE41-5E85-11E8-A590-14DDA9E204AF}"
"classname" "misc_prefab"
"model" "_prefabs/zm_alien_isolation/spaceflight_terminal_tripodlight.map"
"origin" "-208.5 2564 -120"
}
// entity 189
{
guid "{5008AE63-5E85-11E8-A590-14DDA9E204AF}"
"classname" "misc_prefab"
"model" "_prefabs/zm_alien_isolation/spaceflight_terminal_tripodlight.map"
"origin" "-350.5 3212 -120"
}
// entity 190
{
guid "{2D7893BF-5E87-11E8-A590-14DDA9E204AF}"
"classname" "misc_model"
"angles" "0 210 0"
"model" "ayz_new_door_lights"
"modelscale" "2.5"
"origin" "-878.25 3602.75 -140.25"
"lightingstate1" "1"
"lightingstate2" "1"
"lightingstate3" "1"
"lightingstate4" "1"
"static" "1"
}
// entity 191
{
guid "{63F29560-5E87-11E8-A590-14DDA9E204AF}"
"classname" "misc_model"
"angles" "0 210 0"
"model" "ayz_new_door_lights"
"modelscale" "2.5"
"origin" "-1147 3452 -140.25"
"lightingstate1" "1"
"lightingstate2" "1"
"lightingstate3" "1"
"lightingstate4" "1"
"static" "1"
}
// entity 192
{
guid "{77A34FBC-5E87-11E8-A590-14DDA9E204AF}"
"classname" "misc_model"
"angles" "0 -60 0"
"model" "ayz_new_door_lights"
"modelscale" "2.5"
"origin" "-1169.75 3130.75 -132.25"
"lightingstate1" "1"
"lightingstate2" "1"
"lightingstate3" "1"
"lightingstate4" "1"
"static" "1"
}
// entity 193
{
guid "{9D16931B-5E87-11E8-A590-14DDA9E204AF}"
"classname" "misc_model"
"angles" "0 120 0"
"model" "ayz_new_door_lights"
"modelscale" "2.5"
"origin" "-588 3459.5 -132.5"
"lightingstate1" "1"
"lightingstate2" "1"
"lightingstate3" "1"
"lightingstate4" "1"
"static" "1"
}
// entity 194
{
guid "{8EEBB9B1-5E89-11E8-A590-14DDA9E204AF}"
"classname" "misc_model"
"angles" "0 -60 90"
"model" "doorsign_gate_a"
"modelscale" "2.5"
"origin" "-603.75 3453.5 -9.5"
"lightingstate1" "1"
"lightingstate2" "1"
"lightingstate3" "1"
"lightingstate4" "1"
"static" "1"
}
// entity 195
{
guid "{AF76D816-5E89-11E8-A590-14DDA9E204AF}"
"classname" "misc_model"
"angles" "0 30 90"
"model" "doorsign_employees_only"
"modelscale" "2.5"
"origin" "-873.5 3593 -35.25"
"lightingstate1" "1"
"lightingstate2" "1"
"lightingstate3" "1"
"lightingstate4" "1"
"static" "1"
}
// entity 196
{
guid "{C45568FB-5E89-11E8-A590-14DDA9E204AF}"
"classname" "misc_model"
"angles" "0 30 90"
"model" "doorsign_baggage_transfer"
"modelscale" "2.5"
"origin" "-1140.75 3438.25 -35.25"
"lightingstate1" "1"
"lightingstate2" "1"
"lightingstate3" "1"
"lightingstate4" "1"
"static" "1"
}
// entity 197
{
guid "{CE158676-5E89-11E8-A590-14DDA9E204AF}"
"classname" "misc_model"
"angles" "360 120 90"
"model" "doorsign_gate_b"
"modelscale" "2.5"
"origin" "-1154.5 3138 -9.5"
"lightingstate1" "1"
"lightingstate2" "1"
"lightingstate3" "1"
"lightingstate4" "1"
"static" "1"
}
// entity 198
{
guid "{CAE5D94D-5E8F-11E8-A590-14DDA9E204AF}"
"classname" "misc_model"
"angles" "0 30 0"
"model" "pre_airport_floor"
"modelscale" "2.5"
"origin" "-1232 3085.75 -120"
"lightingstate1" "1"
"lightingstate2" "1"
"lightingstate3" "1"
"lightingstate4" "1"
"static" "1"
}
// entity 199
{
guid "{E4108033-5E8F-11E8-A590-14DDA9E204AF}"
"classname" "misc_model"
"angles" "0 30 0"
"model" "pre_airport_floor"
"modelscale" "2.5"
"origin" "-538 3485.75 -120"
"lightingstate1" "1"
"lightingstate2" "1"
"lightingstate3" "1"
"lightingstate4" "1"
"static" "1"
}
// entity 200
{
guid "{5CF464A2-5E90-11E8-A590-14DDA9E204AF}"
"classname" "misc_model"
"angles" "0 50.6981 0"
"model" "pre_airport_barracade"
"modelscale" "2.5"
"origin" "-425.5 2954.5 -120"
"lightingstate1" "1"
"lightingstate2" "1"
"lightingstate3" "1"
"lightingstate4" "1"
"static" "1"
}
// entity 201
{
guid "{636E0B49-5E90-11E8-A590-14DDA9E204AF}"
"classname" "misc_model"
"angles" "0 72.8964 0"
"model" "pre_airport_barracade"
"modelscale" "2.5"
"origin" "-462.5 2913 -120"
"lightingstate1" "1"
"lightingstate2" "1"
"lightingstate3" "1"
"lightingstate4" "1"
"static" "1"
}
// entity 202
{
guid "{636E0B5A-5E90-11E8-A590-14DDA9E204AF}"
"classname" "misc_model"
"angles" "0 65.3958 0"
"model" "pre_airport_barracade"
"modelscale" "2.5"
"origin" "-469.983 2850.52 -120"
"lightingstate1" "1"
"lightingstate2" "1"
"lightingstate3" "1"
"lightingstate4" "1"
"static" "1"
}
// entity 203
{
guid "{6A03B347-5E90-11E8-A590-14DDA9E204AF}"
"classname" "misc_model"
"angles" "270 0.320006 110.327"
"model" "pre_airport_barracade"
"modelscale" "2.5"
"origin" "-415.976 2891.93 -92.0203"
"lightingstate1" "1"
"lightingstate2" "1"
"lightingstate3" "1"
"lightingstate4" "1"
"static" "1"
}
