iwmap 4
"script_startingnumber" 0
"000_Global" flags  active
"The Map" flags expanded 
// entity 0
{
guid "{BE4A52AF-0F50-43B9-9489-5B12EE15CDB7}"
"classname" "worldspawn"
"_color" "0.5 0.5 0.7"
"ambient" "0.1"
"bouncefraction" "0.3"
"contrastgain" "0.35"
"diffusefraction" "0.15"
"suncolor" "0.64 0.85 1"
"sundiffusecolor" "0.25 0.55 0.8"
"sundirection" "-150 17 0"
"sunisprimarylight" "1"
"sunlight" "0.75"
"fsi" "default"
"gravity" "800"
"lodbias" "default"
"lutmaterial" "luts_t7_default"
"numOmniShadowSlices" "24"
"numSpotShadowSlices" "64"
"sky_intensity_factor0" "1"
"sky_intensity_factor1" "1"
"state_alias_1" "State 1"
"state_alias_2" "State 2"
"state_alias_3" "State 3"
"state_alias_4" "State 4"
// brush 0
{
 guid "{DE2C2A91-0434-11E5-BEC6-2C27D7EF3DD2}"
  contents nonColliding;
 ( -12 -8 0 ) ( 15 -8 0 ) ( 15 -2 0 ) traverse 16 16 1 -9 180 0 lightmap_gray 16384 16384 1 -9 180 0
 ( 13 -2 56 ) ( 13 -8 56 ) ( -14 -8 56 ) traverse 16 16 1 -9 180 0 lightmap_gray 16384 16384 1 -9 180 0
 ( 13 -1 56 ) ( -14 -1 56 ) ( -14 -1 40 ) traverse 16 -16 1 -4 180 0 lightmap_gray 16384 -16384 1 -98 180 0
 ( -15 -2 56 ) ( -15 -8 56 ) ( -15 -8 40 ) traverse 16 -16 9 -4 180 0 lightmap_gray 16384 -16384 9 -98 180 0
 ( -14 -8 56 ) ( 13 -8 56 ) ( 13 -8 40 ) traverse 16 -16 1 -4 180 0 lightmap_gray 16384 -16384 1 -98 180 0
 ( 15 -8 56 ) ( 15 -2 56 ) ( 15 -2 40 ) traverse 16 -16 9 -4 180 0 lightmap_gray 16384 -16384 9 -98 180 0
}
// brush 1
 {
  guid "{B5BDB7A4-1651-11E5-8038-2C27D7EF3DD2}"
  mesh
  {
  contents nonColliding;
  toolFlags;
   t7_zm_chalk_buy_bowie
   lightmap_gray
   2 2 0 8
   (
	v -17.999996 0 66.5 t 0 -1024 -0.5 -8.375
	v -17.999996 0 50.5 t 0 0 -0.5 -7.375
   )
   (
	v 18.000008 0 66.5 t 1024 -1024 0.5 -8.375
	v 18.000008 0 50.5 t 1024 0 0.5 -7.375
   )
  }
 }
}
// entity 1
{
guid "{D1EECB49-9090-426C-A801-04DE5E4D9CA8}"
"classname" "script_struct"
"angles" "0 360 0"
"model" "wpn_t7_zmb_knife_bowie_world"
"origin" "-9.5 0 60"
"targetname" "auto37"
"_color" "1 0 0"
}
// entity 2
{
guid "{ED8E28B4-0D00-48D3-B2F7-FB91E3ACC6BA}"
"classname" "script_struct"
"angles" "0 360 0"
"origin" "0 0 60"
"target" "auto37"
"targetname" "bowie_upgrade"
"zombie_weapon_upgrade" "bowie_knife"
"_color" "1 0 0"
}
