iwmap 4
"script_startingnumber" 0
"000_Global" flags  active
"The Map" flags expanded 
// entity 0
{
guid "{2F7C1227-42BF-11E7-A545-14DDA9E204AF}"
"classname" "worldspawn"
"lightingquality" "4096"
"lutmaterial" "luts_ayz"
"samplescale" "1"
"skyboxmodel" "skybox_default_day"
"ssi" "default_day"
"wsi" "default_day"
"fsi" "default"
"gravity" "800"
"lodbias" "default"
"numOmniShadowSlices" "24"
"numSpotShadowSlices" "64"
"sky_intensity_factor0" "1"
"sky_intensity_factor1" "1"
"state_alias_1" "State 1"
"state_alias_2" "State 2"
"state_alias_3" "State 3"
"state_alias_4" "State 4"
}
// entity 1
{
guid "{154DC0B0-2E86-11E7-A532-14DDA9E204AF}"
"classname" "misc_model"
"model" "tow_external_torrenshalf_engine_cover"
"modelscale" "2.54999995231628"
"origin" "37682.5 -11183.5 -14149.5"
"lightingstate1" "1"
"lightingstate2" "1"
"lightingstate3" "1"
"lightingstate4" "1"
"static" "1"
}
// entity 2
{
guid "{664FAE95-2E86-11E7-A532-14DDA9E204AF}"
"classname" "misc_model"
"model" "tow_external_torrenshalf_engine_cover"
"modelscale" "2.54999995231628"
"origin" "38434.5 -11183.5 -14150"
"lightingstate1" "1"
"lightingstate2" "1"
"lightingstate3" "1"
"lightingstate4" "1"
"static" "1"
}
// entity 3
{
guid "{6E20CF50-2E86-11E7-A532-14DDA9E204AF}"
"classname" "misc_model"
"model" "tow_external_torrenshalf_engine_cover2"
"modelscale" "2.54999995231628"
"origin" "37680 -11183.5 -14870"
"lightingstate1" "1"
"lightingstate2" "1"
"lightingstate3" "1"
"lightingstate4" "1"
"static" "1"
}
// entity 4
{
guid "{A485F43C-2E86-11E7-A532-14DDA9E204AF}"
"classname" "misc_model"
"model" "tow_external_torrenshalf_engine"
"modelscale" "2.54999995231628"
"origin" "37371 -11183.5 -14150"
"lightingstate1" "1"
"lightingstate2" "1"
"lightingstate3" "1"
"lightingstate4" "1"
"static" "1"
}
// entity 5
{
guid "{ACFC8418-2E86-11E7-A532-14DDA9E204AF}"
"classname" "misc_model"
"model" "tow_external_torrenshalf_engine"
"modelscale" "2.54999995231628"
"origin" "38101.5 -11183.5 -14150.5"
"lightingstate1" "1"
"lightingstate2" "1"
"lightingstate3" "1"
"lightingstate4" "1"
"static" "1"
}
// entity 6
{
guid "{ACFC8425-2E86-11E7-A532-14DDA9E204AF}"
"classname" "misc_model"
"model" "tow_external_torrenshalf_engine"
"modelscale" "2.54999995231628"
"origin" "37371.5 -11183.5 -14895"
"lightingstate1" "1"
"lightingstate2" "1"
"lightingstate3" "1"
"lightingstate4" "1"
"static" "1"
}
// entity 7
{
guid "{ACFC8428-2E86-11E7-A532-14DDA9E204AF}"
"classname" "misc_model"
"model" "tow_external_torrenshalf_engine"
"modelscale" "2.54999995231628"
"origin" "38102 -11183.5 -14895.5"
"lightingstate1" "1"
"lightingstate2" "1"
"lightingstate3" "1"
"lightingstate4" "1"
"static" "1"
}
// entity 8
{
guid "{938BBE16-3D3F-11E7-A53E-14DDA9E204AF}"
"classname" "misc_model"
"model" "tow_external_torrenshalf_engine_cover2"
"modelscale" "2.54999995231628"
"origin" "38437.3 -11183.8 -14870"
"lightingstate1" "1"
"lightingstate2" "1"
"lightingstate3" "1"
"lightingstate4" "1"
"static" "1"
}
// entity 9
{
guid "{0A653B7D-3D40-11E7-A53E-14DDA9E204AF}"
"classname" "misc_model"
"angles" "0 -90 90"
"model" "tow_external_torrens_badge"
"modelscale" "3"
"origin" "36991.6 -11296.5 -14863.3"
"lightingstate1" "1"
"lightingstate2" "1"
"lightingstate3" "1"
"lightingstate4" "1"
"static" "1"
}
// entity 10
{
guid "{74399A88-42BD-11E7-A545-14DDA9E204AF}"
"classname" "light"
"PRIMARY_NOSHADOWMAP" "0"
"PRIMARY_TYPE" "PRIMARY_SPOT"
"_color" "0 0.6118 1"
"angles" "0 0 77.797"
"def" "cookie_flicker"
"def_scroll" "0.5 0.5"
"def_tile" "0 0"
"falloffdistance" "16"
"far_edge" "0.100000001490116"
"fov_outer" "93"
"name" "light_001"
"origin" "37469.1 -10486 -14319.3"
"ortho_effect" "0.300000004470348"
"radius" "363"
"stops" "22.7000000402331"
"superellipse" "0.05 0.23 0.57 0.72"
"volumetric" "1"
"volumetricCookies" "1"
"ENABLE_FALLOFF" "1"
"bake_intensity_scale" "1"
"client_server" "ClientSide"
"excludeDedicated" "Off"
"lightingstate1" "1"
"lightingstate2" "1"
"lightingstate3" "1"
"lightingstate4" "1"
"penumbraRadius" "1.5"
"roundness" "0.5"
"shadowUpdate" "Never"
"shadowmapScale" "1"
"volumetricSampleCount" "8"
"spawnflags" "68"
}
// entity 11
{
guid "{BCA5D50F-42BC-11E7-A545-14DDA9E204AF}"
"classname" "light"
"PRIMARY_NOSHADOWMAP" "0"
"PRIMARY_TYPE" "PRIMARY_SPOT"
"_color" "0 0.6118 1"
"angles" "0 0 77.797"
"def" "cookie_flicker"
"def_scroll" "0.5 0.5"
"def_tile" "0 0"
"falloffdistance" "16"
"far_edge" "0.100000001490116"
"fov_outer" "93"
"origin" "37263.8 -10487 -14320.3"
"ortho_effect" "0.300000004470348"
"radius" "363"
"stops" "22.7000000402331"
"superellipse" "0.05 0.23 0.57 0.72"
"volumetric" "1"
"volumetricCookies" "1"
"ENABLE_FALLOFF" "1"
"bake_intensity_scale" "1"
"client_server" "ClientSide"
"excludeDedicated" "Off"
"lightingstate1" "1"
"lightingstate2" "1"
"lightingstate3" "1"
"lightingstate4" "1"
"name" "light"
"penumbraRadius" "1.5"
"roundness" "0.5"
"shadowUpdate" "Never"
"shadowmapScale" "1"
"volumetricSampleCount" "8"
"spawnflags" "68"
}
// entity 12
{
guid "{E2598120-42BB-11E7-A545-14DDA9E204AF}"
"classname" "fx"
"angles" "0 0 -16.801"
"delay" "-22010"
"fxdef" "zm_alien_isolation/TORRENS_EngineFX"
"origin" "37264.8 -10486.5 -14322.5"
"fxstate1" "1"
"fxstate2" "1"
"fxstate3" "1"
"fxstate4" "1"
"primaryLightFraction" "1"
"timescale" "1"
}
// entity 13
{
guid "{74399A82-42BD-11E7-A545-14DDA9E204AF}"
"classname" "fx"
"angles" "0 0 -16.801"
"delay" "-20368"
"fxdef" "zm_alien_isolation/TORRENS_EngineFX"
"origin" "37421.8 -10485.5 -14321.3"
"fxstate1" "1"
"fxstate2" "1"
"fxstate3" "1"
"fxstate4" "1"
"primaryLightFraction" "1"
"timescale" "1"
}
// entity 14
{
guid "{E259810A-42BB-11E7-A545-14DDA9E204AF}"
"classname" "fx"
"angles" "0 0 -16.801"
"delay" "-22095"
"fxdef" "zm_alien_isolation/TORRENS_EngineFX"
"origin" "37216.5 -10486.5 -14322.3"
"fxstate1" "1"
"fxstate2" "1"
"fxstate3" "1"
"fxstate4" "1"
"primaryLightFraction" "1"
"timescale" "1"
}
// entity 15
{
guid "{74399A85-42BD-11E7-A545-14DDA9E204AF}"
"classname" "fx"
"angles" "0 0 -16.801"
"delay" "-26163"
"fxdef" "zm_alien_isolation/TORRENS_EngineFX"
"origin" "37470.1 -10485.5 -14321.5"
"fxstate1" "1"
"fxstate2" "1"
"fxstate3" "1"
"fxstate4" "1"
"primaryLightFraction" "1"
"timescale" "1"
}
// entity 16
{
guid "{1C80C6EB-42BA-11E7-A545-14DDA9E204AF}"
"classname" "fx"
"angles" "0 0 -16.801"
"delay" "-20110"
"fxdef" "zm_alien_isolation/TORRENS_EngineFX"
"origin" "37307 -10486.5 -14322"
"fxstate1" "1"
"fxstate2" "1"
"fxstate3" "1"
"fxstate4" "1"
"primaryLightFraction" "1"
"timescale" "1"
}
// entity 17
{
guid "{74399A7F-42BD-11E7-A545-14DDA9E204AF}"
"classname" "fx"
"angles" "0 0 -16.801"
"delay" "-20122"
"fxdef" "zm_alien_isolation/TORRENS_EngineFX"
"origin" "37512.3 -10485.5 -14321"
"fxstate1" "1"
"fxstate2" "1"
"fxstate3" "1"
"fxstate4" "1"
"primaryLightFraction" "1"
"timescale" "1"
}
// entity 18
{
guid "{B0B25B60-42BE-11E7-A545-14DDA9E204AF}"
"classname" "light"
"PRIMARY_NOSHADOWMAP" "0"
"PRIMARY_TYPE" "PRIMARY_SPOT"
"_color" "0 0.6118 1"
"angles" "0 0 77.797"
"def" "cookie_flicker"
"def_scroll" "0.5 0.5"
"def_tile" "0 0"
"falloffdistance" "16"
"far_edge" "0.100000001490116"
"fov_outer" "93"
"name" "light_002"
"origin" "37469.4 -10497.8 -14381"
"ortho_effect" "0.300000004470348"
"radius" "363"
"stops" "22.7000000402331"
"superellipse" "0.05 0.23 0.57 0.72"
"volumetric" "1"
"volumetricCookies" "1"
"ENABLE_FALLOFF" "1"
"bake_intensity_scale" "1"
"client_server" "ClientSide"
"excludeDedicated" "Off"
"lightingstate1" "1"
"lightingstate2" "1"
"lightingstate3" "1"
"lightingstate4" "1"
"penumbraRadius" "1.5"
"roundness" "0.5"
"shadowUpdate" "Never"
"shadowmapScale" "1"
"volumetricSampleCount" "8"
"spawnflags" "68"
}
// entity 19
{
guid "{B0B25B63-42BE-11E7-A545-14DDA9E204AF}"
"classname" "light"
"PRIMARY_NOSHADOWMAP" "0"
"PRIMARY_TYPE" "PRIMARY_SPOT"
"_color" "0 0.6118 1"
"angles" "0 0 77.797"
"def" "cookie_flicker"
"def_scroll" "0.5 0.5"
"def_tile" "0 0"
"falloffdistance" "16"
"far_edge" "0.100000001490116"
"fov_outer" "93"
"name" "light_001"
"origin" "37264.1 -10498.8 -14382"
"ortho_effect" "0.300000004470348"
"radius" "363"
"stops" "22.7000000402331"
"superellipse" "0.05 0.23 0.57 0.72"
"volumetric" "1"
"volumetricCookies" "1"
"ENABLE_FALLOFF" "1"
"bake_intensity_scale" "1"
"client_server" "ClientSide"
"excludeDedicated" "Off"
"lightingstate1" "1"
"lightingstate2" "1"
"lightingstate3" "1"
"lightingstate4" "1"
"penumbraRadius" "1.5"
"roundness" "0.5"
"shadowUpdate" "Never"
"shadowmapScale" "1"
"volumetricSampleCount" "8"
"spawnflags" "68"
}
// entity 20
{
guid "{B0B25B66-42BE-11E7-A545-14DDA9E204AF}"
"classname" "fx"
"angles" "0 0 -16.801"
"delay" "-15752"
"fxdef" "zm_alien_isolation/TORRENS_EngineFX"
"origin" "37265.1 -10498.3 -14384.3"
"fxstate1" "1"
"fxstate2" "1"
"fxstate3" "1"
"fxstate4" "1"
"primaryLightFraction" "1"
"timescale" "1"
}
// entity 21
{
guid "{B0B25B69-42BE-11E7-A545-14DDA9E204AF}"
"classname" "fx"
"angles" "0 0 -16.801"
"delay" "-16456"
"fxdef" "zm_alien_isolation/TORRENS_EngineFX"
"origin" "37422.1 -10497.3 -14383"
"fxstate1" "1"
"fxstate2" "1"
"fxstate3" "1"
"fxstate4" "1"
"primaryLightFraction" "1"
"timescale" "1"
}
// entity 22
{
guid "{B0B25B6C-42BE-11E7-A545-14DDA9E204AF}"
"classname" "fx"
"angles" "0 0 -16.801"
"delay" "-19459"
"fxdef" "zm_alien_isolation/TORRENS_EngineFX"
"origin" "37216.8 -10498.3 -14384"
"fxstate1" "1"
"fxstate2" "1"
"fxstate3" "1"
"fxstate4" "1"
"primaryLightFraction" "1"
"timescale" "1"
}
// entity 23
{
guid "{B0B25B6F-42BE-11E7-A545-14DDA9E204AF}"
"classname" "fx"
"angles" "0 0 -16.801"
"delay" "-17214"
"fxdef" "zm_alien_isolation/TORRENS_EngineFX"
"origin" "37470.4 -10497.3 -14383.3"
"fxstate1" "1"
"fxstate2" "1"
"fxstate3" "1"
"fxstate4" "1"
"primaryLightFraction" "1"
"timescale" "1"
}
// entity 24
{
guid "{B0B25B72-42BE-11E7-A545-14DDA9E204AF}"
"classname" "fx"
"angles" "0 0 -16.801"
"delay" "-19822"
"fxdef" "zm_alien_isolation/TORRENS_EngineFX"
"origin" "37307.3 -10498.3 -14383.8"
"fxstate1" "1"
"fxstate2" "1"
"fxstate3" "1"
"fxstate4" "1"
"primaryLightFraction" "1"
"timescale" "1"
}
// entity 25
{
guid "{B0B25B75-42BE-11E7-A545-14DDA9E204AF}"
"classname" "fx"
"angles" "0 0 -16.801"
"delay" "-28393"
"fxdef" "zm_alien_isolation/TORRENS_EngineFX"
"origin" "37512.6 -10497.3 -14382.8"
"fxstate1" "1"
"fxstate2" "1"
"fxstate3" "1"
"fxstate4" "1"
"primaryLightFraction" "1"
"timescale" "1"
}
// entity 26
{
guid "{BE70D0AC-42BE-11E7-A545-14DDA9E204AF}"
"classname" "light"
"PRIMARY_NOSHADOWMAP" "0"
"PRIMARY_TYPE" "PRIMARY_SPOT"
"_color" "0 0.6118 1"
"angles" "0 0 77.797"
"def" "cookie_flicker"
"def_scroll" "0.5 0.5"
"def_tile" "0 0"
"falloffdistance" "16"
"far_edge" "0.100000001490116"
"fov_outer" "93"
"name" "light_003"
"origin" "37469.6 -10516.5 -14435.8"
"ortho_effect" "0.300000004470348"
"radius" "363"
"stops" "22.7000000402331"
"superellipse" "0.05 0.23 0.57 0.72"
"volumetric" "1"
"volumetricCookies" "1"
"ENABLE_FALLOFF" "1"
"bake_intensity_scale" "1"
"client_server" "ClientSide"
"excludeDedicated" "Off"
"lightingstate1" "1"
"lightingstate2" "1"
"lightingstate3" "1"
"lightingstate4" "1"
"penumbraRadius" "1.5"
"roundness" "0.5"
"shadowUpdate" "Never"
"shadowmapScale" "1"
"volumetricSampleCount" "8"
"spawnflags" "68"
}
// entity 27
{
guid "{BE70D0AF-42BE-11E7-A545-14DDA9E204AF}"
"classname" "light"
"PRIMARY_NOSHADOWMAP" "0"
"PRIMARY_TYPE" "PRIMARY_SPOT"
"_color" "0 0.6118 1"
"angles" "0 0 77.797"
"def" "cookie_flicker"
"def_scroll" "0.5 0.5"
"def_tile" "0 0"
"falloffdistance" "16"
"far_edge" "0.100000001490116"
"fov_outer" "93"
"name" "light_002"
"origin" "37264.4 -10517.5 -14436.8"
"ortho_effect" "0.300000004470348"
"radius" "363"
"stops" "22.7000000402331"
"superellipse" "0.05 0.23 0.57 0.72"
"volumetric" "1"
"volumetricCookies" "1"
"ENABLE_FALLOFF" "1"
"bake_intensity_scale" "1"
"client_server" "ClientSide"
"excludeDedicated" "Off"
"lightingstate1" "1"
"lightingstate2" "1"
"lightingstate3" "1"
"lightingstate4" "1"
"penumbraRadius" "1.5"
"roundness" "0.5"
"shadowUpdate" "Never"
"shadowmapScale" "1"
"volumetricSampleCount" "8"
"spawnflags" "68"
}
// entity 28
{
guid "{BE70D0B2-42BE-11E7-A545-14DDA9E204AF}"
"classname" "fx"
"angles" "0 0 -16.801"
"delay" "-25540"
"fxdef" "zm_alien_isolation/TORRENS_EngineFX"
"origin" "37265.4 -10517 -14439"
"fxstate1" "1"
"fxstate2" "1"
"fxstate3" "1"
"fxstate4" "1"
"primaryLightFraction" "1"
"timescale" "1"
}
// entity 29
{
guid "{BE70D0B5-42BE-11E7-A545-14DDA9E204AF}"
"classname" "fx"
"angles" "0 0 -16.801"
"delay" "-28937"
"fxdef" "zm_alien_isolation/TORRENS_EngineFX"
"origin" "37422.4 -10516 -14437.8"
"fxstate1" "1"
"fxstate2" "1"
"fxstate3" "1"
"fxstate4" "1"
"primaryLightFraction" "1"
"timescale" "1"
}
// entity 30
{
guid "{BE70D0B8-42BE-11E7-A545-14DDA9E204AF}"
"classname" "fx"
"angles" "0 0 -16.801"
"delay" "-21339"
"fxdef" "zm_alien_isolation/TORRENS_EngineFX"
"origin" "37217.1 -10517 -14438.8"
"fxstate1" "1"
"fxstate2" "1"
"fxstate3" "1"
"fxstate4" "1"
"primaryLightFraction" "1"
"timescale" "1"
}
// entity 31
{
guid "{BE70D0BB-42BE-11E7-A545-14DDA9E204AF}"
"classname" "fx"
"angles" "0 0 -16.801"
"delay" "-29046"
"fxdef" "zm_alien_isolation/TORRENS_EngineFX"
"origin" "37470.6 -10516 -14438"
"fxstate1" "1"
"fxstate2" "1"
"fxstate3" "1"
"fxstate4" "1"
"primaryLightFraction" "1"
"timescale" "1"
}
// entity 32
{
guid "{BE70D0BE-42BE-11E7-A545-14DDA9E204AF}"
"classname" "fx"
"angles" "0 0 -16.801"
"delay" "-20595"
"fxdef" "zm_alien_isolation/TORRENS_EngineFX"
"origin" "37307.6 -10517 -14438.5"
"fxstate1" "1"
"fxstate2" "1"
"fxstate3" "1"
"fxstate4" "1"
"primaryLightFraction" "1"
"timescale" "1"
}
// entity 33
{
guid "{BE70D0C1-42BE-11E7-A545-14DDA9E204AF}"
"classname" "fx"
"angles" "0 0 -16.801"
"delay" "-26223"
"fxdef" "zm_alien_isolation/TORRENS_EngineFX"
"origin" "37512.9 -10516 -14437.5"
"fxstate1" "1"
"fxstate2" "1"
"fxstate3" "1"
"fxstate4" "1"
"primaryLightFraction" "1"
"timescale" "1"
}
// entity 34
{
guid "{C46E3C97-42BE-11E7-A545-14DDA9E204AF}"
"classname" "light"
"PRIMARY_NOSHADOWMAP" "0"
"PRIMARY_TYPE" "PRIMARY_SPOT"
"_color" "0 0.6118 1"
"angles" "0 0 77.797"
"def" "cookie_flicker"
"def_scroll" "0.5 0.5"
"def_tile" "0 0"
"falloffdistance" "16"
"far_edge" "0.100000001490116"
"fov_outer" "93"
"name" "light_004"
"origin" "37469.9 -10537.3 -14491.3"
"ortho_effect" "0.300000004470348"
"radius" "363"
"stops" "22.7000000402331"
"superellipse" "0.05 0.23 0.57 0.72"
"volumetric" "1"
"volumetricCookies" "1"
"ENABLE_FALLOFF" "1"
"bake_intensity_scale" "1"
"client_server" "ClientSide"
"excludeDedicated" "Off"
"lightingstate1" "1"
"lightingstate2" "1"
"lightingstate3" "1"
"lightingstate4" "1"
"penumbraRadius" "1.5"
"roundness" "0.5"
"shadowUpdate" "Never"
"shadowmapScale" "1"
"volumetricSampleCount" "8"
"spawnflags" "68"
}
// entity 35
{
guid "{C46E3C9A-42BE-11E7-A545-14DDA9E204AF}"
"classname" "light"
"PRIMARY_NOSHADOWMAP" "0"
"PRIMARY_TYPE" "PRIMARY_SPOT"
"_color" "0 0.6118 1"
"angles" "0 0 77.797"
"def" "cookie_flicker"
"def_scroll" "0.5 0.5"
"def_tile" "0 0"
"falloffdistance" "16"
"far_edge" "0.100000001490116"
"fov_outer" "93"
"name" "light_003"
"origin" "37264.6 -10538.3 -14492.3"
"ortho_effect" "0.300000004470348"
"radius" "363"
"stops" "22.7000000402331"
"superellipse" "0.05 0.23 0.57 0.72"
"volumetric" "1"
"volumetricCookies" "1"
"ENABLE_FALLOFF" "1"
"bake_intensity_scale" "1"
"client_server" "ClientSide"
"excludeDedicated" "Off"
"lightingstate1" "1"
"lightingstate2" "1"
"lightingstate3" "1"
"lightingstate4" "1"
"penumbraRadius" "1.5"
"roundness" "0.5"
"shadowUpdate" "Never"
"shadowmapScale" "1"
"volumetricSampleCount" "8"
"spawnflags" "68"
}
// entity 36
{
guid "{C46E3C9D-42BE-11E7-A545-14DDA9E204AF}"
"classname" "fx"
"angles" "0 0 -16.801"
"delay" "-21952"
"fxdef" "zm_alien_isolation/TORRENS_EngineFX"
"origin" "37265.6 -10537.8 -14494.5"
"fxstate1" "1"
"fxstate2" "1"
"fxstate3" "1"
"fxstate4" "1"
"primaryLightFraction" "1"
"timescale" "1"
}
// entity 37
{
guid "{C46E3CA0-42BE-11E7-A545-14DDA9E204AF}"
"classname" "fx"
"angles" "0 0 -16.801"
"delay" "-15822"
"fxdef" "zm_alien_isolation/TORRENS_EngineFX"
"origin" "37422.6 -10536.8 -14493.3"
"fxstate1" "1"
"fxstate2" "1"
"fxstate3" "1"
"fxstate4" "1"
"primaryLightFraction" "1"
"timescale" "1"
}
// entity 38
{
guid "{C46E3CA3-42BE-11E7-A545-14DDA9E204AF}"
"classname" "fx"
"angles" "0 0 -16.801"
"delay" "-18733"
"fxdef" "zm_alien_isolation/TORRENS_EngineFX"
"origin" "37217.4 -10537.8 -14494.3"
"fxstate1" "1"
"fxstate2" "1"
"fxstate3" "1"
"fxstate4" "1"
"primaryLightFraction" "1"
"timescale" "1"
}
// entity 39
{
guid "{C46E3CA6-42BE-11E7-A545-14DDA9E204AF}"
"classname" "fx"
"angles" "0 0 -16.801"
"delay" "-23468"
"fxdef" "zm_alien_isolation/TORRENS_EngineFX"
"origin" "37470.9 -10536.8 -14493.5"
"fxstate1" "1"
"fxstate2" "1"
"fxstate3" "1"
"fxstate4" "1"
"primaryLightFraction" "1"
"timescale" "1"
}
// entity 40
{
guid "{C46E3CA9-42BE-11E7-A545-14DDA9E204AF}"
"classname" "fx"
"angles" "0 0 -16.801"
"delay" "-15253"
"fxdef" "zm_alien_isolation/TORRENS_EngineFX"
"origin" "37307.9 -10537.8 -14494"
"fxstate1" "1"
"fxstate2" "1"
"fxstate3" "1"
"fxstate4" "1"
"primaryLightFraction" "1"
"timescale" "1"
}
// entity 41
{
guid "{C46E3CAC-42BE-11E7-A545-14DDA9E204AF}"
"classname" "fx"
"angles" "0 0 -16.801"
"delay" "-25237"
"fxdef" "zm_alien_isolation/TORRENS_EngineFX"
"origin" "37513.1 -10536.8 -14493"
"fxstate1" "1"
"fxstate2" "1"
"fxstate3" "1"
"fxstate4" "1"
"primaryLightFraction" "1"
"timescale" "1"
}
// entity 42
{
guid "{0EBD48E5-42BF-11E7-A545-14DDA9E204AF}"
"classname" "light"
"PRIMARY_NOSHADOWMAP" "0"
"PRIMARY_TYPE" "PRIMARY_SPOT"
"_color" "0 0.6118 1"
"angles" "0 0 77.797"
"def" "cookie_flicker"
"def_scroll" "0.5 0.5"
"def_tile" "0 0"
"falloffdistance" "16"
"far_edge" "0.100000001490116"
"fov_outer" "93"
"name" "light_002"
"origin" "38213.6 -10486 -14319.5"
"ortho_effect" "0.300000004470348"
"radius" "363"
"stops" "22.7000000402331"
"superellipse" "0.05 0.23 0.57 0.72"
"volumetric" "1"
"volumetricCookies" "1"
"ENABLE_FALLOFF" "1"
"bake_intensity_scale" "1"
"client_server" "ClientSide"
"excludeDedicated" "Off"
"lightingstate1" "1"
"lightingstate2" "1"
"lightingstate3" "1"
"lightingstate4" "1"
"penumbraRadius" "1.5"
"roundness" "0.5"
"shadowUpdate" "Never"
"shadowmapScale" "1"
"volumetricSampleCount" "8"
"spawnflags" "68"
}
// entity 43
{
guid "{0EBD48E8-42BF-11E7-A545-14DDA9E204AF}"
"classname" "light"
"PRIMARY_NOSHADOWMAP" "0"
"PRIMARY_TYPE" "PRIMARY_SPOT"
"_color" "0 0.6118 1"
"angles" "0 0 77.797"
"def" "cookie_flicker"
"def_scroll" "0.5 0.5"
"def_tile" "0 0"
"falloffdistance" "16"
"far_edge" "0.100000001490116"
"fov_outer" "93"
"name" "light_001"
"origin" "38008.3 -10487 -14320.5"
"ortho_effect" "0.300000004470348"
"radius" "363"
"stops" "22.7000000402331"
"superellipse" "0.05 0.23 0.57 0.72"
"volumetric" "1"
"volumetricCookies" "1"
"ENABLE_FALLOFF" "1"
"bake_intensity_scale" "1"
"client_server" "ClientSide"
"excludeDedicated" "Off"
"lightingstate1" "1"
"lightingstate2" "1"
"lightingstate3" "1"
"lightingstate4" "1"
"penumbraRadius" "1.5"
"roundness" "0.5"
"shadowUpdate" "Never"
"shadowmapScale" "1"
"volumetricSampleCount" "8"
"spawnflags" "68"
}
// entity 44
{
guid "{0EBD48EB-42BF-11E7-A545-14DDA9E204AF}"
"classname" "fx"
"angles" "0 0 -16.801"
"delay" "-28273"
"fxdef" "zm_alien_isolation/TORRENS_EngineFX"
"origin" "38009.3 -10486.5 -14322.8"
"fxstate1" "1"
"fxstate2" "1"
"fxstate3" "1"
"fxstate4" "1"
"primaryLightFraction" "1"
"timescale" "1"
}
// entity 45
{
guid "{0EBD48EE-42BF-11E7-A545-14DDA9E204AF}"
"classname" "fx"
"angles" "0 0 -16.801"
"delay" "-16885"
"fxdef" "zm_alien_isolation/TORRENS_EngineFX"
"origin" "38166.3 -10485.5 -14321.5"
"fxstate1" "1"
"fxstate2" "1"
"fxstate3" "1"
"fxstate4" "1"
"primaryLightFraction" "1"
"timescale" "1"
}
// entity 46
{
guid "{0EBD48F1-42BF-11E7-A545-14DDA9E204AF}"
"classname" "fx"
"angles" "0 0 -16.801"
"delay" "-25911"
"fxdef" "zm_alien_isolation/TORRENS_EngineFX"
"origin" "37961 -10486.5 -14322.5"
"fxstate1" "1"
"fxstate2" "1"
"fxstate3" "1"
"fxstate4" "1"
"primaryLightFraction" "1"
"timescale" "1"
}
// entity 47
{
guid "{0EBD48F4-42BF-11E7-A545-14DDA9E204AF}"
"classname" "fx"
"angles" "0 0 -16.801"
"delay" "-29506"
"fxdef" "zm_alien_isolation/TORRENS_EngineFX"
"origin" "38214.6 -10485.5 -14321.8"
"fxstate1" "1"
"fxstate2" "1"
"fxstate3" "1"
"fxstate4" "1"
"primaryLightFraction" "1"
"timescale" "1"
}
// entity 48
{
guid "{0EBD48F7-42BF-11E7-A545-14DDA9E204AF}"
"classname" "fx"
"angles" "0 0 -16.801"
"delay" "-23430"
"fxdef" "zm_alien_isolation/TORRENS_EngineFX"
"origin" "38051.5 -10486.5 -14322.3"
"fxstate1" "1"
"fxstate2" "1"
"fxstate3" "1"
"fxstate4" "1"
"primaryLightFraction" "1"
"timescale" "1"
}
// entity 49
{
guid "{0EBD48FA-42BF-11E7-A545-14DDA9E204AF}"
"classname" "fx"
"angles" "0 0 -16.801"
"delay" "-29835"
"fxdef" "zm_alien_isolation/TORRENS_EngineFX"
"origin" "38256.8 -10485.5 -14321.3"
"fxstate1" "1"
"fxstate2" "1"
"fxstate3" "1"
"fxstate4" "1"
"primaryLightFraction" "1"
"timescale" "1"
}
// entity 50
{
guid "{0EBD48FD-42BF-11E7-A545-14DDA9E204AF}"
"classname" "light"
"PRIMARY_NOSHADOWMAP" "0"
"PRIMARY_TYPE" "PRIMARY_SPOT"
"_color" "0 0.6118 1"
"angles" "0 0 77.797"
"def" "cookie_flicker"
"def_scroll" "0.5 0.5"
"def_tile" "0 0"
"falloffdistance" "16"
"far_edge" "0.100000001490116"
"fov_outer" "93"
"name" "light_003"
"origin" "38213.9 -10497.8 -14381.3"
"ortho_effect" "0.300000004470348"
"radius" "363"
"stops" "22.7000000402331"
"superellipse" "0.05 0.23 0.57 0.72"
"volumetric" "1"
"volumetricCookies" "1"
"ENABLE_FALLOFF" "1"
"bake_intensity_scale" "1"
"client_server" "ClientSide"
"excludeDedicated" "Off"
"lightingstate1" "1"
"lightingstate2" "1"
"lightingstate3" "1"
"lightingstate4" "1"
"penumbraRadius" "1.5"
"roundness" "0.5"
"shadowUpdate" "Never"
"shadowmapScale" "1"
"volumetricSampleCount" "8"
"spawnflags" "68"
}
// entity 51
{
guid "{0EBD4900-42BF-11E7-A545-14DDA9E204AF}"
"classname" "light"
"PRIMARY_NOSHADOWMAP" "0"
"PRIMARY_TYPE" "PRIMARY_SPOT"
"_color" "0 0.6118 1"
"angles" "0 0 77.797"
"def" "cookie_flicker"
"def_scroll" "0.5 0.5"
"def_tile" "0 0"
"falloffdistance" "16"
"far_edge" "0.100000001490116"
"fov_outer" "93"
"name" "light_002"
"origin" "38008.6 -10498.8 -14382.3"
"ortho_effect" "0.300000004470348"
"radius" "363"
"stops" "22.7000000402331"
"superellipse" "0.05 0.23 0.57 0.72"
"volumetric" "1"
"volumetricCookies" "1"
"ENABLE_FALLOFF" "1"
"bake_intensity_scale" "1"
"client_server" "ClientSide"
"excludeDedicated" "Off"
"lightingstate1" "1"
"lightingstate2" "1"
"lightingstate3" "1"
"lightingstate4" "1"
"penumbraRadius" "1.5"
"roundness" "0.5"
"shadowUpdate" "Never"
"shadowmapScale" "1"
"volumetricSampleCount" "8"
"spawnflags" "68"
}
// entity 52
{
guid "{0EBD4903-42BF-11E7-A545-14DDA9E204AF}"
"classname" "fx"
"angles" "0 0 -16.801"
"delay" "-16667"
"fxdef" "zm_alien_isolation/TORRENS_EngineFX"
"origin" "38009.6 -10498.3 -14384.5"
"fxstate1" "1"
"fxstate2" "1"
"fxstate3" "1"
"fxstate4" "1"
"primaryLightFraction" "1"
"timescale" "1"
}
// entity 53
{
guid "{0EBD4906-42BF-11E7-A545-14DDA9E204AF}"
"classname" "fx"
"angles" "0 0 -16.801"
"delay" "-28793"
"fxdef" "zm_alien_isolation/TORRENS_EngineFX"
"origin" "38166.6 -10497.3 -14383.3"
"fxstate1" "1"
"fxstate2" "1"
"fxstate3" "1"
"fxstate4" "1"
"primaryLightFraction" "1"
"timescale" "1"
}
// entity 54
{
guid "{0EBD4909-42BF-11E7-A545-14DDA9E204AF}"
"classname" "fx"
"angles" "0 0 -16.801"
"delay" "-19755"
"fxdef" "zm_alien_isolation/TORRENS_EngineFX"
"origin" "37961.3 -10498.3 -14384.3"
"fxstate1" "1"
"fxstate2" "1"
"fxstate3" "1"
"fxstate4" "1"
"primaryLightFraction" "1"
"timescale" "1"
}
// entity 55
{
guid "{0EBD490C-42BF-11E7-A545-14DDA9E204AF}"
"classname" "fx"
"angles" "0 0 -16.801"
"delay" "-16724"
"fxdef" "zm_alien_isolation/TORRENS_EngineFX"
"origin" "38214.9 -10497.3 -14383.5"
"fxstate1" "1"
"fxstate2" "1"
"fxstate3" "1"
"fxstate4" "1"
"primaryLightFraction" "1"
"timescale" "1"
}
// entity 56
{
guid "{0EBD490F-42BF-11E7-A545-14DDA9E204AF}"
"classname" "fx"
"angles" "0 0 -16.801"
"delay" "-28119"
"fxdef" "zm_alien_isolation/TORRENS_EngineFX"
"origin" "38051.8 -10498.3 -14384"
"fxstate1" "1"
"fxstate2" "1"
"fxstate3" "1"
"fxstate4" "1"
"primaryLightFraction" "1"
"timescale" "1"
}
// entity 57
{
guid "{0EBD4912-42BF-11E7-A545-14DDA9E204AF}"
"classname" "fx"
"angles" "0 0 -16.801"
"delay" "-18923"
"fxdef" "zm_alien_isolation/TORRENS_EngineFX"
"origin" "38257.1 -10497.3 -14383"
"fxstate1" "1"
"fxstate2" "1"
"fxstate3" "1"
"fxstate4" "1"
"primaryLightFraction" "1"
"timescale" "1"
}
// entity 58
{
guid "{0EBD4915-42BF-11E7-A545-14DDA9E204AF}"
"classname" "light"
"PRIMARY_NOSHADOWMAP" "0"
"PRIMARY_TYPE" "PRIMARY_SPOT"
"_color" "0 0.6118 1"
"angles" "0 0 77.797"
"def" "cookie_flicker"
"def_scroll" "0.5 0.5"
"def_tile" "0 0"
"falloffdistance" "16"
"far_edge" "0.100000001490116"
"fov_outer" "93"
"name" "light_004"
"origin" "38214.1 -10516.5 -14436"
"ortho_effect" "0.300000004470348"
"radius" "363"
"stops" "22.7000000402331"
"superellipse" "0.05 0.23 0.57 0.72"
"volumetric" "1"
"volumetricCookies" "1"
"ENABLE_FALLOFF" "1"
"bake_intensity_scale" "1"
"client_server" "ClientSide"
"excludeDedicated" "Off"
"lightingstate1" "1"
"lightingstate2" "1"
"lightingstate3" "1"
"lightingstate4" "1"
"penumbraRadius" "1.5"
"roundness" "0.5"
"shadowUpdate" "Never"
"shadowmapScale" "1"
"volumetricSampleCount" "8"
"spawnflags" "68"
}
// entity 59
{
guid "{0EBD4918-42BF-11E7-A545-14DDA9E204AF}"
"classname" "light"
"PRIMARY_NOSHADOWMAP" "0"
"PRIMARY_TYPE" "PRIMARY_SPOT"
"_color" "0 0.6118 1"
"angles" "0 0 77.797"
"def" "cookie_flicker"
"def_scroll" "0.5 0.5"
"def_tile" "0 0"
"falloffdistance" "16"
"far_edge" "0.100000001490116"
"fov_outer" "93"
"name" "light_003"
"origin" "38008.9 -10517.5 -14437"
"ortho_effect" "0.300000004470348"
"radius" "363"
"stops" "22.7000000402331"
"superellipse" "0.05 0.23 0.57 0.72"
"volumetric" "1"
"volumetricCookies" "1"
"ENABLE_FALLOFF" "1"
"bake_intensity_scale" "1"
"client_server" "ClientSide"
"excludeDedicated" "Off"
"lightingstate1" "1"
"lightingstate2" "1"
"lightingstate3" "1"
"lightingstate4" "1"
"penumbraRadius" "1.5"
"roundness" "0.5"
"shadowUpdate" "Never"
"shadowmapScale" "1"
"volumetricSampleCount" "8"
"spawnflags" "68"
}
// entity 60
{
guid "{0EBD491B-42BF-11E7-A545-14DDA9E204AF}"
"classname" "fx"
"angles" "0 0 -16.801"
"delay" "-18354"
"fxdef" "zm_alien_isolation/TORRENS_EngineFX"
"origin" "38009.9 -10517 -14439.3"
"fxstate1" "1"
"fxstate2" "1"
"fxstate3" "1"
"fxstate4" "1"
"primaryLightFraction" "1"
"timescale" "1"
}
// entity 61
{
guid "{0EBD491E-42BF-11E7-A545-14DDA9E204AF}"
"classname" "fx"
"angles" "0 0 -16.801"
"delay" "-16609"
"fxdef" "zm_alien_isolation/TORRENS_EngineFX"
"origin" "38166.9 -10516 -14438"
"fxstate1" "1"
"fxstate2" "1"
"fxstate3" "1"
"fxstate4" "1"
"primaryLightFraction" "1"
"timescale" "1"
}
// entity 62
{
guid "{0EBD4921-42BF-11E7-A545-14DDA9E204AF}"
"classname" "fx"
"angles" "0 0 -16.801"
"delay" "-18486"
"fxdef" "zm_alien_isolation/TORRENS_EngineFX"
"origin" "37961.6 -10517 -14439"
"fxstate1" "1"
"fxstate2" "1"
"fxstate3" "1"
"fxstate4" "1"
"primaryLightFraction" "1"
"timescale" "1"
}
// entity 63
{
guid "{0EBD4924-42BF-11E7-A545-14DDA9E204AF}"
"classname" "fx"
"angles" "0 0 -16.801"
"delay" "-26578"
"fxdef" "zm_alien_isolation/TORRENS_EngineFX"
"origin" "38215.1 -10516 -14438.3"
"fxstate1" "1"
"fxstate2" "1"
"fxstate3" "1"
"fxstate4" "1"
"primaryLightFraction" "1"
"timescale" "1"
}
// entity 64
{
guid "{0EBD4927-42BF-11E7-A545-14DDA9E204AF}"
"classname" "fx"
"angles" "0 0 -16.801"
"delay" "-17676"
"fxdef" "zm_alien_isolation/TORRENS_EngineFX"
"origin" "38052.1 -10517 -14438.8"
"fxstate1" "1"
"fxstate2" "1"
"fxstate3" "1"
"fxstate4" "1"
"primaryLightFraction" "1"
"timescale" "1"
}
// entity 65
{
guid "{0EBD492A-42BF-11E7-A545-14DDA9E204AF}"
"classname" "fx"
"angles" "0 0 -16.801"
"delay" "-16156"
"fxdef" "zm_alien_isolation/TORRENS_EngineFX"
"origin" "38257.4 -10516 -14437.8"
"fxstate1" "1"
"fxstate2" "1"
"fxstate3" "1"
"fxstate4" "1"
"primaryLightFraction" "1"
"timescale" "1"
}
// entity 66
{
guid "{0EBD492D-42BF-11E7-A545-14DDA9E204AF}"
"classname" "light"
"PRIMARY_NOSHADOWMAP" "0"
"PRIMARY_TYPE" "PRIMARY_SPOT"
"_color" "0 0.6118 1"
"angles" "0 0 77.797"
"def" "cookie_flicker"
"def_scroll" "0.5 0.5"
"def_tile" "0 0"
"falloffdistance" "16"
"far_edge" "0.100000001490116"
"fov_outer" "93"
"name" "light_005"
"origin" "38214.4 -10537.3 -14491.5"
"ortho_effect" "0.300000004470348"
"radius" "363"
"stops" "22.7000000402331"
"superellipse" "0.05 0.23 0.57 0.72"
"volumetric" "1"
"volumetricCookies" "1"
"ENABLE_FALLOFF" "1"
"bake_intensity_scale" "1"
"client_server" "ClientSide"
"excludeDedicated" "Off"
"lightingstate1" "1"
"lightingstate2" "1"
"lightingstate3" "1"
"lightingstate4" "1"
"penumbraRadius" "1.5"
"roundness" "0.5"
"shadowUpdate" "Never"
"shadowmapScale" "1"
"volumetricSampleCount" "8"
"spawnflags" "68"
}
// entity 67
{
guid "{0EBD4930-42BF-11E7-A545-14DDA9E204AF}"
"classname" "light"
"PRIMARY_NOSHADOWMAP" "0"
"PRIMARY_TYPE" "PRIMARY_SPOT"
"_color" "0 0.6118 1"
"angles" "0 0 77.797"
"def" "cookie_flicker"
"def_scroll" "0.5 0.5"
"def_tile" "0 0"
"falloffdistance" "16"
"far_edge" "0.100000001490116"
"fov_outer" "93"
"name" "light_004"
"origin" "38009.1 -10538.3 -14492.5"
"ortho_effect" "0.300000004470348"
"radius" "363"
"stops" "22.7000000402331"
"superellipse" "0.05 0.23 0.57 0.72"
"volumetric" "1"
"volumetricCookies" "1"
"ENABLE_FALLOFF" "1"
"bake_intensity_scale" "1"
"client_server" "ClientSide"
"excludeDedicated" "Off"
"lightingstate1" "1"
"lightingstate2" "1"
"lightingstate3" "1"
"lightingstate4" "1"
"penumbraRadius" "1.5"
"roundness" "0.5"
"shadowUpdate" "Never"
"shadowmapScale" "1"
"volumetricSampleCount" "8"
"spawnflags" "68"
}
// entity 68
{
guid "{0EBD4933-42BF-11E7-A545-14DDA9E204AF}"
"classname" "fx"
"angles" "0 0 -16.801"
"delay" "-29213"
"fxdef" "zm_alien_isolation/TORRENS_EngineFX"
"origin" "38010.1 -10537.8 -14494.8"
"fxstate1" "1"
"fxstate2" "1"
"fxstate3" "1"
"fxstate4" "1"
"primaryLightFraction" "1"
"timescale" "1"
}
// entity 69
{
guid "{0EBD4936-42BF-11E7-A545-14DDA9E204AF}"
"classname" "fx"
"angles" "0 0 -16.801"
"delay" "-20590"
"fxdef" "zm_alien_isolation/TORRENS_EngineFX"
"origin" "38167.1 -10536.8 -14493.5"
"fxstate1" "1"
"fxstate2" "1"
"fxstate3" "1"
"fxstate4" "1"
"primaryLightFraction" "1"
"timescale" "1"
}
// entity 70
{
guid "{0EBD4939-42BF-11E7-A545-14DDA9E204AF}"
"classname" "fx"
"angles" "0 0 -16.801"
"delay" "-19205"
"fxdef" "zm_alien_isolation/TORRENS_EngineFX"
"origin" "37961.9 -10537.8 -14494.5"
"fxstate1" "1"
"fxstate2" "1"
"fxstate3" "1"
"fxstate4" "1"
"primaryLightFraction" "1"
"timescale" "1"
}
// entity 71
{
guid "{0EBD493C-42BF-11E7-A545-14DDA9E204AF}"
"classname" "fx"
"angles" "0 0 -16.801"
"delay" "-24457"
"fxdef" "zm_alien_isolation/TORRENS_EngineFX"
"origin" "38215.4 -10536.8 -14493.8"
"fxstate1" "1"
"fxstate2" "1"
"fxstate3" "1"
"fxstate4" "1"
"primaryLightFraction" "1"
"timescale" "1"
}
// entity 72
{
guid "{0EBD493F-42BF-11E7-A545-14DDA9E204AF}"
"classname" "fx"
"angles" "0 0 -16.801"
"delay" "-29891"
"fxdef" "zm_alien_isolation/TORRENS_EngineFX"
"origin" "38052.4 -10537.8 -14494.3"
"fxstate1" "1"
"fxstate2" "1"
"fxstate3" "1"
"fxstate4" "1"
"primaryLightFraction" "1"
"timescale" "1"
}
// entity 73
{
guid "{0EBD4942-42BF-11E7-A545-14DDA9E204AF}"
"classname" "fx"
"angles" "0 0 -16.801"
"delay" "-19066"
"fxdef" "zm_alien_isolation/TORRENS_EngineFX"
"origin" "38257.6 -10536.8 -14493.3"
"fxstate1" "1"
"fxstate2" "1"
"fxstate3" "1"
"fxstate4" "1"
"primaryLightFraction" "1"
"timescale" "1"
}
// entity 74
{
guid "{2F7C12AC-42BF-11E7-A545-14DDA9E204AF}"
"classname" "light"
"PRIMARY_NOSHADOWMAP" "0"
"PRIMARY_TYPE" "PRIMARY_SPOT"
"_color" "0 0.6118 1"
"angles" "0 0 77.797"
"def" "cookie_flicker"
"def_scroll" "0.5 0.5"
"def_tile" "0 0"
"falloffdistance" "16"
"far_edge" "0.100000001490116"
"fov_outer" "93"
"name" "light_002"
"origin" "37468.6 -10486 -15060"
"ortho_effect" "0.300000004470348"
"radius" "363"
"stops" "22.7000000402331"
"superellipse" "0.05 0.23 0.57 0.72"
"volumetric" "1"
"volumetricCookies" "1"
"ENABLE_FALLOFF" "1"
"bake_intensity_scale" "1"
"client_server" "ClientSide"
"excludeDedicated" "Off"
"lightingstate1" "1"
"lightingstate2" "1"
"lightingstate3" "1"
"lightingstate4" "1"
"penumbraRadius" "1.5"
"roundness" "0.5"
"shadowUpdate" "Never"
"shadowmapScale" "1"
"volumetricSampleCount" "8"
"spawnflags" "68"
}
// entity 75
{
guid "{2F7C12AF-42BF-11E7-A545-14DDA9E204AF}"
"classname" "light"
"PRIMARY_NOSHADOWMAP" "0"
"PRIMARY_TYPE" "PRIMARY_SPOT"
"_color" "0 0.6118 1"
"angles" "0 0 77.797"
"def" "cookie_flicker"
"def_scroll" "0.5 0.5"
"def_tile" "0 0"
"falloffdistance" "16"
"far_edge" "0.100000001490116"
"fov_outer" "93"
"name" "light_001"
"origin" "37263.3 -10487 -15061"
"ortho_effect" "0.300000004470348"
"radius" "363"
"stops" "22.7000000402331"
"superellipse" "0.05 0.23 0.57 0.72"
"volumetric" "1"
"volumetricCookies" "1"
"ENABLE_FALLOFF" "1"
"bake_intensity_scale" "1"
"client_server" "ClientSide"
"excludeDedicated" "Off"
"lightingstate1" "1"
"lightingstate2" "1"
"lightingstate3" "1"
"lightingstate4" "1"
"penumbraRadius" "1.5"
"roundness" "0.5"
"shadowUpdate" "Never"
"shadowmapScale" "1"
"volumetricSampleCount" "8"
"spawnflags" "68"
}
// entity 76
{
guid "{2F7C12B2-42BF-11E7-A545-14DDA9E204AF}"
"classname" "fx"
"angles" "0 0 -16.801"
"delay" "-19953"
"fxdef" "zm_alien_isolation/TORRENS_EngineFX"
"origin" "37264.3 -10486.5 -15063.3"
"fxstate1" "1"
"fxstate2" "1"
"fxstate3" "1"
"fxstate4" "1"
"primaryLightFraction" "1"
"timescale" "1"
}
// entity 77
{
guid "{2F7C12B5-42BF-11E7-A545-14DDA9E204AF}"
"classname" "fx"
"angles" "0 0 -16.801"
"delay" "-28643"
"fxdef" "zm_alien_isolation/TORRENS_EngineFX"
"origin" "37421.3 -10485.5 -15062"
"fxstate1" "1"
"fxstate2" "1"
"fxstate3" "1"
"fxstate4" "1"
"primaryLightFraction" "1"
"timescale" "1"
}
// entity 78
{
guid "{2F7C12B8-42BF-11E7-A545-14DDA9E204AF}"
"classname" "fx"
"angles" "0 0 -16.801"
"delay" "-17018"
"fxdef" "zm_alien_isolation/TORRENS_EngineFX"
"origin" "37216 -10486.5 -15063"
"fxstate1" "1"
"fxstate2" "1"
"fxstate3" "1"
"fxstate4" "1"
"primaryLightFraction" "1"
"timescale" "1"
}
// entity 79
{
guid "{2F7C12BB-42BF-11E7-A545-14DDA9E204AF}"
"classname" "fx"
"angles" "0 0 -16.801"
"delay" "-24197"
"fxdef" "zm_alien_isolation/TORRENS_EngineFX"
"origin" "37469.6 -10485.5 -15062.3"
"fxstate1" "1"
"fxstate2" "1"
"fxstate3" "1"
"fxstate4" "1"
"primaryLightFraction" "1"
"timescale" "1"
}
// entity 80
{
guid "{2F7C12BE-42BF-11E7-A545-14DDA9E204AF}"
"classname" "fx"
"angles" "0 0 -16.801"
"delay" "-16338"
"fxdef" "zm_alien_isolation/TORRENS_EngineFX"
"origin" "37306.5 -10486.5 -15062.8"
"fxstate1" "1"
"fxstate2" "1"
"fxstate3" "1"
"fxstate4" "1"
"primaryLightFraction" "1"
"timescale" "1"
}
// entity 81
{
guid "{2F7C12C1-42BF-11E7-A545-14DDA9E204AF}"
"classname" "fx"
"angles" "0 0 -16.801"
"delay" "-19616"
"fxdef" "zm_alien_isolation/TORRENS_EngineFX"
"origin" "37511.8 -10485.5 -15061.8"
"fxstate1" "1"
"fxstate2" "1"
"fxstate3" "1"
"fxstate4" "1"
"primaryLightFraction" "1"
"timescale" "1"
}
// entity 82
{
guid "{2F7C12C4-42BF-11E7-A545-14DDA9E204AF}"
"classname" "light"
"PRIMARY_NOSHADOWMAP" "0"
"PRIMARY_TYPE" "PRIMARY_SPOT"
"_color" "0 0.6118 1"
"angles" "0 0 77.797"
"def" "cookie_flicker"
"def_scroll" "0.5 0.5"
"def_tile" "0 0"
"falloffdistance" "16"
"far_edge" "0.100000001490116"
"fov_outer" "93"
"name" "light_003"
"origin" "37468.9 -10497.8 -15121.8"
"ortho_effect" "0.300000004470348"
"radius" "363"
"stops" "22.7000000402331"
"superellipse" "0.05 0.23 0.57 0.72"
"volumetric" "1"
"volumetricCookies" "1"
"ENABLE_FALLOFF" "1"
"bake_intensity_scale" "1"
"client_server" "ClientSide"
"excludeDedicated" "Off"
"lightingstate1" "1"
"lightingstate2" "1"
"lightingstate3" "1"
"lightingstate4" "1"
"penumbraRadius" "1.5"
"roundness" "0.5"
"shadowUpdate" "Never"
"shadowmapScale" "1"
"volumetricSampleCount" "8"
"spawnflags" "68"
}
// entity 83
{
guid "{2F7C12C7-42BF-11E7-A545-14DDA9E204AF}"
"classname" "light"
"PRIMARY_NOSHADOWMAP" "0"
"PRIMARY_TYPE" "PRIMARY_SPOT"
"_color" "0 0.6118 1"
"angles" "0 0 77.797"
"def" "cookie_flicker"
"def_scroll" "0.5 0.5"
"def_tile" "0 0"
"falloffdistance" "16"
"far_edge" "0.100000001490116"
"fov_outer" "93"
"name" "light_002"
"origin" "37263.6 -10498.8 -15122.8"
"ortho_effect" "0.300000004470348"
"radius" "363"
"stops" "22.7000000402331"
"superellipse" "0.05 0.23 0.57 0.72"
"volumetric" "1"
"volumetricCookies" "1"
"ENABLE_FALLOFF" "1"
"bake_intensity_scale" "1"
"client_server" "ClientSide"
"excludeDedicated" "Off"
"lightingstate1" "1"
"lightingstate2" "1"
"lightingstate3" "1"
"lightingstate4" "1"
"penumbraRadius" "1.5"
"roundness" "0.5"
"shadowUpdate" "Never"
"shadowmapScale" "1"
"volumetricSampleCount" "8"
"spawnflags" "68"
}
// entity 84
{
guid "{2F7C12CA-42BF-11E7-A545-14DDA9E204AF}"
"classname" "fx"
"angles" "0 0 -16.801"
"delay" "-15972"
"fxdef" "zm_alien_isolation/TORRENS_EngineFX"
"origin" "37264.6 -10498.3 -15125"
"fxstate1" "1"
"fxstate2" "1"
"fxstate3" "1"
"fxstate4" "1"
"primaryLightFraction" "1"
"timescale" "1"
}
// entity 85
{
guid "{2F7C12CD-42BF-11E7-A545-14DDA9E204AF}"
"classname" "fx"
"angles" "0 0 -16.801"
"delay" "-29945"
"fxdef" "zm_alien_isolation/TORRENS_EngineFX"
"origin" "37421.6 -10497.3 -15123.8"
"fxstate1" "1"
"fxstate2" "1"
"fxstate3" "1"
"fxstate4" "1"
"primaryLightFraction" "1"
"timescale" "1"
}
// entity 86
{
guid "{2F7C12D0-42BF-11E7-A545-14DDA9E204AF}"
"classname" "fx"
"angles" "0 0 -16.801"
"delay" "-26558"
"fxdef" "zm_alien_isolation/TORRENS_EngineFX"
"origin" "37216.3 -10498.3 -15124.8"
"fxstate1" "1"
"fxstate2" "1"
"fxstate3" "1"
"fxstate4" "1"
"primaryLightFraction" "1"
"timescale" "1"
}
// entity 87
{
guid "{2F7C12D3-42BF-11E7-A545-14DDA9E204AF}"
"classname" "fx"
"angles" "0 0 -16.801"
"delay" "-25649"
"fxdef" "zm_alien_isolation/TORRENS_EngineFX"
"origin" "37469.9 -10497.3 -15124"
"fxstate1" "1"
"fxstate2" "1"
"fxstate3" "1"
"fxstate4" "1"
"primaryLightFraction" "1"
"timescale" "1"
}
// entity 88
{
guid "{2F7C12D6-42BF-11E7-A545-14DDA9E204AF}"
"classname" "fx"
"angles" "0 0 -16.801"
"delay" "-25518"
"fxdef" "zm_alien_isolation/TORRENS_EngineFX"
"origin" "37306.8 -10498.3 -15124.5"
"fxstate1" "1"
"fxstate2" "1"
"fxstate3" "1"
"fxstate4" "1"
"primaryLightFraction" "1"
"timescale" "1"
}
// entity 89
{
guid "{2F7C12D9-42BF-11E7-A545-14DDA9E204AF}"
"classname" "fx"
"angles" "0 0 -16.801"
"delay" "-15197"
"fxdef" "zm_alien_isolation/TORRENS_EngineFX"
"origin" "37512.1 -10497.3 -15123.5"
"fxstate1" "1"
"fxstate2" "1"
"fxstate3" "1"
"fxstate4" "1"
"primaryLightFraction" "1"
"timescale" "1"
}
// entity 90
{
guid "{2F7C12DC-42BF-11E7-A545-14DDA9E204AF}"
"classname" "light"
"PRIMARY_NOSHADOWMAP" "0"
"PRIMARY_TYPE" "PRIMARY_SPOT"
"_color" "0 0.6118 1"
"angles" "0 0 77.797"
"def" "cookie_flicker"
"def_scroll" "0.5 0.5"
"def_tile" "0 0"
"falloffdistance" "16"
"far_edge" "0.100000001490116"
"fov_outer" "93"
"name" "light_004"
"origin" "37469.1 -10516.5 -15176.5"
"ortho_effect" "0.300000004470348"
"radius" "363"
"stops" "22.7000000402331"
"superellipse" "0.05 0.23 0.57 0.72"
"volumetric" "1"
"volumetricCookies" "1"
"ENABLE_FALLOFF" "1"
"bake_intensity_scale" "1"
"client_server" "ClientSide"
"excludeDedicated" "Off"
"lightingstate1" "1"
"lightingstate2" "1"
"lightingstate3" "1"
"lightingstate4" "1"
"penumbraRadius" "1.5"
"roundness" "0.5"
"shadowUpdate" "Never"
"shadowmapScale" "1"
"volumetricSampleCount" "8"
"spawnflags" "68"
}
// entity 91
{
guid "{2F7C12DF-42BF-11E7-A545-14DDA9E204AF}"
"classname" "light"
"PRIMARY_NOSHADOWMAP" "0"
"PRIMARY_TYPE" "PRIMARY_SPOT"
"_color" "0 0.6118 1"
"angles" "0 0 77.797"
"def" "cookie_flicker"
"def_scroll" "0.5 0.5"
"def_tile" "0 0"
"falloffdistance" "16"
"far_edge" "0.100000001490116"
"fov_outer" "93"
"name" "light_003"
"origin" "37263.9 -10517.5 -15177.5"
"ortho_effect" "0.300000004470348"
"radius" "363"
"stops" "22.7000000402331"
"superellipse" "0.05 0.23 0.57 0.72"
"volumetric" "1"
"volumetricCookies" "1"
"ENABLE_FALLOFF" "1"
"bake_intensity_scale" "1"
"client_server" "ClientSide"
"excludeDedicated" "Off"
"lightingstate1" "1"
"lightingstate2" "1"
"lightingstate3" "1"
"lightingstate4" "1"
"penumbraRadius" "1.5"
"roundness" "0.5"
"shadowUpdate" "Never"
"shadowmapScale" "1"
"volumetricSampleCount" "8"
"spawnflags" "68"
}
// entity 92
{
guid "{2F7C12E2-42BF-11E7-A545-14DDA9E204AF}"
"classname" "fx"
"angles" "0 0 -16.801"
"delay" "-23660"
"fxdef" "zm_alien_isolation/TORRENS_EngineFX"
"origin" "37264.9 -10517 -15179.8"
"fxstate1" "1"
"fxstate2" "1"
"fxstate3" "1"
"fxstate4" "1"
"primaryLightFraction" "1"
"timescale" "1"
}
// entity 93
{
guid "{2F7C12E5-42BF-11E7-A545-14DDA9E204AF}"
"classname" "fx"
"angles" "0 0 -16.801"
"delay" "-27208"
"fxdef" "zm_alien_isolation/TORRENS_EngineFX"
"origin" "37421.9 -10516 -15178.5"
"fxstate1" "1"
"fxstate2" "1"
"fxstate3" "1"
"fxstate4" "1"
"primaryLightFraction" "1"
"timescale" "1"
}
// entity 94
{
guid "{2F7C12E8-42BF-11E7-A545-14DDA9E204AF}"
"classname" "fx"
"angles" "0 0 -16.801"
"delay" "-22942"
"fxdef" "zm_alien_isolation/TORRENS_EngineFX"
"origin" "37216.6 -10517 -15179.5"
"fxstate1" "1"
"fxstate2" "1"
"fxstate3" "1"
"fxstate4" "1"
"primaryLightFraction" "1"
"timescale" "1"
}
// entity 95
{
guid "{2F7C12EB-42BF-11E7-A545-14DDA9E204AF}"
"classname" "fx"
"angles" "0 0 -16.801"
"delay" "-29553"
"fxdef" "zm_alien_isolation/TORRENS_EngineFX"
"origin" "37470.1 -10516 -15178.8"
"fxstate1" "1"
"fxstate2" "1"
"fxstate3" "1"
"fxstate4" "1"
"primaryLightFraction" "1"
"timescale" "1"
}
// entity 96
{
guid "{2F7C12EE-42BF-11E7-A545-14DDA9E204AF}"
"classname" "fx"
"angles" "0 0 -16.801"
"delay" "-26952"
"fxdef" "zm_alien_isolation/TORRENS_EngineFX"
"origin" "37307.1 -10517 -15179.3"
"fxstate1" "1"
"fxstate2" "1"
"fxstate3" "1"
"fxstate4" "1"
"primaryLightFraction" "1"
"timescale" "1"
}
// entity 97
{
guid "{2F7C12F1-42BF-11E7-A545-14DDA9E204AF}"
"classname" "fx"
"angles" "0 0 -16.801"
"delay" "-24532"
"fxdef" "zm_alien_isolation/TORRENS_EngineFX"
"origin" "37512.4 -10516 -15178.3"
"fxstate1" "1"
"fxstate2" "1"
"fxstate3" "1"
"fxstate4" "1"
"primaryLightFraction" "1"
"timescale" "1"
}
// entity 98
{
guid "{2F7C12F4-42BF-11E7-A545-14DDA9E204AF}"
"classname" "light"
"PRIMARY_NOSHADOWMAP" "0"
"PRIMARY_TYPE" "PRIMARY_SPOT"
"_color" "0 0.6118 1"
"angles" "0 0 77.797"
"def" "cookie_flicker"
"def_scroll" "0.5 0.5"
"def_tile" "0 0"
"falloffdistance" "16"
"far_edge" "0.100000001490116"
"fov_outer" "93"
"name" "light_005"
"origin" "37469.4 -10537.3 -15232"
"ortho_effect" "0.300000004470348"
"radius" "363"
"stops" "22.7000000402331"
"superellipse" "0.05 0.23 0.57 0.72"
"volumetric" "1"
"volumetricCookies" "1"
"ENABLE_FALLOFF" "1"
"bake_intensity_scale" "1"
"client_server" "ClientSide"
"excludeDedicated" "Off"
"lightingstate1" "1"
"lightingstate2" "1"
"lightingstate3" "1"
"lightingstate4" "1"
"penumbraRadius" "1.5"
"roundness" "0.5"
"shadowUpdate" "Never"
"shadowmapScale" "1"
"volumetricSampleCount" "8"
"spawnflags" "68"
}
// entity 99
{
guid "{2F7C12F7-42BF-11E7-A545-14DDA9E204AF}"
"classname" "light"
"PRIMARY_NOSHADOWMAP" "0"
"PRIMARY_TYPE" "PRIMARY_SPOT"
"_color" "0 0.6118 1"
"angles" "0 0 77.797"
"def" "cookie_flicker"
"def_scroll" "0.5 0.5"
"def_tile" "0 0"
"falloffdistance" "16"
"far_edge" "0.100000001490116"
"fov_outer" "93"
"name" "light_004"
"origin" "37264.1 -10538.3 -15233"
"ortho_effect" "0.300000004470348"
"radius" "363"
"stops" "22.7000000402331"
"superellipse" "0.05 0.23 0.57 0.72"
"volumetric" "1"
"volumetricCookies" "1"
"ENABLE_FALLOFF" "1"
"bake_intensity_scale" "1"
"client_server" "ClientSide"
"excludeDedicated" "Off"
"lightingstate1" "1"
"lightingstate2" "1"
"lightingstate3" "1"
"lightingstate4" "1"
"penumbraRadius" "1.5"
"roundness" "0.5"
"shadowUpdate" "Never"
"shadowmapScale" "1"
"volumetricSampleCount" "8"
"spawnflags" "68"
}
// entity 100
{
guid "{2F7C12FA-42BF-11E7-A545-14DDA9E204AF}"
"classname" "fx"
"angles" "0 0 -16.801"
"delay" "-20532"
"fxdef" "zm_alien_isolation/TORRENS_EngineFX"
"origin" "37265.1 -10537.8 -15235.3"
"fxstate1" "1"
"fxstate2" "1"
"fxstate3" "1"
"fxstate4" "1"
"primaryLightFraction" "1"
"timescale" "1"
}
// entity 101
{
guid "{2F7C12FD-42BF-11E7-A545-14DDA9E204AF}"
"classname" "fx"
"angles" "0 0 -16.801"
"delay" "-19601"
"fxdef" "zm_alien_isolation/TORRENS_EngineFX"
"origin" "37422.1 -10536.8 -15234"
"fxstate1" "1"
"fxstate2" "1"
"fxstate3" "1"
"fxstate4" "1"
"primaryLightFraction" "1"
"timescale" "1"
}
// entity 102
{
guid "{2F7C1300-42BF-11E7-A545-14DDA9E204AF}"
"classname" "fx"
"angles" "0 0 -16.801"
"delay" "-28809"
"fxdef" "zm_alien_isolation/TORRENS_EngineFX"
"origin" "37216.9 -10537.8 -15235"
"fxstate1" "1"
"fxstate2" "1"
"fxstate3" "1"
"fxstate4" "1"
"primaryLightFraction" "1"
"timescale" "1"
}
// entity 103
{
guid "{2F7C1303-42BF-11E7-A545-14DDA9E204AF}"
"classname" "fx"
"angles" "0 0 -16.801"
"delay" "-26585"
"fxdef" "zm_alien_isolation/TORRENS_EngineFX"
"origin" "37470.4 -10536.8 -15234.3"
"fxstate1" "1"
"fxstate2" "1"
"fxstate3" "1"
"fxstate4" "1"
"primaryLightFraction" "1"
"timescale" "1"
}
// entity 104
{
guid "{2F7C1306-42BF-11E7-A545-14DDA9E204AF}"
"classname" "fx"
"angles" "0 0 -16.801"
"delay" "-25631"
"fxdef" "zm_alien_isolation/TORRENS_EngineFX"
"origin" "37307.4 -10537.8 -15234.8"
"fxstate1" "1"
"fxstate2" "1"
"fxstate3" "1"
"fxstate4" "1"
"primaryLightFraction" "1"
"timescale" "1"
}
// entity 105
{
guid "{2F7C1309-42BF-11E7-A545-14DDA9E204AF}"
"classname" "fx"
"angles" "0 0 -16.801"
"delay" "-18141"
"fxdef" "zm_alien_isolation/TORRENS_EngineFX"
"origin" "37512.6 -10536.8 -15233.8"
"fxstate1" "1"
"fxstate2" "1"
"fxstate3" "1"
"fxstate4" "1"
"primaryLightFraction" "1"
"timescale" "1"
}
// entity 106
{
guid "{2F7C130C-42BF-11E7-A545-14DDA9E204AF}"
"classname" "light"
"PRIMARY_NOSHADOWMAP" "0"
"PRIMARY_TYPE" "PRIMARY_SPOT"
"_color" "0 0.6118 1"
"angles" "0 0 77.797"
"def" "cookie_flicker"
"def_scroll" "0.5 0.5"
"def_tile" "0 0"
"falloffdistance" "16"
"far_edge" "0.100000001490116"
"fov_outer" "93"
"name" "light_003"
"origin" "38213.1 -10486 -15060.3"
"ortho_effect" "0.300000004470348"
"radius" "363"
"stops" "22.7000000402331"
"superellipse" "0.05 0.23 0.57 0.72"
"volumetric" "1"
"volumetricCookies" "1"
"ENABLE_FALLOFF" "1"
"bake_intensity_scale" "1"
"client_server" "ClientSide"
"excludeDedicated" "Off"
"lightingstate1" "1"
"lightingstate2" "1"
"lightingstate3" "1"
"lightingstate4" "1"
"penumbraRadius" "1.5"
"roundness" "0.5"
"shadowUpdate" "Never"
"shadowmapScale" "1"
"volumetricSampleCount" "8"
"spawnflags" "68"
}
// entity 107
{
guid "{2F7C130F-42BF-11E7-A545-14DDA9E204AF}"
"classname" "light"
"PRIMARY_NOSHADOWMAP" "0"
"PRIMARY_TYPE" "PRIMARY_SPOT"
"_color" "0 0.6118 1"
"angles" "0 0 77.797"
"def" "cookie_flicker"
"def_scroll" "0.5 0.5"
"def_tile" "0 0"
"falloffdistance" "16"
"far_edge" "0.100000001490116"
"fov_outer" "93"
"name" "light_002"
"origin" "38007.8 -10487 -15061.3"
"ortho_effect" "0.300000004470348"
"radius" "363"
"stops" "22.7000000402331"
"superellipse" "0.05 0.23 0.57 0.72"
"volumetric" "1"
"volumetricCookies" "1"
"ENABLE_FALLOFF" "1"
"bake_intensity_scale" "1"
"client_server" "ClientSide"
"excludeDedicated" "Off"
"lightingstate1" "1"
"lightingstate2" "1"
"lightingstate3" "1"
"lightingstate4" "1"
"penumbraRadius" "1.5"
"roundness" "0.5"
"shadowUpdate" "Never"
"shadowmapScale" "1"
"volumetricSampleCount" "8"
"spawnflags" "68"
}
// entity 108
{
guid "{2F7C1312-42BF-11E7-A545-14DDA9E204AF}"
"classname" "fx"
"angles" "0 0 -16.801"
"delay" "-28862"
"fxdef" "zm_alien_isolation/TORRENS_EngineFX"
"origin" "38008.8 -10486.5 -15063.5"
"fxstate1" "1"
"fxstate2" "1"
"fxstate3" "1"
"fxstate4" "1"
"primaryLightFraction" "1"
"timescale" "1"
}
// entity 109
{
guid "{2F7C1315-42BF-11E7-A545-14DDA9E204AF}"
"classname" "fx"
"angles" "0 0 -16.801"
"delay" "-17872"
"fxdef" "zm_alien_isolation/TORRENS_EngineFX"
"origin" "38165.8 -10485.5 -15062.3"
"fxstate1" "1"
"fxstate2" "1"
"fxstate3" "1"
"fxstate4" "1"
"primaryLightFraction" "1"
"timescale" "1"
}
// entity 110
{
guid "{2F7C1318-42BF-11E7-A545-14DDA9E204AF}"
"classname" "fx"
"angles" "0 0 -16.801"
"delay" "-22033"
"fxdef" "zm_alien_isolation/TORRENS_EngineFX"
"origin" "37960.5 -10486.5 -15063.3"
"fxstate1" "1"
"fxstate2" "1"
"fxstate3" "1"
"fxstate4" "1"
"primaryLightFraction" "1"
"timescale" "1"
}
// entity 111
{
guid "{2F7C131B-42BF-11E7-A545-14DDA9E204AF}"
"classname" "fx"
"angles" "0 0 -16.801"
"delay" "-29349"
"fxdef" "zm_alien_isolation/TORRENS_EngineFX"
"origin" "38214.1 -10485.5 -15062.5"
"fxstate1" "1"
"fxstate2" "1"
"fxstate3" "1"
"fxstate4" "1"
"primaryLightFraction" "1"
"timescale" "1"
}
// entity 112
{
guid "{2F7C131E-42BF-11E7-A545-14DDA9E204AF}"
"classname" "fx"
"angles" "0 0 -16.801"
"delay" "-20396"
"fxdef" "zm_alien_isolation/TORRENS_EngineFX"
"origin" "38051 -10486.5 -15063"
"fxstate1" "1"
"fxstate2" "1"
"fxstate3" "1"
"fxstate4" "1"
"primaryLightFraction" "1"
"timescale" "1"
}
// entity 113
{
guid "{2F7C1321-42BF-11E7-A545-14DDA9E204AF}"
"classname" "fx"
"angles" "0 0 -16.801"
"delay" "-23614"
"fxdef" "zm_alien_isolation/TORRENS_EngineFX"
"origin" "38256.3 -10485.5 -15062"
"fxstate1" "1"
"fxstate2" "1"
"fxstate3" "1"
"fxstate4" "1"
"primaryLightFraction" "1"
"timescale" "1"
}
// entity 114
{
guid "{2F7C1324-42BF-11E7-A545-14DDA9E204AF}"
"classname" "light"
"PRIMARY_NOSHADOWMAP" "0"
"PRIMARY_TYPE" "PRIMARY_SPOT"
"_color" "0 0.6118 1"
"angles" "0 0 77.797"
"def" "cookie_flicker"
"def_scroll" "0.5 0.5"
"def_tile" "0 0"
"falloffdistance" "16"
"far_edge" "0.100000001490116"
"fov_outer" "93"
"name" "light_004"
"origin" "38213.4 -10497.8 -15122"
"ortho_effect" "0.300000004470348"
"radius" "363"
"stops" "22.7000000402331"
"superellipse" "0.05 0.23 0.57 0.72"
"volumetric" "1"
"volumetricCookies" "1"
"ENABLE_FALLOFF" "1"
"bake_intensity_scale" "1"
"client_server" "ClientSide"
"excludeDedicated" "Off"
"lightingstate1" "1"
"lightingstate2" "1"
"lightingstate3" "1"
"lightingstate4" "1"
"penumbraRadius" "1.5"
"roundness" "0.5"
"shadowUpdate" "Never"
"shadowmapScale" "1"
"volumetricSampleCount" "8"
"spawnflags" "68"
}
// entity 115
{
guid "{2F7C1327-42BF-11E7-A545-14DDA9E204AF}"
"classname" "light"
"PRIMARY_NOSHADOWMAP" "0"
"PRIMARY_TYPE" "PRIMARY_SPOT"
"_color" "0 0.6118 1"
"angles" "0 0 77.797"
"def" "cookie_flicker"
"def_scroll" "0.5 0.5"
"def_tile" "0 0"
"falloffdistance" "16"
"far_edge" "0.100000001490116"
"fov_outer" "93"
"name" "light_003"
"origin" "38008.1 -10498.8 -15123"
"ortho_effect" "0.300000004470348"
"radius" "363"
"stops" "22.7000000402331"
"superellipse" "0.05 0.23 0.57 0.72"
"volumetric" "1"
"volumetricCookies" "1"
"ENABLE_FALLOFF" "1"
"bake_intensity_scale" "1"
"client_server" "ClientSide"
"excludeDedicated" "Off"
"lightingstate1" "1"
"lightingstate2" "1"
"lightingstate3" "1"
"lightingstate4" "1"
"penumbraRadius" "1.5"
"roundness" "0.5"
"shadowUpdate" "Never"
"shadowmapScale" "1"
"volumetricSampleCount" "8"
"spawnflags" "68"
}
// entity 116
{
guid "{2F7C132A-42BF-11E7-A545-14DDA9E204AF}"
"classname" "fx"
"angles" "0 0 -16.801"
"delay" "-16348"
"fxdef" "zm_alien_isolation/TORRENS_EngineFX"
"origin" "38009.1 -10498.3 -15125.3"
"fxstate1" "1"
"fxstate2" "1"
"fxstate3" "1"
"fxstate4" "1"
"primaryLightFraction" "1"
"timescale" "1"
}
// entity 117
{
guid "{2F7C132D-42BF-11E7-A545-14DDA9E204AF}"
"classname" "fx"
"angles" "0 0 -16.801"
"delay" "-19075"
"fxdef" "zm_alien_isolation/TORRENS_EngineFX"
"origin" "38166.1 -10497.3 -15124"
"fxstate1" "1"
"fxstate2" "1"
"fxstate3" "1"
"fxstate4" "1"
"primaryLightFraction" "1"
"timescale" "1"
}
// entity 118
{
guid "{2F7C1330-42BF-11E7-A545-14DDA9E204AF}"
"classname" "fx"
"angles" "0 0 -16.801"
"delay" "-21311"
"fxdef" "zm_alien_isolation/TORRENS_EngineFX"
"origin" "37960.8 -10498.3 -15125"
"fxstate1" "1"
"fxstate2" "1"
"fxstate3" "1"
"fxstate4" "1"
"primaryLightFraction" "1"
"timescale" "1"
}
// entity 119
{
guid "{2F7C1333-42BF-11E7-A545-14DDA9E204AF}"
"classname" "fx"
"angles" "0 0 -16.801"
"delay" "-26238"
"fxdef" "zm_alien_isolation/TORRENS_EngineFX"
"origin" "38214.4 -10497.3 -15124.3"
"fxstate1" "1"
"fxstate2" "1"
"fxstate3" "1"
"fxstate4" "1"
"primaryLightFraction" "1"
"timescale" "1"
}
// entity 120
{
guid "{2F7C1336-42BF-11E7-A545-14DDA9E204AF}"
"classname" "fx"
"angles" "0 0 -16.801"
"delay" "-20402"
"fxdef" "zm_alien_isolation/TORRENS_EngineFX"
"origin" "38051.3 -10498.3 -15124.8"
"fxstate1" "1"
"fxstate2" "1"
"fxstate3" "1"
"fxstate4" "1"
"primaryLightFraction" "1"
"timescale" "1"
}
// entity 121
{
guid "{2F7C1339-42BF-11E7-A545-14DDA9E204AF}"
"classname" "fx"
"angles" "0 0 -16.801"
"delay" "-22020"
"fxdef" "zm_alien_isolation/TORRENS_EngineFX"
"origin" "38256.6 -10497.3 -15123.8"
"fxstate1" "1"
"fxstate2" "1"
"fxstate3" "1"
"fxstate4" "1"
"primaryLightFraction" "1"
"timescale" "1"
}
// entity 122
{
guid "{2F7C133C-42BF-11E7-A545-14DDA9E204AF}"
"classname" "light"
"PRIMARY_NOSHADOWMAP" "0"
"PRIMARY_TYPE" "PRIMARY_SPOT"
"_color" "0 0.6118 1"
"angles" "0 0 77.797"
"def" "cookie_flicker"
"def_scroll" "0.5 0.5"
"def_tile" "0 0"
"falloffdistance" "16"
"far_edge" "0.100000001490116"
"fov_outer" "93"
"name" "light_005"
"origin" "38213.6 -10516.5 -15176.8"
"ortho_effect" "0.300000004470348"
"radius" "363"
"stops" "22.7000000402331"
"superellipse" "0.05 0.23 0.57 0.72"
"volumetric" "1"
"volumetricCookies" "1"
"ENABLE_FALLOFF" "1"
"bake_intensity_scale" "1"
"client_server" "ClientSide"
"excludeDedicated" "Off"
"lightingstate1" "1"
"lightingstate2" "1"
"lightingstate3" "1"
"lightingstate4" "1"
"penumbraRadius" "1.5"
"roundness" "0.5"
"shadowUpdate" "Never"
"shadowmapScale" "1"
"volumetricSampleCount" "8"
"spawnflags" "68"
}
// entity 123
{
guid "{2F7C133F-42BF-11E7-A545-14DDA9E204AF}"
"classname" "light"
"PRIMARY_NOSHADOWMAP" "0"
"PRIMARY_TYPE" "PRIMARY_SPOT"
"_color" "0 0.6118 1"
"angles" "0 0 77.797"
"def" "cookie_flicker"
"def_scroll" "0.5 0.5"
"def_tile" "0 0"
"falloffdistance" "16"
"far_edge" "0.100000001490116"
"fov_outer" "93"
"name" "light_004"
"origin" "38008.4 -10517.5 -15177.8"
"ortho_effect" "0.300000004470348"
"radius" "363"
"stops" "22.7000000402331"
"superellipse" "0.05 0.23 0.57 0.72"
"volumetric" "1"
"volumetricCookies" "1"
"ENABLE_FALLOFF" "1"
"bake_intensity_scale" "1"
"client_server" "ClientSide"
"excludeDedicated" "Off"
"lightingstate1" "1"
"lightingstate2" "1"
"lightingstate3" "1"
"lightingstate4" "1"
"penumbraRadius" "1.5"
"roundness" "0.5"
"shadowUpdate" "Never"
"shadowmapScale" "1"
"volumetricSampleCount" "8"
"spawnflags" "68"
}
// entity 124
{
guid "{2F7C1342-42BF-11E7-A545-14DDA9E204AF}"
"classname" "fx"
"angles" "0 0 -16.801"
"delay" "-24489"
"fxdef" "zm_alien_isolation/TORRENS_EngineFX"
"origin" "38009.4 -10517 -15180"
"fxstate1" "1"
"fxstate2" "1"
"fxstate3" "1"
"fxstate4" "1"
"primaryLightFraction" "1"
"timescale" "1"
}
// entity 125
{
guid "{2F7C1345-42BF-11E7-A545-14DDA9E204AF}"
"classname" "fx"
"angles" "0 0 -16.801"
"delay" "-18659"
"fxdef" "zm_alien_isolation/TORRENS_EngineFX"
"origin" "38166.4 -10516 -15178.8"
"fxstate1" "1"
"fxstate2" "1"
"fxstate3" "1"
"fxstate4" "1"
"primaryLightFraction" "1"
"timescale" "1"
}
// entity 126
{
guid "{2F7C1348-42BF-11E7-A545-14DDA9E204AF}"
"classname" "fx"
"angles" "0 0 -16.801"
"delay" "-28275"
"fxdef" "zm_alien_isolation/TORRENS_EngineFX"
"origin" "37961.1 -10517 -15179.8"
"fxstate1" "1"
"fxstate2" "1"
"fxstate3" "1"
"fxstate4" "1"
"primaryLightFraction" "1"
"timescale" "1"
}
// entity 127
{
guid "{2F7C134B-42BF-11E7-A545-14DDA9E204AF}"
"classname" "fx"
"angles" "0 0 -16.801"
"delay" "-24983"
"fxdef" "zm_alien_isolation/TORRENS_EngineFX"
"origin" "38214.6 -10516 -15179"
"fxstate1" "1"
"fxstate2" "1"
"fxstate3" "1"
"fxstate4" "1"
"primaryLightFraction" "1"
"timescale" "1"
}
// entity 128
{
guid "{2F7C134E-42BF-11E7-A545-14DDA9E204AF}"
"classname" "fx"
"angles" "0 0 -16.801"
"delay" "-19909"
"fxdef" "zm_alien_isolation/TORRENS_EngineFX"
"origin" "38051.6 -10517 -15179.5"
"fxstate1" "1"
"fxstate2" "1"
"fxstate3" "1"
"fxstate4" "1"
"primaryLightFraction" "1"
"timescale" "1"
}
// entity 129
{
guid "{2F7C1351-42BF-11E7-A545-14DDA9E204AF}"
"classname" "fx"
"angles" "0 0 -16.801"
"delay" "-22308"
"fxdef" "zm_alien_isolation/TORRENS_EngineFX"
"origin" "38256.9 -10516 -15178.5"
"fxstate1" "1"
"fxstate2" "1"
"fxstate3" "1"
"fxstate4" "1"
"primaryLightFraction" "1"
"timescale" "1"
}
// entity 130
{
guid "{2F7C1354-42BF-11E7-A545-14DDA9E204AF}"
"classname" "light"
"PRIMARY_NOSHADOWMAP" "0"
"PRIMARY_TYPE" "PRIMARY_SPOT"
"_color" "0 0.6118 1"
"angles" "0 0 77.797"
"def" "cookie_flicker"
"def_scroll" "0.5 0.5"
"def_tile" "0 0"
"falloffdistance" "16"
"far_edge" "0.100000001490116"
"fov_outer" "93"
"name" "light_006"
"origin" "38213.9 -10537.3 -15232.3"
"ortho_effect" "0.300000004470348"
"radius" "363"
"stops" "22.7000000402331"
"superellipse" "0.05 0.23 0.57 0.72"
"volumetric" "1"
"volumetricCookies" "1"
"ENABLE_FALLOFF" "1"
"bake_intensity_scale" "1"
"client_server" "ClientSide"
"excludeDedicated" "Off"
"lightingstate1" "1"
"lightingstate2" "1"
"lightingstate3" "1"
"lightingstate4" "1"
"penumbraRadius" "1.5"
"roundness" "0.5"
"shadowUpdate" "Never"
"shadowmapScale" "1"
"volumetricSampleCount" "8"
"spawnflags" "68"
}
// entity 131
{
guid "{2F7C1357-42BF-11E7-A545-14DDA9E204AF}"
"classname" "light"
"PRIMARY_NOSHADOWMAP" "0"
"PRIMARY_TYPE" "PRIMARY_SPOT"
"_color" "0 0.6118 1"
"angles" "0 0 77.797"
"def" "cookie_flicker"
"def_scroll" "0.5 0.5"
"def_tile" "0 0"
"falloffdistance" "16"
"far_edge" "0.100000001490116"
"fov_outer" "93"
"name" "light_005"
"origin" "38008.6 -10538.3 -15233.3"
"ortho_effect" "0.300000004470348"
"radius" "363"
"stops" "22.7000000402331"
"superellipse" "0.05 0.23 0.57 0.72"
"volumetric" "1"
"volumetricCookies" "1"
"ENABLE_FALLOFF" "1"
"bake_intensity_scale" "1"
"client_server" "ClientSide"
"excludeDedicated" "Off"
"lightingstate1" "1"
"lightingstate2" "1"
"lightingstate3" "1"
"lightingstate4" "1"
"penumbraRadius" "1.5"
"roundness" "0.5"
"shadowUpdate" "Never"
"shadowmapScale" "1"
"volumetricSampleCount" "8"
"spawnflags" "68"
}
// entity 132
{
guid "{2F7C135A-42BF-11E7-A545-14DDA9E204AF}"
"classname" "fx"
"angles" "0 0 -16.801"
"delay" "-24073"
"fxdef" "zm_alien_isolation/TORRENS_EngineFX"
"origin" "38009.6 -10537.8 -15235.5"
"fxstate1" "1"
"fxstate2" "1"
"fxstate3" "1"
"fxstate4" "1"
"primaryLightFraction" "1"
"timescale" "1"
}
// entity 133
{
guid "{2F7C135D-42BF-11E7-A545-14DDA9E204AF}"
"classname" "fx"
"angles" "0 0 -16.801"
"delay" "-27924"
"fxdef" "zm_alien_isolation/TORRENS_EngineFX"
"origin" "38166.6 -10536.8 -15234.3"
"fxstate1" "1"
"fxstate2" "1"
"fxstate3" "1"
"fxstate4" "1"
"primaryLightFraction" "1"
"timescale" "1"
}
// entity 134
{
guid "{2F7C1360-42BF-11E7-A545-14DDA9E204AF}"
"classname" "fx"
"angles" "0 0 -16.801"
"delay" "-23349"
"fxdef" "zm_alien_isolation/TORRENS_EngineFX"
"origin" "37961.4 -10537.8 -15235.3"
"fxstate1" "1"
"fxstate2" "1"
"fxstate3" "1"
"fxstate4" "1"
"primaryLightFraction" "1"
"timescale" "1"
}
// entity 135
{
guid "{2F7C1363-42BF-11E7-A545-14DDA9E204AF}"
"classname" "fx"
"angles" "0 0 -16.801"
"delay" "-25396"
"fxdef" "zm_alien_isolation/TORRENS_EngineFX"
"origin" "38214.9 -10536.8 -15234.5"
"fxstate1" "1"
"fxstate2" "1"
"fxstate3" "1"
"fxstate4" "1"
"primaryLightFraction" "1"
"timescale" "1"
}
// entity 136
{
guid "{2F7C1366-42BF-11E7-A545-14DDA9E204AF}"
"classname" "fx"
"angles" "0 0 -16.801"
"delay" "-19035"
"fxdef" "zm_alien_isolation/TORRENS_EngineFX"
"origin" "38051.9 -10537.8 -15235"
"fxstate1" "1"
"fxstate2" "1"
"fxstate3" "1"
"fxstate4" "1"
"primaryLightFraction" "1"
"timescale" "1"
}
// entity 137
{
guid "{2F7C1369-42BF-11E7-A545-14DDA9E204AF}"
"classname" "fx"
"angles" "0 0 -16.801"
"delay" "-17034"
"fxdef" "zm_alien_isolation/TORRENS_EngineFX"
"origin" "38257.1 -10536.8 -15234"
"fxstate1" "1"
"fxstate2" "1"
"fxstate3" "1"
"fxstate4" "1"
"primaryLightFraction" "1"
"timescale" "1"
}
