iwmap 4
"script_startingnumber" 0
"000_Global" flags  active
"The Map" flags expanded 
// entity 0
{
guid "{697DC0B3-6961-11E7-83AF-14DDA9E204AF}"
"classname" "worldspawn"
"lightingquality" "4096"
"lutmaterial" "luts_ayz"
"samplescale" "1"
"skyboxmodel" "skybox_default_day"
"ssi" "default_day"
"wsi" "default_day"
"fsi" "default"
"gravity" "800"
"lodbias" "default"
"numOmniShadowSlices" "24"
"numSpotShadowSlices" "64"
"sky_intensity_factor0" "1"
"sky_intensity_factor1" "1"
"state_alias_1" "State 1"
"state_alias_2" "State 2"
"state_alias_3" "State 3"
"state_alias_4" "State 4"
}
// entity 1
{
guid "{F0708239-3CBF-11E7-A53C-14DDA9E204AF}"
"classname" "fx"
"delay" "-18324"
"fxdef" "vehicle/fx_oil_drip_pool"
"origin" "34331.5 -12177.5 -14235"
"fxstate1" "1"
"fxstate2" "1"
"fxstate3" "1"
"fxstate4" "1"
"primaryLightFraction" "1"
"timescale" "1"
}
// entity 2
{
guid "{E0753D1F-695E-11E7-83AF-14DDA9E204AF}"
"classname" "misc_model"
"angles" "0 89.9969 89.9985"
"model" "torrens_coridoor_middle_d01"
"modelscale" "0.170000000670552"
"origin" "-26293 -13718.2 11793.5"
"lightingstate1" "1"
"lightingstate2" "1"
"lightingstate3" "1"
"lightingstate4" "1"
"static" "1"
}
// entity 3
{
guid "{E0753D22-695E-11E7-83AF-14DDA9E204AF}"
"classname" "misc_model"
"angles" "0 179.992 0"
"model" "torrens_coridoor_middle"
"modelscale" "2.5"
"origin" "-26290 -13718.7 11731.8"
"lightingstate1" "1"
"lightingstate2" "1"
"lightingstate3" "1"
"lightingstate4" "1"
"static" "1"
}
// entity 4
{
guid "{E0753D25-695E-11E7-83AF-14DDA9E204AF}"
"classname" "misc_model"
"model" "torrens_coridoor_bulkhead_hab"
"modelscale" "2.5"
"origin" "-26244.3 -13733.7 11802.8"
"lightingstate1" "1"
"lightingstate2" "1"
"lightingstate3" "1"
"lightingstate4" "1"
"static" "1"
}
// entity 5
{
guid "{E0753D1C-695E-11E7-83AF-14DDA9E204AF}"
"classname" "misc_model"
"model" "torrens_coridoor_bulkhead_spacer"
"modelscale" "2.5"
"origin" "-26244.3 -13703.6 11732.8"
"lightingstate1" "1"
"lightingstate2" "1"
"lightingstate3" "1"
"lightingstate4" "1"
"static" "1"
}
// entity 6
{
guid "{92700447-695F-11E7-83AF-14DDA9E204AF}"
"classname" "misc_model"
"angles" "0 89.9969 89.9985"
"model" "torrens_coridoor_middle_d02"
"modelscale" "0.170000000670552"
"origin" "-26293 -13688 11793.5"
"lightingstate1" "1"
"lightingstate2" "1"
"lightingstate3" "1"
"lightingstate4" "1"
"static" "1"
}
// entity 7
{
guid "{9270044A-695F-11E7-83AF-14DDA9E204AF}"
"classname" "misc_model"
"angles" "0 179.992 0"
"model" "torrens_coridoor_middle"
"modelscale" "2.5"
"origin" "-26290 -13688.5 11731.8"
"lightingstate1" "1"
"lightingstate2" "1"
"lightingstate3" "1"
"lightingstate4" "1"
"static" "1"
}
// entity 8
{
guid "{AF2D30CD-695F-11E7-83AF-14DDA9E204AF}"
"classname" "misc_model"
"angles" "1.0422e-010 269.997 89.9985"
"model" "torrens_coridoor_middle_d02"
"modelscale" "0.170000000670552"
"origin" "-26196.8 -13688.6 11793.5"
"lightingstate1" "1"
"lightingstate2" "1"
"lightingstate3" "1"
"lightingstate4" "1"
"static" "1"
}
// entity 9
{
guid "{AF2D30D0-695F-11E7-83AF-14DDA9E204AF}"
"classname" "misc_model"
"angles" "0 359.992 0"
"model" "torrens_coridoor_middle"
"modelscale" "2.5"
"origin" "-26199.8 -13688.1 11731.8"
"lightingstate1" "1"
"lightingstate2" "1"
"lightingstate3" "1"
"lightingstate4" "1"
"static" "1"
}
// entity 10
{
guid "{AF2D30D3-695F-11E7-83AF-14DDA9E204AF}"
"classname" "misc_model"
"angles" "1.0422e-010 269.997 89.9985"
"model" "torrens_coridoor_middle_d01"
"modelscale" "0.170000000670552"
"origin" "-26196.8 -13718.8 11793.5"
"lightingstate1" "1"
"lightingstate2" "1"
"lightingstate3" "1"
"lightingstate4" "1"
"static" "1"
}
// entity 11
{
guid "{AF2D30D6-695F-11E7-83AF-14DDA9E204AF}"
"classname" "misc_model"
"angles" "0 359.992 0"
"model" "torrens_coridoor_middle"
"modelscale" "2.5"
"origin" "-26199.8 -13718.3 11731.8"
"lightingstate1" "1"
"lightingstate2" "1"
"lightingstate3" "1"
"lightingstate4" "1"
"static" "1"
}
// entity 12
{
guid "{CB57859F-695F-11E7-83AF-14DDA9E204AF}"
"classname" "misc_model"
"model" "torrens_coridoor_bulkhead_hab"
"modelscale" "2.5"
"origin" "-26244.3 -13673 11802.8"
"lightingstate1" "1"
"lightingstate2" "1"
"lightingstate3" "1"
"lightingstate4" "1"
"static" "1"
}
// entity 13
{
guid "{399938B3-6960-11E7-83AF-14DDA9E204AF}"
"classname" "misc_model"
"angles" "360 0 -0"
"model" "torrens_coridoor_floor_filler"
"modelscale" "2.5"
"origin" "-26244.4 -13718.8 11733.4"
"lightingstate1" "1"
"lightingstate2" "1"
"lightingstate3" "1"
"lightingstate4" "1"
"static" "1"
}
// entity 14
{
guid "{399938B6-6960-11E7-83AF-14DDA9E204AF}"
"classname" "misc_model"
"angles" "360 0 -0"
"model" "torrens_coridoor_ceiling_filler"
"modelscale" "2.5"
"origin" "-26244.4 -13718.8 11731.3"
"lightingstate1" "1"
"lightingstate2" "1"
"lightingstate3" "1"
"lightingstate4" "1"
"static" "1"
}
// entity 15
{
guid "{410C8406-6960-11E7-83AF-14DDA9E204AF}"
"classname" "misc_model"
"angles" "360 0 -0"
"model" "torrens_coridoor_floor_filler"
"modelscale" "2.5"
"origin" "-26244.4 -13688.5 11733.4"
"lightingstate1" "1"
"lightingstate2" "1"
"lightingstate3" "1"
"lightingstate4" "1"
"static" "1"
}
// entity 16
{
guid "{410C8409-6960-11E7-83AF-14DDA9E204AF}"
"classname" "misc_model"
"angles" "360 0 -0"
"model" "torrens_coridoor_ceiling_filler"
"modelscale" "2.5"
"origin" "-26244.4 -13688.5 11731.3"
"lightingstate1" "1"
"lightingstate2" "1"
"lightingstate3" "1"
"lightingstate4" "1"
"static" "1"
}
// entity 17
{
guid "{AE30046A-6960-11E7-83AF-14DDA9E204AF}"
"classname" "reflection_probe"
"ao_power" "8"
"ao_range" "25"
"ao_strength_double_sided" "0.700000007450581"
"brightnessAdjust" "3"
"name" "probe_004"
"origin" "-26244.8 -13558 11802.5"
"override" "1"
"resolution" "8x"
"size_max" "64.75 130.75 81"
"size_min" "63.5 145.5 49.5"
"smooth_post_process" "1"
"volumetric" "1"
"adaptive_quality_boost" "Off"
"ao_strength" "1"
"blend_maxs" "3 3 3"
"blend_mins" "3 3 3"
"box" "1"
"client_server" "ClientSide"
"debugColor" "1 1 1"
"grid_density" "0"
"high_detail" "1"
"in_play_space" "1"
"inpaint_occluded_rays" "1"
"placement_offset" "72"
}
// entity 18
{
guid "{BD751C12-6960-11E7-83AF-14DDA9E204AF}"
"classname" "reflection_probe"
"ao_power" "8"
"ao_range" "25"
"ao_strength_double_sided" "0.700000007450581"
"brightnessAdjust" "3"
"name" "probe_005"
"origin" "-26244.8 -13818.5 11802.5"
"override" "1"
"resolution" "8x"
"size_max" "64.75 115 81"
"size_min" "63.5 152.75 49.5"
"smooth_post_process" "1"
"volumetric" "1"
"adaptive_quality_boost" "Off"
"ao_strength" "1"
"blend_maxs" "3 3 3"
"blend_mins" "3 3 3"
"box" "1"
"client_server" "ClientSide"
"debugColor" "1 1 1"
"grid_density" "0"
"high_detail" "1"
"in_play_space" "1"
"inpaint_occluded_rays" "1"
"placement_offset" "72"
}
// entity 19
{
guid "{697DC0BA-6961-11E7-83AF-14DDA9E204AF}"
"classname" "misc_model"
"model" "torrens_coridoor_bulkhead_spacer"
"modelscale" "2.5"
"origin" "-26244.3 -13441.3 11732.8"
"lightingstate1" "1"
"lightingstate2" "1"
"lightingstate3" "1"
"lightingstate4" "1"
"static" "1"
}
// entity 20
{
guid "{24F1ABB3-E72B-11E7-A56C-0015833D0A57}"
"classname" "misc_model"
"angles" "0 359.997 0"
"model" "torrens_coridoor_side_science_long"
"modelscale" "2.5"
"origin" "-26199.8 -13848.5 11731.8"
"lightingstate1" "1"
"lightingstate2" "1"
"lightingstate3" "1"
"lightingstate4" "1"
"static" "1"
}
// entity 21
{
guid "{24F1ABB6-E72B-11E7-A56C-0015833D0A57}"
"classname" "misc_model"
"model" "torrens_coridoor_floor_large"
"modelscale" "2.5"
"origin" "-26244.8 -13849.3 11733"
"lightingstate1" "1"
"lightingstate2" "1"
"lightingstate3" "1"
"lightingstate4" "1"
"static" "1"
}
// entity 22
{
guid "{24F1ABB9-E72B-11E7-A56C-0015833D0A57}"
"classname" "misc_model"
"angles" "0 179.997 0"
"model" "torrens_coridoor_side_science_long"
"modelscale" "2.5"
"origin" "-26289.9 -13848.5 11731.8"
"lightingstate1" "1"
"lightingstate2" "1"
"lightingstate3" "1"
"lightingstate4" "1"
"static" "1"
}
// entity 23
{
guid "{24F1ABBC-E72B-11E7-A56C-0015833D0A57}"
"classname" "misc_model"
"model" "torrens_coridoor_ceiling_long"
"modelscale" "2.5"
"origin" "-26244.8 -13850.3 11731.3"
"lightingstate1" "1"
"lightingstate2" "1"
"lightingstate3" "1"
"lightingstate4" "1"
"static" "1"
}
// entity 24
{
guid "{24F1ABE3-E72B-11E7-A56C-0015833D0A57}"
"classname" "misc_model"
"angles" "0 359.997 0"
"model" "torrens_coridoor_side_science_long"
"modelscale" "2.5"
"origin" "-26199.8 -13557 11731.8"
"lightingstate1" "1"
"lightingstate2" "1"
"lightingstate3" "1"
"lightingstate4" "1"
"static" "1"
}
// entity 25
{
guid "{24F1ABE6-E72B-11E7-A56C-0015833D0A57}"
"classname" "misc_model"
"model" "torrens_coridoor_floor_large"
"modelscale" "2.5"
"origin" "-26244.8 -13557.8 11733"
"lightingstate1" "1"
"lightingstate2" "1"
"lightingstate3" "1"
"lightingstate4" "1"
"static" "1"
}
// entity 26
{
guid "{24F1ABE9-E72B-11E7-A56C-0015833D0A57}"
"classname" "misc_model"
"angles" "0 179.997 0"
"model" "torrens_coridoor_side_science_long"
"modelscale" "2.5"
"origin" "-26289.9 -13557 11731.8"
"lightingstate1" "1"
"lightingstate2" "1"
"lightingstate3" "1"
"lightingstate4" "1"
"static" "1"
}
// entity 27
{
guid "{24F1ABEC-E72B-11E7-A56C-0015833D0A57}"
"classname" "misc_model"
"model" "torrens_coridoor_ceiling_long"
"modelscale" "2.5"
"origin" "-26244.8 -13558.8 11731.3"
"lightingstate1" "1"
"lightingstate2" "1"
"lightingstate3" "1"
"lightingstate4" "1"
"static" "1"
}
// entity 28
{
guid "{5A8DF6A5-E72B-11E7-A56C-0015833D0A57}"
"classname" "misc_model"
"angles" "324 0 0"
"model" "torrens_light_spot"
"modelscale" "2.5"
"origin" "-26197.5 -13780.3 11828"
"lightingstate1" "1"
"lightingstate2" "1"
"lightingstate3" "1"
"lightingstate4" "1"
"static" "1"
}
// entity 29
{
guid "{5A8DF6A8-E72B-11E7-A56C-0015833D0A57}"
"classname" "light"
"PRIMARY_NOSHADOWMAP" "0"
"PRIMARY_TYPE" "PRIMARY_SPOT"
"_color" "0.7344 0.8821 0.9961"
"angles" "36 0 0"
"bake_intensity_scale" "5.00000005960464"
"def_scroll" "0.5 0.1"
"def_tile" "0 0"
"far_edge" "0.199999988079071"
"fov_outer" "91"
"lightingstate4" "0"
"name" "light_004"
"origin" "-26194.3 -13780.3 11836"
"radius" "131"
"roundness" "0"
"stops" "16.2999999925494"
"superellipse" "0.05 0.32 0.19 0.64"
"targetName" "TORRENS_CORIDOOR_LIGHT_BOTTOM_10"
"volumetric" "1"
"volumetricCookies" "1"
"volumetricIntensityBoost" "9.25"
"ENABLE_FALLOFF" "1"
"client_server" "ClientSide"
"excludeDedicated" "Off"
"falloffdistance" "12"
"lightingstate1" "1"
"lightingstate2" "1"
"lightingstate3" "1"
"penumbraRadius" "1.5"
"shadowUpdate" "Never"
"shadowmapScale" "1"
"volumetricSampleCount" "8"
"spawnflags" "68"
}
// entity 30
{
guid "{5A8DF6AB-E72B-11E7-A56C-0015833D0A57}"
"classname" "light"
"PRIMARY_NOSHADOWMAP" "0"
"PRIMARY_TYPE" "PRIMARY_SPOT"
"_color" "0.7344 0.8821 0.9961"
"angles" "344.599 0 0"
"bake_intensity_scale" "5.00000005960464"
"cut_on" "14"
"def_scroll" "0.5 0.1"
"def_tile" "0 0"
"falloffdistance" "4"
"far_edge" "0.2"
"fov_outer" "91"
"lightingstate4" "0"
"name" "light_005"
"origin" "-26201 -13780 11835.5"
"radius" "131"
"roundness" "0"
"stops" "14.6000000163913"
"superellipse" "0.05 0.72 0.31 0.36"
"targetName" "TORRENS_CORIDOOR_LIGHT_TOP_10"
"volumetricIntensityBoost" "9.25"
"ENABLE_FALLOFF" "1"
"client_server" "ClientSide"
"excludeDedicated" "Off"
"lightingstate1" "1"
"lightingstate2" "1"
"lightingstate3" "1"
"penumbraRadius" "1.5"
"shadowUpdate" "Never"
"shadowmapScale" "1"
"volumetricSampleCount" "8"
"spawnflags" "68"
}
// entity 31
{
guid "{5A8DF6BC-E72B-11E7-A56C-0015833D0A57}"
"classname" "misc_model"
"angles" "324 0 0"
"model" "torrens_light_spot"
"modelscale" "2.5"
"origin" "-26197.5 -13916.3 11828"
"lightingstate1" "1"
"lightingstate2" "1"
"lightingstate3" "1"
"lightingstate4" "1"
"static" "1"
}
// entity 32
{
guid "{5A8DF6BF-E72B-11E7-A56C-0015833D0A57}"
"classname" "light"
"PRIMARY_NOSHADOWMAP" "0"
"PRIMARY_TYPE" "PRIMARY_SPOT"
"_color" "0.7344 0.8821 0.9961"
"angles" "36 0 0"
"bake_intensity_scale" "5.00000005960464"
"def_scroll" "0.5 0.1"
"def_tile" "0 0"
"far_edge" "0.199999988079071"
"fov_outer" "91"
"lightingstate4" "0"
"name" "light_004"
"origin" "-26194.3 -13916.3 11836"
"radius" "131"
"roundness" "0"
"stops" "16.2999999925494"
"superellipse" "0.05 0.32 0.19 0.64"
"targetName" "TORRENS_CORIDOOR_LIGHT_BOTTOM_8"
"volumetric" "1"
"volumetricCookies" "1"
"volumetricIntensityBoost" "9.25"
"ENABLE_FALLOFF" "1"
"client_server" "ClientSide"
"excludeDedicated" "Off"
"falloffdistance" "12"
"lightingstate1" "1"
"lightingstate2" "1"
"lightingstate3" "1"
"penumbraRadius" "1.5"
"shadowUpdate" "Never"
"shadowmapScale" "1"
"volumetricSampleCount" "8"
"spawnflags" "68"
}
// entity 33
{
guid "{5A8DF6C2-E72B-11E7-A56C-0015833D0A57}"
"classname" "light"
"PRIMARY_NOSHADOWMAP" "0"
"PRIMARY_TYPE" "PRIMARY_SPOT"
"_color" "0.7344 0.8821 0.9961"
"angles" "344.599 0 0"
"bake_intensity_scale" "5.00000005960464"
"cut_on" "14"
"def_scroll" "0.5 0.1"
"def_tile" "0 0"
"falloffdistance" "4"
"far_edge" "0.2"
"fov_outer" "91"
"lightingstate4" "0"
"name" "light_005"
"origin" "-26201 -13916 11835.5"
"radius" "131"
"roundness" "0"
"stops" "14.6000000163913"
"superellipse" "0.05 0.72 0.31 0.36"
"targetName" "TORRENS_CORIDOOR_LIGHT_TOP_8"
"volumetricIntensityBoost" "9.25"
"ENABLE_FALLOFF" "1"
"client_server" "ClientSide"
"excludeDedicated" "Off"
"lightingstate1" "1"
"lightingstate2" "1"
"lightingstate3" "1"
"penumbraRadius" "1.5"
"shadowUpdate" "Never"
"shadowmapScale" "1"
"volumetricSampleCount" "8"
"spawnflags" "68"
}
// entity 34
{
guid "{5A8DF6D3-E72B-11E7-A56C-0015833D0A57}"
"classname" "misc_model"
"angles" "-36 180 0"
"model" "torrens_light_spot"
"modelscale" "2.5"
"origin" "-26292.3 -13780 11828"
"lightingstate1" "1"
"lightingstate2" "1"
"lightingstate3" "1"
"lightingstate4" "1"
"static" "1"
}
// entity 35
{
guid "{5A8DF6D6-E72B-11E7-A56C-0015833D0A57}"
"classname" "light"
"PRIMARY_NOSHADOWMAP" "0"
"PRIMARY_TYPE" "PRIMARY_SPOT"
"_color" "0.7344 0.8821 0.9961"
"angles" "36 180 0"
"bake_intensity_scale" "5.00000005960464"
"def_scroll" "0.5 0.1"
"def_tile" "0 0"
"far_edge" "0.199999988079071"
"fov_outer" "91"
"lightingstate4" "0"
"name" "light_004"
"origin" "-26295.5 -13780 11836"
"radius" "131"
"roundness" "0"
"stops" "16.2999999925494"
"superellipse" "0.05 0.32 0.19 0.64"
"targetName" "TORRENS_CORIDOOR_LIGHT_BOTTOM_9"
"volumetric" "1"
"volumetricCookies" "1"
"volumetricIntensityBoost" "9.25"
"ENABLE_FALLOFF" "1"
"client_server" "ClientSide"
"excludeDedicated" "Off"
"falloffdistance" "12"
"lightingstate1" "1"
"lightingstate2" "1"
"lightingstate3" "1"
"penumbraRadius" "1.5"
"shadowUpdate" "Never"
"shadowmapScale" "1"
"volumetricSampleCount" "8"
"spawnflags" "68"
}
// entity 36
{
guid "{5A8DF6D9-E72B-11E7-A56C-0015833D0A57}"
"classname" "light"
"PRIMARY_NOSHADOWMAP" "0"
"PRIMARY_TYPE" "PRIMARY_SPOT"
"_color" "0.7344 0.8821 0.9961"
"angles" "344.599 180 -1.3302e-006"
"bake_intensity_scale" "5.00000005960464"
"cut_on" "14"
"def_scroll" "0.5 0.1"
"def_tile" "0 0"
"falloffdistance" "4"
"far_edge" "0.2"
"fov_outer" "91"
"lightingstate4" "0"
"name" "light_005"
"origin" "-26288.8 -13780.3 11835.5"
"radius" "131"
"roundness" "0"
"stops" "14.6000000163913"
"superellipse" "0.05 0.72 0.31 0.36"
"targetName" "TORRENS_CORIDOOR_LIGHT_TOP_9"
"volumetricIntensityBoost" "9.25"
"ENABLE_FALLOFF" "1"
"client_server" "ClientSide"
"excludeDedicated" "Off"
"lightingstate1" "1"
"lightingstate2" "1"
"lightingstate3" "1"
"penumbraRadius" "1.5"
"shadowUpdate" "Never"
"shadowmapScale" "1"
"volumetricSampleCount" "8"
"spawnflags" "68"
}
// entity 37
{
guid "{5A8DF6EA-E72B-11E7-A56C-0015833D0A57}"
"classname" "misc_model"
"angles" "-36 180 0"
"model" "torrens_light_spot"
"modelscale" "2.5"
"origin" "-26292.3 -13916 11828"
"lightingstate1" "1"
"lightingstate2" "1"
"lightingstate3" "1"
"lightingstate4" "1"
"static" "1"
}
// entity 38
{
guid "{5A8DF6ED-E72B-11E7-A56C-0015833D0A57}"
"classname" "light"
"PRIMARY_NOSHADOWMAP" "0"
"PRIMARY_TYPE" "PRIMARY_SPOT"
"_color" "0.7344 0.8821 0.9961"
"angles" "36 180 0"
"bake_intensity_scale" "5.00000005960464"
"def_scroll" "0.5 0.1"
"def_tile" "0 0"
"far_edge" "0.199999988079071"
"fov_outer" "91"
"lightingstate4" "0"
"name" "light_004"
"origin" "-26295.5 -13916 11836"
"radius" "131"
"roundness" "0"
"stops" "16.2999999925494"
"superellipse" "0.05 0.32 0.19 0.64"
"targetName" "TORRENS_CORIDOOR_LIGHT_BOTTOM_7"
"volumetric" "1"
"volumetricCookies" "1"
"volumetricIntensityBoost" "9.25"
"ENABLE_FALLOFF" "1"
"client_server" "ClientSide"
"excludeDedicated" "Off"
"falloffdistance" "12"
"lightingstate1" "1"
"lightingstate2" "1"
"lightingstate3" "1"
"penumbraRadius" "1.5"
"shadowUpdate" "Never"
"shadowmapScale" "1"
"volumetricSampleCount" "8"
"spawnflags" "68"
}
// entity 39
{
guid "{5A8DF6F0-E72B-11E7-A56C-0015833D0A57}"
"classname" "light"
"PRIMARY_NOSHADOWMAP" "0"
"PRIMARY_TYPE" "PRIMARY_SPOT"
"_color" "0.7344 0.8821 0.9961"
"angles" "344.599 180 -1.3302e-006"
"bake_intensity_scale" "5.00000005960464"
"cut_on" "14"
"def_scroll" "0.5 0.1"
"def_tile" "0 0"
"falloffdistance" "4"
"far_edge" "0.2"
"fov_outer" "91"
"lightingstate4" "0"
"name" "light_005"
"origin" "-26288.8 -13916.3 11835.5"
"radius" "131"
"roundness" "0"
"stops" "14.6000000163913"
"superellipse" "0.05 0.72 0.31 0.36"
"targetName" "TORRENS_CORIDOOR_LIGHT_TOP_7"
"volumetricIntensityBoost" "9.25"
"ENABLE_FALLOFF" "1"
"client_server" "ClientSide"
"excludeDedicated" "Off"
"lightingstate1" "1"
"lightingstate2" "1"
"lightingstate3" "1"
"penumbraRadius" "1.5"
"shadowUpdate" "Never"
"shadowmapScale" "1"
"volumetricSampleCount" "8"
"spawnflags" "68"
}
// entity 40
{
guid "{5A8DF701-E72B-11E7-A56C-0015833D0A57}"
"classname" "misc_model"
"angles" "-36 180 0"
"model" "torrens_light_spot"
"modelscale" "2.5"
"origin" "-26292.3 -13624.5 11828"
"lightingstate1" "1"
"lightingstate2" "1"
"lightingstate3" "1"
"lightingstate4" "1"
"static" "1"
}
// entity 41
{
guid "{5A8DF704-E72B-11E7-A56C-0015833D0A57}"
"classname" "light"
"PRIMARY_NOSHADOWMAP" "0"
"PRIMARY_TYPE" "PRIMARY_SPOT"
"_color" "0.7344 0.8821 0.9961"
"angles" "36 180 0"
"bake_intensity_scale" "5.00000005960464"
"def_scroll" "0.5 0.1"
"def_tile" "0 0"
"far_edge" "0.199999988079071"
"fov_outer" "91"
"lightingstate4" "0"
"name" "light_004"
"origin" "-26295.5 -13624.5 11836"
"radius" "131"
"roundness" "0"
"stops" "16.2999999925494"
"superellipse" "0.05 0.32 0.19 0.64"
"targetName" "TORRENS_CORIDOOR_LIGHT_BOTTOM_11"
"volumetric" "1"
"volumetricCookies" "1"
"volumetricIntensityBoost" "9.25"
"ENABLE_FALLOFF" "1"
"client_server" "ClientSide"
"excludeDedicated" "Off"
"falloffdistance" "12"
"lightingstate1" "1"
"lightingstate2" "1"
"lightingstate3" "1"
"penumbraRadius" "1.5"
"shadowUpdate" "Never"
"shadowmapScale" "1"
"volumetricSampleCount" "8"
"spawnflags" "68"
}
// entity 42
{
guid "{5A8DF707-E72B-11E7-A56C-0015833D0A57}"
"classname" "light"
"PRIMARY_NOSHADOWMAP" "0"
"PRIMARY_TYPE" "PRIMARY_SPOT"
"_color" "0.7344 0.8821 0.9961"
"angles" "344.599 180 -1.3302e-006"
"bake_intensity_scale" "5.00000005960464"
"cut_on" "14"
"def_scroll" "0.5 0.1"
"def_tile" "0 0"
"falloffdistance" "4"
"far_edge" "0.2"
"fov_outer" "91"
"lightingstate4" "0"
"name" "light_005"
"origin" "-26288.8 -13624.8 11835.5"
"radius" "131"
"roundness" "0"
"stops" "14.6000000163913"
"superellipse" "0.05 0.72 0.31 0.36"
"targetName" "TORRENS_CORIDOOR_LIGHT_TOP_11"
"volumetricIntensityBoost" "9.25"
"ENABLE_FALLOFF" "1"
"client_server" "ClientSide"
"excludeDedicated" "Off"
"lightingstate1" "1"
"lightingstate2" "1"
"lightingstate3" "1"
"penumbraRadius" "1.5"
"shadowUpdate" "Never"
"shadowmapScale" "1"
"volumetricSampleCount" "8"
"spawnflags" "68"
}
// entity 43
{
guid "{5A8DF718-E72B-11E7-A56C-0015833D0A57}"
"classname" "misc_model"
"angles" "-36 180 0"
"model" "torrens_light_spot"
"modelscale" "2.5"
"origin" "-26292.3 -13488.5 11828"
"lightingstate1" "1"
"lightingstate2" "1"
"lightingstate3" "1"
"lightingstate4" "1"
"static" "1"
}
// entity 44
{
guid "{5A8DF71B-E72B-11E7-A56C-0015833D0A57}"
"classname" "light"
"PRIMARY_NOSHADOWMAP" "0"
"PRIMARY_TYPE" "PRIMARY_SPOT"
"_color" "0.7344 0.8821 0.9961"
"angles" "36 180 0"
"bake_intensity_scale" "5.00000005960464"
"def_scroll" "0.5 0.1"
"def_tile" "0 0"
"far_edge" "0.199999988079071"
"fov_outer" "91"
"lightingstate4" "0"
"name" "light_004"
"origin" "-26295.5 -13488.5 11836"
"radius" "131"
"roundness" "0"
"stops" "16.2999999925494"
"superellipse" "0.05 0.32 0.19 0.64"
"targetName" "TORRENS_CORIDOOR_LIGHT_BOTTOM_13"
"volumetric" "1"
"volumetricCookies" "1"
"volumetricIntensityBoost" "9.25"
"ENABLE_FALLOFF" "1"
"client_server" "ClientSide"
"excludeDedicated" "Off"
"falloffdistance" "12"
"lightingstate1" "1"
"lightingstate2" "1"
"lightingstate3" "1"
"penumbraRadius" "1.5"
"shadowUpdate" "Never"
"shadowmapScale" "1"
"volumetricSampleCount" "8"
"spawnflags" "68"
}
// entity 45
{
guid "{5A8DF71E-E72B-11E7-A56C-0015833D0A57}"
"classname" "light"
"PRIMARY_NOSHADOWMAP" "0"
"PRIMARY_TYPE" "PRIMARY_SPOT"
"_color" "0.7344 0.8821 0.9961"
"angles" "344.599 180 -1.3302e-006"
"bake_intensity_scale" "5.00000005960464"
"cut_on" "14"
"def_scroll" "0.5 0.1"
"def_tile" "0 0"
"falloffdistance" "4"
"far_edge" "0.2"
"fov_outer" "91"
"lightingstate4" "0"
"name" "light_005"
"origin" "-26288.8 -13488.8 11835.5"
"radius" "131"
"roundness" "0"
"stops" "14.6000000163913"
"superellipse" "0.05 0.72 0.31 0.36"
"targetName" "TORRENS_CORIDOOR_LIGHT_TOP_13"
"volumetricIntensityBoost" "9.25"
"ENABLE_FALLOFF" "1"
"client_server" "ClientSide"
"excludeDedicated" "Off"
"lightingstate1" "1"
"lightingstate2" "1"
"lightingstate3" "1"
"penumbraRadius" "1.5"
"shadowUpdate" "Never"
"shadowmapScale" "1"
"volumetricSampleCount" "8"
"spawnflags" "68"
}
// entity 46
{
guid "{5A8DF72F-E72B-11E7-A56C-0015833D0A57}"
"classname" "misc_model"
"angles" "324 0 0"
"model" "torrens_light_spot"
"modelscale" "2.5"
"origin" "-26197.5 -13488.8 11828"
"lightingstate1" "1"
"lightingstate2" "1"
"lightingstate3" "1"
"lightingstate4" "1"
"static" "1"
}
// entity 47
{
guid "{5A8DF732-E72B-11E7-A56C-0015833D0A57}"
"classname" "light"
"PRIMARY_NOSHADOWMAP" "0"
"PRIMARY_TYPE" "PRIMARY_SPOT"
"_color" "0.7344 0.8821 0.9961"
"angles" "36 0 0"
"bake_intensity_scale" "5.00000005960464"
"def_scroll" "0.5 0.1"
"def_tile" "0 0"
"far_edge" "0.199999988079071"
"fov_outer" "91"
"lightingstate4" "0"
"name" "light_004"
"origin" "-26194.3 -13488.8 11836"
"radius" "131"
"roundness" "0"
"stops" "16.2999999925494"
"superellipse" "0.05 0.32 0.19 0.64"
"targetName" "TORRENS_CORIDOOR_LIGHT_BOTTOM_14"
"volumetric" "1"
"volumetricCookies" "1"
"volumetricIntensityBoost" "9.25"
"ENABLE_FALLOFF" "1"
"client_server" "ClientSide"
"excludeDedicated" "Off"
"falloffdistance" "12"
"lightingstate1" "1"
"lightingstate2" "1"
"lightingstate3" "1"
"penumbraRadius" "1.5"
"shadowUpdate" "Never"
"shadowmapScale" "1"
"volumetricSampleCount" "8"
"spawnflags" "68"
}
// entity 48
{
guid "{5A8DF735-E72B-11E7-A56C-0015833D0A57}"
"classname" "light"
"PRIMARY_NOSHADOWMAP" "0"
"PRIMARY_TYPE" "PRIMARY_SPOT"
"_color" "0.7344 0.8821 0.9961"
"angles" "344.599 0 0"
"bake_intensity_scale" "5.00000005960464"
"cut_on" "14"
"def_scroll" "0.5 0.1"
"def_tile" "0 0"
"falloffdistance" "4"
"far_edge" "0.2"
"fov_outer" "91"
"lightingstate4" "0"
"name" "light_005"
"origin" "-26201 -13488.5 11835.5"
"radius" "131"
"roundness" "0"
"stops" "14.6000000163913"
"superellipse" "0.05 0.72 0.31 0.36"
"targetName" "TORRENS_CORIDOOR_LIGHT_TOP_14"
"volumetricIntensityBoost" "9.25"
"ENABLE_FALLOFF" "1"
"client_server" "ClientSide"
"excludeDedicated" "Off"
"lightingstate1" "1"
"lightingstate2" "1"
"lightingstate3" "1"
"penumbraRadius" "1.5"
"shadowUpdate" "Never"
"shadowmapScale" "1"
"volumetricSampleCount" "8"
"spawnflags" "68"
}
// entity 49
{
guid "{5A8DF746-E72B-11E7-A56C-0015833D0A57}"
"classname" "misc_model"
"angles" "324 0 0"
"model" "torrens_light_spot"
"modelscale" "2.5"
"origin" "-26197.5 -13624.8 11828"
"lightingstate1" "1"
"lightingstate2" "1"
"lightingstate3" "1"
"lightingstate4" "1"
"static" "1"
}
// entity 50
{
guid "{5A8DF749-E72B-11E7-A56C-0015833D0A57}"
"classname" "light"
"PRIMARY_NOSHADOWMAP" "0"
"PRIMARY_TYPE" "PRIMARY_SPOT"
"_color" "0.7344 0.8821 0.9961"
"angles" "36 0 0"
"bake_intensity_scale" "5.00000005960464"
"def_scroll" "0.5 0.1"
"def_tile" "0 0"
"far_edge" "0.199999988079071"
"fov_outer" "91"
"lightingstate4" "0"
"name" "light_004"
"origin" "-26194.3 -13624.8 11836"
"radius" "131"
"roundness" "0"
"stops" "16.2999999925494"
"superellipse" "0.05 0.32 0.19 0.64"
"targetName" "TORRENS_CORIDOOR_LIGHT_BOTTOM_12"
"volumetric" "1"
"volumetricCookies" "1"
"volumetricIntensityBoost" "9.25"
"ENABLE_FALLOFF" "1"
"client_server" "ClientSide"
"excludeDedicated" "Off"
"falloffdistance" "12"
"lightingstate1" "1"
"lightingstate2" "1"
"lightingstate3" "1"
"penumbraRadius" "1.5"
"shadowUpdate" "Never"
"shadowmapScale" "1"
"volumetricSampleCount" "8"
"spawnflags" "68"
}
// entity 51
{
guid "{5A8DF74C-E72B-11E7-A56C-0015833D0A57}"
"classname" "light"
"PRIMARY_NOSHADOWMAP" "0"
"PRIMARY_TYPE" "PRIMARY_SPOT"
"_color" "0.7344 0.8821 0.9961"
"angles" "344.599 0 0"
"bake_intensity_scale" "5.00000005960464"
"cut_on" "14"
"def_scroll" "0.5 0.1"
"def_tile" "0 0"
"falloffdistance" "4"
"far_edge" "0.2"
"fov_outer" "91"
"lightingstate4" "0"
"name" "light_005"
"origin" "-26201 -13624.5 11835.5"
"radius" "131"
"roundness" "0"
"stops" "14.6000000163913"
"superellipse" "0.05 0.72 0.31 0.36"
"targetName" "TORRENS_CORIDOOR_LIGHT_TOP_12"
"volumetricIntensityBoost" "9.25"
"ENABLE_FALLOFF" "1"
"client_server" "ClientSide"
"excludeDedicated" "Off"
"lightingstate1" "1"
"lightingstate2" "1"
"lightingstate3" "1"
"penumbraRadius" "1.5"
"shadowUpdate" "Never"
"shadowmapScale" "1"
"volumetricSampleCount" "8"
"spawnflags" "68"
}
