iwmap 4
"script_startingnumber" 0
"000_Global" flags  active
"The Map" flags expanded 
// entity 0
{
guid "{CD881425-C69D-11E6-9C62-14DDA9E204AF}"
"classname" "worldspawn"
"lightingquality" "1024"
"samplescale" "1"
"skyboxmodel" "skybox_default_day"
"ssi" "default_day"
"wsi" "default_day"
"fsi" "default"
"gravity" "800"
"lodbias" "default"
"lutmaterial" "luts_t7_default"
"numOmniShadowSlices" "24"
"numSpotShadowSlices" "64"
"sky_intensity_factor0" "1"
"sky_intensity_factor1" "1"
"state_alias_1" "State 1"
"state_alias_2" "State 2"
"state_alias_3" "State 3"
"state_alias_4" "State 4"
}
// entity 1
{
guid "{EA66CAFB-8987-11E6-9C40-14DDA9E204AF}"
"classname" "misc_model"
"angles" "0 -112 0"
"model" "shop_front"
"modelscale" "2"
"origin" "-251 -141 0"
"lightingstate1" "1"
"lightingstate2" "1"
"lightingstate3" "1"
"lightingstate4" "1"
"static" "1"
}
// entity 2
{
guid "{3CD5ADA9-8CA1-11E6-9C41-14DDA9E204AF}"
"classname" "misc_model"
"angles" "0 158 0"
"model" "shop_banner_game"
"modelscale" "1.60000002384186"
"origin" "-242.7 -144 112"
"lightingstate1" "1"
"lightingstate2" "1"
"lightingstate3" "1"
"lightingstate4" "1"
"static" "1"
}
// entity 3
{
guid "{0EB8A011-8F1E-11E6-9C42-14DDA9E204AF}"
"classname" "misc_model"
"angles" "0 90.5 0"
"model" "gameroom_door"
"modelscale" "2"
"origin" "-330 -131 0"
"lightingstate1" "1"
"lightingstate2" "1"
"lightingstate3" "1"
"lightingstate4" "1"
"static" "1"
}
// entity 4
{
guid "{9438C491-8F1F-11E6-9C42-14DDA9E204AF}"
"classname" "misc_model"
"angles" "0 90.5 0"
"model" "gameroom_floor"
"modelscale" "2"
"origin" "-378 -195.25 0"
"lightingstate1" "1"
"lightingstate2" "1"
"lightingstate3" "1"
"lightingstate4" "1"
"static" "1"
}
// entity 5
{
guid "{AA66FD5D-8F1F-11E6-9C42-14DDA9E204AF}"
"classname" "misc_model"
"angles" "0 90.5 0"
"model" "gameroom_floor"
"modelscale" "2"
"origin" "-379 -67.5 0"
"lightingstate1" "1"
"lightingstate2" "1"
"lightingstate3" "1"
"lightingstate4" "1"
"static" "1"
}
// entity 6
{
guid "{E5A3DC14-8F20-11E6-9C42-14DDA9E204AF}"
"classname" "misc_model"
"angles" "0 90.5 0"
"model" "gameroom_floor"
"modelscale" "2"
"origin" "-475 -196.25 0"
"lightingstate1" "1"
"lightingstate2" "1"
"lightingstate3" "1"
"lightingstate4" "1"
"static" "1"
}
// entity 7
{
guid "{E5A3DC17-8F20-11E6-9C42-14DDA9E204AF}"
"classname" "misc_model"
"angles" "0 90.5 0"
"model" "gameroom_floor"
"modelscale" "2"
"origin" "-476 -68.5 0"
"lightingstate1" "1"
"lightingstate2" "1"
"lightingstate3" "1"
"lightingstate4" "1"
"static" "1"
}
// entity 8
{
guid "{EC603D83-8F20-11E6-9C42-14DDA9E204AF}"
"classname" "misc_model"
"angles" "0 90.5 0"
"model" "gameroom_floor"
"modelscale" "2"
"origin" "-569.25 -197.25 0"
"lightingstate1" "1"
"lightingstate2" "1"
"lightingstate3" "1"
"lightingstate4" "1"
"static" "1"
}
// entity 9
{
guid "{EC603D86-8F20-11E6-9C42-14DDA9E204AF}"
"classname" "misc_model"
"angles" "0 90.5 0"
"model" "gameroom_floor"
"modelscale" "2"
"origin" "-570.25 -69.5 0"
"lightingstate1" "1"
"lightingstate2" "1"
"lightingstate3" "1"
"lightingstate4" "1"
"static" "1"
}
// entity 10
{
guid "{0CCA5A27-8F21-11E6-9C42-14DDA9E204AF}"
"classname" "misc_model"
"angles" "0 180 0"
"model" "gameroom_wall"
"modelscale" "2"
"origin" "-284 -8 0"
"lightingstate1" "1"
"lightingstate2" "1"
"lightingstate3" "1"
"lightingstate4" "1"
"static" "1"
}
// entity 11
{
guid "{7D7D2773-8F21-11E6-9C42-14DDA9E204AF}"
"classname" "misc_model"
"model" "gameroom_wall_generator"
"modelscale" "2"
"origin" "-378 -260 0"
"lightingstate1" "1"
"lightingstate2" "1"
"lightingstate3" "1"
"lightingstate4" "1"
"static" "1"
}
// entity 12
{
guid "{BE1BAC5D-8F25-11E6-9C42-14DDA9E204AF}"
"classname" "misc_model"
"angles" "0 90 0"
"model" "gameroom_wall_filler_angle"
"modelscale" "2"
"origin" "-237 -10 0"
"lightingstate1" "1"
"lightingstate2" "1"
"lightingstate3" "1"
"lightingstate4" "1"
"static" "1"
}
// entity 13
{
guid "{8D62BDE2-8F26-11E6-9C42-14DDA9E204AF}"
"classname" "misc_model"
"model" "gameroom_wall"
"modelscale" "2"
"origin" "-569 -261 0"
"lightingstate1" "1"
"lightingstate2" "1"
"lightingstate3" "1"
"lightingstate4" "1"
"static" "1"
}
// entity 14
{
guid "{8D62BDE5-8F26-11E6-9C42-14DDA9E204AF}"
"classname" "misc_model"
"angles" "0 90 0"
"model" "gameroom_wall_filler"
"modelscale" "2"
"origin" "-426 -261 0"
"lightingstate1" "1"
"lightingstate2" "1"
"lightingstate3" "1"
"lightingstate4" "1"
"static" "1"
}
// entity 15
{
guid "{8D62BDE8-8F26-11E6-9C42-14DDA9E204AF}"
"classname" "misc_model"
"model" "gameroom_wall"
"modelscale" "2"
"origin" "-473 -261 0"
"lightingstate1" "1"
"lightingstate2" "1"
"lightingstate3" "1"
"lightingstate4" "1"
"static" "1"
}
// entity 16
{
guid "{8D62BDEB-8F26-11E6-9C42-14DDA9E204AF}"
"classname" "misc_model"
"angles" "0 90 0"
"model" "gameroom_wall_filler"
"modelscale" "2"
"origin" "-521 -261 0"
"lightingstate1" "1"
"lightingstate2" "1"
"lightingstate3" "1"
"lightingstate4" "1"
"static" "1"
}
// entity 17
{
guid "{8D62BE02-8F26-11E6-9C42-14DDA9E204AF}"
"classname" "misc_model"
"angles" "0 180 0"
"model" "gameroom_wall"
"modelscale" "2"
"origin" "-379 -8 0"
"lightingstate1" "1"
"lightingstate2" "1"
"lightingstate3" "1"
"lightingstate4" "1"
"static" "1"
}
// entity 18
{
guid "{8D62BE05-8F26-11E6-9C42-14DDA9E204AF}"
"classname" "misc_model"
"angles" "0 270 0"
"model" "gameroom_wall_filler"
"modelscale" "2"
"origin" "-331 -8 0"
"lightingstate1" "1"
"lightingstate2" "1"
"lightingstate3" "1"
"lightingstate4" "1"
"static" "1"
}
// entity 19
{
guid "{8D62BE08-8F26-11E6-9C42-14DDA9E204AF}"
"classname" "misc_model"
"angles" "0 180 0"
"model" "gameroom_wall"
"modelscale" "2"
"origin" "-475 -8 0"
"lightingstate1" "1"
"lightingstate2" "1"
"lightingstate3" "1"
"lightingstate4" "1"
"static" "1"
}
// entity 20
{
guid "{8D62BE0B-8F26-11E6-9C42-14DDA9E204AF}"
"classname" "misc_model"
"angles" "0 270 0"
"model" "gameroom_wall_filler"
"modelscale" "2"
"origin" "-427 -8 0"
"lightingstate1" "1"
"lightingstate2" "1"
"lightingstate3" "1"
"lightingstate4" "1"
"static" "1"
}
// entity 21
{
guid "{8D62BE0E-8F26-11E6-9C42-14DDA9E204AF}"
"classname" "misc_model"
"angles" "0 180 0"
"model" "gameroom_wall"
"modelscale" "2"
"origin" "-571 -8 0"
"lightingstate1" "1"
"lightingstate2" "1"
"lightingstate3" "1"
"lightingstate4" "1"
"static" "1"
}
// entity 22
{
guid "{8D62BE11-8F26-11E6-9C42-14DDA9E204AF}"
"classname" "misc_model"
"angles" "0 270 0"
"model" "gameroom_wall_filler"
"modelscale" "2"
"origin" "-523 -8 0"
"lightingstate1" "1"
"lightingstate2" "1"
"lightingstate3" "1"
"lightingstate4" "1"
"static" "1"
}
// entity 23
{
guid "{D3CF5B44-8F26-11E6-9C42-14DDA9E204AF}"
"classname" "misc_prefab"
"model" "_prefabs/temp_prefab6.map"
"origin" "0 -2.1 0"
}
// entity 24
{
guid "{313A5832-8F27-11E6-9C42-14DDA9E204AF}"
"classname" "misc_model"
"model" "gameroom_wall_filler_angle"
"modelscale" "2"
"origin" "-332 -258 0"
"lightingstate1" "1"
"lightingstate2" "1"
"lightingstate3" "1"
"lightingstate4" "1"
"static" "1"
}
// entity 25
{
guid "{B468ADA1-8F27-11E6-9C42-14DDA9E204AF}"
"classname" "misc_model"
"angles" "0 180 0"
"model" "gameroom_wall_filler_angle"
"modelscale" "2"
"origin" "-617 -10 0"
"lightingstate1" "1"
"lightingstate2" "1"
"lightingstate3" "1"
"lightingstate4" "1"
"static" "1"
}
// entity 26
{
guid "{C9436494-8F27-11E6-9C42-14DDA9E204AF}"
"classname" "misc_model"
"angles" "0 270 0"
"model" "gameroom_wall"
"modelscale" "2"
"origin" "-619 -56 0"
"lightingstate1" "1"
"lightingstate2" "1"
"lightingstate3" "1"
"lightingstate4" "1"
"static" "1"
}
// entity 27
{
guid "{E0B98783-8F27-11E6-9C42-14DDA9E204AF}"
"classname" "misc_model"
"angles" "0 270 0"
"model" "gameroom_wall_filler_angle"
"modelscale" "2"
"origin" "-615 -259 0"
"lightingstate1" "1"
"lightingstate2" "1"
"lightingstate3" "1"
"lightingstate4" "1"
"static" "1"
}
// entity 28
{
guid "{F8B5E6A2-8F27-11E6-9C42-14DDA9E204AF}"
"classname" "misc_model"
"angles" "0 270 0"
"model" "gameroom_wall"
"modelscale" "2"
"origin" "-618 -212 0"
"lightingstate1" "1"
"lightingstate2" "1"
"lightingstate3" "1"
"lightingstate4" "1"
"static" "1"
}
// entity 29
{
guid "{069208BE-8F28-11E6-9C42-14DDA9E204AF}"
"classname" "misc_model"
"model" "gameroom_wall_filler"
"modelscale" "2"
"origin" "-617 -165 0"
"lightingstate1" "1"
"lightingstate2" "1"
"lightingstate3" "1"
"lightingstate4" "1"
"static" "1"
}
// entity 30
{
guid "{1513455E-8F28-11E6-9C42-14DDA9E204AF}"
"classname" "misc_model"
"model" "gameroom_wall_filler"
"modelscale" "2"
"origin" "-617 -103 0"
"lightingstate1" "1"
"lightingstate2" "1"
"lightingstate3" "1"
"lightingstate4" "1"
"static" "1"
}
// entity 31
{
guid "{E4EE75AF-8F28-11E6-9C42-14DDA9E204AF}"
"classname" "misc_model"
"angles" "0 270 0"
"model" "gameroom_wall_small"
"modelscale" "2"
"origin" "-618 -134 0"
"lightingstate1" "1"
"lightingstate2" "1"
"lightingstate3" "1"
"lightingstate4" "1"
"static" "1"
}
// entity 32
{
guid "{603E68BA-9845-11E6-9C47-14DDA9E204AF}"
"classname" "misc_prefab"
"angles" "0 0 -45.0007"
"model" "_prefabs/zm_alien_isolation/lights/gameroom_lights.map"
"origin" "-278 -28.867 112.721"
}
// entity 33
{
guid "{C77CFA98-9845-11E6-9C47-14DDA9E204AF}"
"classname" "misc_prefab"
"angles" "0 0 -45.0007"
"model" "_prefabs/zm_alien_isolation/lights/gameroom_lights.map"
"origin" "-373 -28.867 112.721"
}
// entity 34
{
guid "{DD7049D8-9845-11E6-9C47-14DDA9E204AF}"
"classname" "misc_prefab"
"angles" "0 0 -45.0007"
"model" "_prefabs/zm_alien_isolation/lights/gameroom_lights.map"
"origin" "-469 -28.867 112.721"
}
// entity 35
{
guid "{FDCD8513-9845-11E6-9C47-14DDA9E204AF}"
"classname" "misc_prefab"
"angles" "0 0 -45.0007"
"model" "_prefabs/zm_alien_isolation/lights/gameroom_lights.map"
"origin" "-565 -28.867 112.721"
}
// entity 36
{
guid "{2D07747F-9846-11E6-9C47-14DDA9E204AF}"
"classname" "misc_prefab"
"angles" "0 90 -45.001"
"model" "_prefabs/zm_alien_isolation/lights/gameroom_lights.map"
"origin" "-598 -49.867 112.721"
}
// entity 37
{
guid "{42F24788-9846-11E6-9C47-14DDA9E204AF}"
"classname" "misc_prefab"
"angles" "0 90 -45.001"
"model" "_prefabs/zm_alien_isolation/lights/gameroom_lights.map"
"origin" "-597.75 -127.867 112.721"
}
// entity 38
{
guid "{5592919A-9846-11E6-9C47-14DDA9E204AF}"
"classname" "misc_prefab"
"angles" "0 90 -45.001"
"model" "_prefabs/zm_alien_isolation/lights/gameroom_lights.map"
"origin" "-597 -205.867 112.721"
}
// entity 39
{
guid "{034B21ED-9847-11E6-9C47-14DDA9E204AF}"
"classname" "misc_prefab"
"angles" "0 -180 -45.001"
"model" "_prefabs/zm_alien_isolation/lights/gameroom_lights.map"
"origin" "-575 -239.867 112.721"
}
// entity 40
{
guid "{1D237FD6-9847-11E6-9C47-14DDA9E204AF}"
"classname" "misc_prefab"
"angles" "0 -180 -45.001"
"model" "_prefabs/zm_alien_isolation/lights/gameroom_lights.map"
"origin" "-480 -239.867 112.721"
}
// entity 41
{
guid "{338BA2D6-9847-11E6-9C47-14DDA9E204AF}"
"classname" "misc_prefab"
"angles" "0 -180 -45.001"
"model" "_prefabs/zm_alien_isolation/lights/gameroom_lights.map"
"origin" "-386 -239.867 112.721"
}
// entity 42
{
guid "{C8C3BE7B-C082-11E6-9C56-14DDA9E204AF}"
"classname" "script_model"
"model" "generator_handle"
"modelscale" "2"
"origin" "-390.5 -267 42.25"
"targetname" "generator_handle_effect"
"_color" "1 0 0"
"client_server" "ServerSide"
"lightingstate1" "1"
"lightingstate2" "1"
"lightingstate3" "1"
"lightingstate4" "1"
"shadow_casting" "1"
}
// entity 43
{
guid "{54979AE6-8F33-11E6-9C42-14DDA9E204AF}"
"classname" "misc_model"
"model" "generator_wall"
"modelscale" "2"
"origin" "-377.75 -274 -7.75"
"lightingstate1" "1"
"lightingstate2" "1"
"lightingstate3" "1"
"lightingstate4" "1"
"static" "1"
}
// entity 44
{
guid "{983D23E6-C085-11E6-9C56-14DDA9E204AF}"
"classname" "misc_model"
"model" "generator_handle_holder"
"modelscale" "2"
"origin" "-388.9 -269 -7.75"
"lightingstate1" "1"
"lightingstate2" "1"
"lightingstate3" "1"
"lightingstate4" "1"
"static" "1"
}
